# Attempt: 0 of 2
# Concurrency: 150
# Docker exit code: 0
# Timestamp: 2026-03-18T14:54:04Z
---
[0;32m[INFO][0m === Benchmark Mode ===
[0;32m[INFO][0m Site config:       60c1s5r5p.yml
[0;32m[INFO][0m Mode config:       none_zookeeper.yml
[0;32m[INFO][0m Client config:     client_open.yml
[0;32m[INFO][0m Concurrent config: concurrent_150.yml
[0;32m[INFO][0m Latency:           20ms +/- 0ms
[0;32m[INFO][0m Duration:          30s
[0;32m[INFO][0m Starting 3-node ZooKeeper ensemble...
[0;32m[INFO][0m   Node myid=3: ip=127.0.0.1, port=2181, pid=26
[0;32m[INFO][0m   Node myid=2: ip=127.0.0.2, port=2182, pid=90
[0;32m[INFO][0m   Node myid=1: ip=127.0.0.3, port=2183, pid=162
[0;32m[INFO][0m Waiting for ZooKeeper ensemble to stabilize...
[0;32m[INFO][0m ZooKeeper ensemble ready (leader at 127.0.0.1)
[0;32m[INFO][0m Setting up latency: 20ms +/- 0ms
[0;32m[INFO][0m   127.0.0.2: 20ms +/- 0ms delay
[0;32m[INFO][0m   127.0.0.3: 20ms +/- 0ms delay
[0;32m[INFO][0m   127.0.0.4: 20ms +/- 0ms delay
[0;32m[INFO][0m   127.0.0.5: 20ms +/- 0ms delay
[0;32m[INFO][0m   ZK peer port 2888: 20ms delay (ZAB replication)
[0;32m[INFO][0m Latency simulation active on loopback
[0;32m[INFO][0m Starting process h1
[0;32m[INFO][0m Starting process h2
[0;32m[INFO][0m Starting process h3
[0;32m[INFO][0m Starting process h4
[0;32m[INFO][0m Starting process h5
[0;32m[INFO][0m Waiting for 5 processes to complete (timeout: 90s)...
[0;32m[INFO][0m --- Benchmark Results ---
[0;32m[INFO][0m   h1: I [../src/deptran/s_main.cc:893] 2026-03-18 14:54:01.913 | All-efficient-attempts           statistics   count    11073   0pct  2100.04  50pct  2154.32  90pct  2177.33  99pct  2195.59    ave  2152.84
[0;32m[INFO][0m   h1: I [../src/deptran/s_main.cc:901] 2026-03-18 14:54:01.921 | All-efficient-attempts           distribution   2100.04  2125.39  2135.46  2142.79  2149.29  2154.32  2158.17  2162.82  2170.49  2177.33  2215.27
[0;32m[INFO][0m   h1: I [../src/deptran/s_main.cc:904] 2026-03-18 14:54:01.926 | Mid throughput is 1107.30
[0;32m[INFO][0m   h1: I [../src/deptran/s_main.cc:905] 2026-03-18 14:54:01.926 | Fastpath statistics attempted 0 successed 0 rate(pct) -nan efficient_successed 0 efficient_rate(pct) -nan
[0;32m[INFO][0m   h1: I [../src/deptran/s_main.cc:919] 2026-03-18 14:54:01.926 | Cpu-usage-leaders ave -1.0000 count 0
[0;32m[INFO][0m   h1: I [../src/deptran/s_main.cc:931] 2026-03-18 14:54:01.926 | Queue-depth ave 4115.1000 count 1
[0;32m[INFO][0m   h2: I [../src/deptran/s_main.cc:893] 2026-03-18 14:54:02.886 | All-efficient-attempts           statistics   count    10961   0pct  2133.25  50pct  2194.13  90pct  2218.91  99pct  2241.73    ave  2193.87
[0;32m[INFO][0m   h2: I [../src/deptran/s_main.cc:901] 2026-03-18 14:54:02.893 | All-efficient-attempts           distribution   2133.25  2166.72  2176.70  2183.98  2189.25  2194.13  2197.90  2202.96  2211.40  2218.91  2255.28
[0;32m[INFO][0m   h2: I [../src/deptran/s_main.cc:904] 2026-03-18 14:54:02.898 | Mid throughput is 1096.10
[0;32m[INFO][0m   h2: I [../src/deptran/s_main.cc:905] 2026-03-18 14:54:02.898 | Fastpath statistics attempted 0 successed 0 rate(pct) -nan efficient_successed 0 efficient_rate(pct) -nan
[0;32m[INFO][0m   h2: I [../src/deptran/s_main.cc:919] 2026-03-18 14:54:02.898 | Cpu-usage-leaders ave -1.0000 count 0
[0;32m[INFO][0m   h2: I [../src/deptran/s_main.cc:931] 2026-03-18 14:54:02.898 | Queue-depth ave 0.0000 count 1
[0;32m[INFO][0m   h3: I [../src/deptran/s_main.cc:893] 2026-03-18 14:54:02.898 | All-efficient-attempts           statistics   count    10990   0pct  2133.90  50pct  2194.38  90pct  2218.58  99pct  2241.48    ave  2193.79
[0;32m[INFO][0m   h3: I [../src/deptran/s_main.cc:901] 2026-03-18 14:54:02.905 | All-efficient-attempts           distribution   2133.90  2167.25  2176.57  2183.84  2189.74  2194.38  2198.30  2202.75  2210.73  2218.58  2255.69
[0;32m[INFO][0m   h3: I [../src/deptran/s_main.cc:904] 2026-03-18 14:54:02.910 | Mid throughput is 1099.00
[0;32m[INFO][0m   h3: I [../src/deptran/s_main.cc:905] 2026-03-18 14:54:02.910 | Fastpath statistics attempted 0 successed 0 rate(pct) -nan efficient_successed 0 efficient_rate(pct) -nan
[0;32m[INFO][0m   h3: I [../src/deptran/s_main.cc:919] 2026-03-18 14:54:02.910 | Cpu-usage-leaders ave -1.0000 count 0
[0;32m[INFO][0m   h3: I [../src/deptran/s_main.cc:931] 2026-03-18 14:54:02.910 | Queue-depth ave 0.0000 count 1
[0;32m[INFO][0m   h4: I [../src/deptran/s_main.cc:893] 2026-03-18 14:54:03.876 | All-efficient-attempts           statistics   count    10979   0pct  2137.39  50pct  2198.81  90pct  2232.05  99pct  2247.73    ave  2199.39
[0;32m[INFO][0m   h4: I [../src/deptran/s_main.cc:901] 2026-03-18 14:54:03.883 | All-efficient-attempts           distribution   2137.39  2167.67  2179.43  2187.95  2194.27  2198.81  2204.22  2211.26  2218.20  2232.05  2257.44
[0;32m[INFO][0m   h4: I [../src/deptran/s_main.cc:904] 2026-03-18 14:54:03.888 | Mid throughput is 1097.90
[0;32m[INFO][0m   h4: I [../src/deptran/s_main.cc:905] 2026-03-18 14:54:03.888 | Fastpath statistics attempted 0 successed 0 rate(pct) -nan efficient_successed 0 efficient_rate(pct) -nan
[0;32m[INFO][0m   h4: I [../src/deptran/s_main.cc:919] 2026-03-18 14:54:03.888 | Cpu-usage-leaders ave -1.0000 count 0
[0;32m[INFO][0m   h4: I [../src/deptran/s_main.cc:931] 2026-03-18 14:54:03.888 | Queue-depth ave 0.0000 count 1
[0;32m[INFO][0m   h5: I [../src/deptran/s_main.cc:893] 2026-03-18 14:54:03.876 | All-efficient-attempts           statistics   count    11004   0pct  2141.16  50pct  2198.61  90pct  2233.05  99pct  2250.01    ave  2199.73
[0;32m[INFO][0m   h5: I [../src/deptran/s_main.cc:901] 2026-03-18 14:54:03.883 | All-efficient-attempts           distribution   2141.16  2168.03  2180.23  2188.60  2194.05  2198.61  2203.90  2211.68  2218.09  2233.05  2255.22
[0;32m[INFO][0m   h5: I [../src/deptran/s_main.cc:904] 2026-03-18 14:54:03.887 | Mid throughput is 1100.40
[0;32m[INFO][0m   h5: I [../src/deptran/s_main.cc:905] 2026-03-18 14:54:03.887 | Fastpath statistics attempted 0 successed 0 rate(pct) -nan efficient_successed 0 efficient_rate(pct) -nan
[0;32m[INFO][0m   h5: I [../src/deptran/s_main.cc:919] 2026-03-18 14:54:03.887 | Cpu-usage-leaders ave -1.0000 count 0
[0;32m[INFO][0m   h5: I [../src/deptran/s_main.cc:931] 2026-03-18 14:54:03.887 | Queue-depth ave 0.0000 count 1
[0;32m[INFO][0m === Benchmark PASSED ===
[0;32m[INFO][0m Cleaning up...
