# Attempt: 0 of 2
# Concurrency: 200
# Docker exit code: 0
# Timestamp: 2026-03-02T21:39:03Z
---
[0;32m[INFO][0m === Benchmark Mode ===
[0;32m[INFO][0m Site config:       60c1s5r5p.yml
[0;32m[INFO][0m Mode config:       none_zookeeper.yml
[0;32m[INFO][0m Client config:     client_open.yml
[0;32m[INFO][0m Concurrent config: concurrent_200.yml
[0;32m[INFO][0m Latency:           20ms +/- 0ms
[0;32m[INFO][0m Duration:          30s
[0;32m[INFO][0m Starting 3-node ZooKeeper ensemble...
[0;32m[INFO][0m   Node myid=3: ip=127.0.0.1, port=2181, pid=26
[0;32m[INFO][0m   Node myid=2: ip=127.0.0.2, port=2182, pid=89
[0;32m[INFO][0m   Node myid=1: ip=127.0.0.3, port=2183, pid=156
[0;32m[INFO][0m Waiting for ZooKeeper ensemble to stabilize...
[0;32m[INFO][0m ZooKeeper ensemble ready (leader at 127.0.0.1)
[0;32m[INFO][0m Setting up latency: 20ms +/- 0ms
[0;32m[INFO][0m   127.0.0.2: 20ms +/- 0ms delay
[0;32m[INFO][0m   127.0.0.3: 20ms +/- 0ms delay
[0;32m[INFO][0m   127.0.0.4: 20ms +/- 0ms delay
[0;32m[INFO][0m   127.0.0.5: 20ms +/- 0ms delay
[0;32m[INFO][0m   ZK peer port 2888: 20ms delay (ZAB replication)
[0;32m[INFO][0m Latency simulation active on loopback
[0;32m[INFO][0m Starting process h1
[0;32m[INFO][0m Starting process h2
[0;32m[INFO][0m Starting process h3
[0;32m[INFO][0m Starting process h4
[0;32m[INFO][0m Starting process h5
[0;32m[INFO][0m Waiting for 5 processes to complete (timeout: 90s)...
[0;32m[INFO][0m --- Benchmark Results ---
[0;32m[INFO][0m   h1: I [../src/deptran/s_main.cc:893] 2026-03-02 21:39:02.494 | All-efficient-attempts           statistics   count    11356   0pct  2076.19  50pct  2130.23  90pct  2151.95  99pct  2162.54    ave  2129.86
[0;32m[INFO][0m   h1: I [../src/deptran/s_main.cc:901] 2026-03-02 21:39:02.501 | All-efficient-attempts           distribution   2076.19  2106.80  2113.73  2118.90  2124.14  2130.23  2136.01  2141.20  2146.14  2151.95  2201.23
[0;32m[INFO][0m   h1: I [../src/deptran/s_main.cc:904] 2026-03-02 21:39:02.506 | Mid throughput is 1135.60
[0;32m[INFO][0m   h1: I [../src/deptran/s_main.cc:905] 2026-03-02 21:39:02.506 | Fastpath statistics attempted 0 successed 0 rate(pct) -nan efficient_successed 0 efficient_rate(pct) -nan
[0;32m[INFO][0m   h1: I [../src/deptran/s_main.cc:919] 2026-03-02 21:39:02.506 | Cpu-usage-leaders ave -1.0000 count 0
[0;32m[INFO][0m   h1: I [../src/deptran/s_main.cc:931] 2026-03-02 21:39:02.506 | Queue-depth ave 4095.0700 count 1
[0;32m[INFO][0m   h2: I [../src/deptran/s_main.cc:893] 2026-03-02 21:39:03.369 | All-efficient-attempts           statistics   count    11241   0pct  2110.65  50pct  2170.87  90pct  2191.97  99pct  2201.37    ave  2169.83
[0;32m[INFO][0m   h2: I [../src/deptran/s_main.cc:901] 2026-03-02 21:39:03.375 | All-efficient-attempts           distribution   2110.65  2146.35  2153.33  2159.42  2165.82  2170.87  2176.59  2180.77  2185.34  2191.97  2249.23
[0;32m[INFO][0m   h2: I [../src/deptran/s_main.cc:904] 2026-03-02 21:39:03.380 | Mid throughput is 1124.10
[0;32m[INFO][0m   h2: I [../src/deptran/s_main.cc:905] 2026-03-02 21:39:03.380 | Fastpath statistics attempted 0 successed 0 rate(pct) -nan efficient_successed 0 efficient_rate(pct) -nan
[0;32m[INFO][0m   h2: I [../src/deptran/s_main.cc:919] 2026-03-02 21:39:03.380 | Cpu-usage-leaders ave -1.0000 count 0
[0;32m[INFO][0m   h2: I [../src/deptran/s_main.cc:931] 2026-03-02 21:39:03.380 | Queue-depth ave 0.0000 count 1
[0;32m[INFO][0m   h3: I [../src/deptran/s_main.cc:893] 2026-03-02 21:39:02.976 | All-efficient-attempts           statistics   count    11140   0pct  2100.70  50pct  2169.20  90pct  2193.66  99pct  2206.43    ave  2168.55
[0;32m[INFO][0m   h3: I [../src/deptran/s_main.cc:901] 2026-03-02 21:39:02.983 | All-efficient-attempts           distribution   2100.70  2144.37  2151.22  2156.54  2162.27  2169.20  2174.24  2179.47  2184.66  2193.66  2253.78
[0;32m[INFO][0m   h3: I [../src/deptran/s_main.cc:904] 2026-03-02 21:39:02.988 | Mid throughput is 1114.00
[0;32m[INFO][0m   h3: I [../src/deptran/s_main.cc:905] 2026-03-02 21:39:02.988 | Fastpath statistics attempted 0 successed 0 rate(pct) -nan efficient_successed 0 efficient_rate(pct) -nan
[0;32m[INFO][0m   h3: I [../src/deptran/s_main.cc:919] 2026-03-02 21:39:02.988 | Cpu-usage-leaders ave -1.0000 count 0
[0;32m[INFO][0m   h3: I [../src/deptran/s_main.cc:931] 2026-03-02 21:39:02.988 | Queue-depth ave 0.0000 count 1
[0;32m[INFO][0m   h4: I [../src/deptran/s_main.cc:893] 2026-03-02 21:39:03.373 | All-efficient-attempts           statistics   count    11210   0pct  2123.44  50pct  2171.52  90pct  2192.67  99pct  2208.89    ave  2170.75
[0;32m[INFO][0m   h4: I [../src/deptran/s_main.cc:901] 2026-03-02 21:39:03.380 | All-efficient-attempts           distribution   2123.44  2147.14  2154.17  2159.84  2166.10  2171.52  2176.78  2182.18  2186.97  2192.67  2245.43
[0;32m[INFO][0m   h4: I [../src/deptran/s_main.cc:904] 2026-03-02 21:39:03.384 | Mid throughput is 1121.00
[0;32m[INFO][0m   h4: I [../src/deptran/s_main.cc:905] 2026-03-02 21:39:03.384 | Fastpath statistics attempted 0 successed 0 rate(pct) -nan efficient_successed 0 efficient_rate(pct) -nan
[0;32m[INFO][0m   h4: I [../src/deptran/s_main.cc:919] 2026-03-02 21:39:03.384 | Cpu-usage-leaders ave -1.0000 count 0
[0;32m[INFO][0m   h4: I [../src/deptran/s_main.cc:931] 2026-03-02 21:39:03.384 | Queue-depth ave 0.0000 count 1
[0;32m[INFO][0m   h5: I [../src/deptran/s_main.cc:893] 2026-03-02 21:39:02.985 | All-efficient-attempts           statistics   count    10952   0pct  2113.04  50pct  2170.41  90pct  2190.39  99pct  2205.63    ave  2169.04
[0;32m[INFO][0m   h5: I [../src/deptran/s_main.cc:901] 2026-03-02 21:39:02.993 | All-efficient-attempts           distribution   2113.04  2145.90  2152.46  2158.30  2164.04  2170.41  2175.72  2179.73  2184.40  2190.39  2244.45
[0;32m[INFO][0m   h5: I [../src/deptran/s_main.cc:904] 2026-03-02 21:39:02.998 | Mid throughput is 1095.20
[0;32m[INFO][0m   h5: I [../src/deptran/s_main.cc:905] 2026-03-02 21:39:02.998 | Fastpath statistics attempted 0 successed 0 rate(pct) -nan efficient_successed 0 efficient_rate(pct) -nan
[0;32m[INFO][0m   h5: I [../src/deptran/s_main.cc:919] 2026-03-02 21:39:02.998 | Cpu-usage-leaders ave -1.0000 count 0
[0;32m[INFO][0m   h5: I [../src/deptran/s_main.cc:931] 2026-03-02 21:39:02.998 | Queue-depth ave 0.0000 count 1
[0;32m[INFO][0m === Benchmark PASSED ===
[0;32m[INFO][0m Cleaning up...
