# Attempt: 0 of 2
# Concurrency: 50
# Docker exit code: 0
# Timestamp: 2026-03-18T14:50:04Z
---
[0;32m[INFO][0m === Benchmark Mode ===
[0;32m[INFO][0m Site config:       60c1s5r5p.yml
[0;32m[INFO][0m Mode config:       none_zookeeper.yml
[0;32m[INFO][0m Client config:     client_open.yml
[0;32m[INFO][0m Concurrent config: concurrent_50.yml
[0;32m[INFO][0m Latency:           20ms +/- 0ms
[0;32m[INFO][0m Duration:          30s
[0;32m[INFO][0m Starting 3-node ZooKeeper ensemble...
[0;32m[INFO][0m   Node myid=3: ip=127.0.0.1, port=2181, pid=26
[0;32m[INFO][0m   Node myid=2: ip=127.0.0.2, port=2182, pid=83
[0;32m[INFO][0m   Node myid=1: ip=127.0.0.3, port=2183, pid=157
[0;32m[INFO][0m Waiting for ZooKeeper ensemble to stabilize...
[0;32m[INFO][0m ZooKeeper ensemble ready (leader at 127.0.0.1)
[0;32m[INFO][0m Setting up latency: 20ms +/- 0ms
[0;32m[INFO][0m   127.0.0.2: 20ms +/- 0ms delay
[0;32m[INFO][0m   127.0.0.3: 20ms +/- 0ms delay
[0;32m[INFO][0m   127.0.0.4: 20ms +/- 0ms delay
[0;32m[INFO][0m   127.0.0.5: 20ms +/- 0ms delay
[0;32m[INFO][0m   ZK peer port 2888: 20ms delay (ZAB replication)
[0;32m[INFO][0m Latency simulation active on loopback
[0;32m[INFO][0m Starting process h1
[0;32m[INFO][0m Starting process h2
[0;32m[INFO][0m Starting process h3
[0;32m[INFO][0m Starting process h4
[0;32m[INFO][0m Starting process h5
[0;32m[INFO][0m Waiting for 5 processes to complete (timeout: 90s)...
[0;32m[INFO][0m --- Benchmark Results ---
[0;32m[INFO][0m   h1: I [../src/deptran/s_main.cc:893] 2026-03-18 14:49:58.781 | All-efficient-attempts           statistics   count     5950   0pct    42.07  50pct    45.06  90pct    49.93  99pct    59.61    ave    46.13
[0;32m[INFO][0m   h1: I [../src/deptran/s_main.cc:901] 2026-03-18 14:49:58.785 | All-efficient-attempts           distribution     42.07    43.47    43.92    44.29    44.65    45.06    45.65    46.62    47.86    49.93    75.38
[0;32m[INFO][0m   h1: I [../src/deptran/s_main.cc:904] 2026-03-18 14:49:58.787 | Mid throughput is 595.00
[0;32m[INFO][0m   h1: I [../src/deptran/s_main.cc:905] 2026-03-18 14:49:58.787 | Fastpath statistics attempted 0 successed 0 rate(pct) -nan efficient_successed 0 efficient_rate(pct) -nan
[0;32m[INFO][0m   h1: I [../src/deptran/s_main.cc:919] 2026-03-18 14:49:58.787 | Cpu-usage-leaders ave -1.0000 count 0
[0;32m[INFO][0m   h1: I [../src/deptran/s_main.cc:931] 2026-03-18 14:49:58.787 | Queue-depth ave 7.7500 count 1
[0;32m[INFO][0m   h2: I [../src/deptran/s_main.cc:893] 2026-03-18 14:50:03.461 | All-efficient-attempts           statistics   count     5892   0pct    82.00  50pct    85.11  90pct    90.12  99pct   104.80    ave    86.25
[0;32m[INFO][0m   h2: I [../src/deptran/s_main.cc:901] 2026-03-18 14:50:03.465 | All-efficient-attempts           distribution     82.00    83.47    83.91    84.30    84.68    85.11    85.71    86.57    87.86    90.12   117.79
[0;32m[INFO][0m   h2: I [../src/deptran/s_main.cc:904] 2026-03-18 14:50:03.468 | Mid throughput is 589.20
[0;32m[INFO][0m   h2: I [../src/deptran/s_main.cc:905] 2026-03-18 14:50:03.468 | Fastpath statistics attempted 0 successed 0 rate(pct) -nan efficient_successed 0 efficient_rate(pct) -nan
[0;32m[INFO][0m   h2: I [../src/deptran/s_main.cc:919] 2026-03-18 14:50:03.468 | Cpu-usage-leaders ave -1.0000 count 0
[0;32m[INFO][0m   h2: I [../src/deptran/s_main.cc:931] 2026-03-18 14:50:03.468 | Queue-depth ave 0.0000 count 1
[0;32m[INFO][0m   h3: I [../src/deptran/s_main.cc:893] 2026-03-18 14:50:03.463 | All-efficient-attempts           statistics   count     5920   0pct    81.98  50pct    85.06  90pct    89.89  99pct   101.43    ave    86.13
[0;32m[INFO][0m   h3: I [../src/deptran/s_main.cc:901] 2026-03-18 14:50:03.467 | All-efficient-attempts           distribution     81.98    83.51    83.91    84.29    84.66    85.06    85.62    86.52    87.79    89.89   117.26
[0;32m[INFO][0m   h3: I [../src/deptran/s_main.cc:904] 2026-03-18 14:50:03.469 | Mid throughput is 592.00
[0;32m[INFO][0m   h3: I [../src/deptran/s_main.cc:905] 2026-03-18 14:50:03.469 | Fastpath statistics attempted 0 successed 0 rate(pct) -nan efficient_successed 0 efficient_rate(pct) -nan
[0;32m[INFO][0m   h3: I [../src/deptran/s_main.cc:919] 2026-03-18 14:50:03.469 | Cpu-usage-leaders ave -1.0000 count 0
[0;32m[INFO][0m   h3: I [../src/deptran/s_main.cc:931] 2026-03-18 14:50:03.469 | Queue-depth ave 0.0000 count 1
[0;32m[INFO][0m   h4: I [../src/deptran/s_main.cc:893] 2026-03-18 14:50:00.265 | All-efficient-attempts           statistics   count     5887   0pct    81.90  50pct    84.89  90pct    89.36  99pct    98.66    ave    85.85
[0;32m[INFO][0m   h4: I [../src/deptran/s_main.cc:901] 2026-03-18 14:50:00.269 | All-efficient-attempts           distribution     81.90    83.50    83.89    84.22    84.55    84.89    85.32    86.03    87.29    89.36   117.36
[0;32m[INFO][0m   h4: I [../src/deptran/s_main.cc:904] 2026-03-18 14:50:00.271 | Mid throughput is 588.70
[0;32m[INFO][0m   h4: I [../src/deptran/s_main.cc:905] 2026-03-18 14:50:00.272 | Fastpath statistics attempted 0 successed 0 rate(pct) -nan efficient_successed 0 efficient_rate(pct) -nan
[0;32m[INFO][0m   h4: I [../src/deptran/s_main.cc:919] 2026-03-18 14:50:00.272 | Cpu-usage-leaders ave -1.0000 count 0
[0;32m[INFO][0m   h4: I [../src/deptran/s_main.cc:931] 2026-03-18 14:50:00.272 | Queue-depth ave 0.0000 count 1
[0;32m[INFO][0m   h5: I [../src/deptran/s_main.cc:893] 2026-03-18 14:50:02.653 | All-efficient-attempts           statistics   count     5895   0pct    81.88  50pct    85.09  90pct    89.80  99pct   102.43    ave    86.17
[0;32m[INFO][0m   h5: I [../src/deptran/s_main.cc:901] 2026-03-18 14:50:02.656 | All-efficient-attempts           distribution     81.88    83.48    83.94    84.31    84.67    85.09    85.69    86.56    87.79    89.80   117.75
[0;32m[INFO][0m   h5: I [../src/deptran/s_main.cc:904] 2026-03-18 14:50:02.659 | Mid throughput is 589.50
[0;32m[INFO][0m   h5: I [../src/deptran/s_main.cc:905] 2026-03-18 14:50:02.659 | Fastpath statistics attempted 0 successed 0 rate(pct) -nan efficient_successed 0 efficient_rate(pct) -nan
[0;32m[INFO][0m   h5: I [../src/deptran/s_main.cc:919] 2026-03-18 14:50:02.659 | Cpu-usage-leaders ave -1.0000 count 0
[0;32m[INFO][0m   h5: I [../src/deptran/s_main.cc:931] 2026-03-18 14:50:02.659 | Queue-depth ave 0.0000 count 1
[0;32m[INFO][0m === Benchmark PASSED ===
[0;32m[INFO][0m Cleaning up...
