# Attempt: 0 of 2
# Concurrency: 100
# Docker exit code: 0
# Timestamp: 2026-03-02T21:36:23Z
---
[0;32m[INFO][0m === Benchmark Mode ===
[0;32m[INFO][0m Site config:       60c1s5r5p.yml
[0;32m[INFO][0m Mode config:       none_zookeeper.yml
[0;32m[INFO][0m Client config:     client_open.yml
[0;32m[INFO][0m Concurrent config: concurrent_100.yml
[0;32m[INFO][0m Latency:           20ms +/- 0ms
[0;32m[INFO][0m Duration:          30s
[0;32m[INFO][0m Starting 3-node ZooKeeper ensemble...
[0;32m[INFO][0m   Node myid=3: ip=127.0.0.1, port=2181, pid=26
[0;32m[INFO][0m   Node myid=2: ip=127.0.0.2, port=2182, pid=89
[0;32m[INFO][0m   Node myid=1: ip=127.0.0.3, port=2183, pid=162
[0;32m[INFO][0m Waiting for ZooKeeper ensemble to stabilize...
[0;32m[INFO][0m ZooKeeper ensemble ready (leader at 127.0.0.1)
[0;32m[INFO][0m Setting up latency: 20ms +/- 0ms
[0;32m[INFO][0m   127.0.0.2: 20ms +/- 0ms delay
[0;32m[INFO][0m   127.0.0.3: 20ms +/- 0ms delay
[0;32m[INFO][0m   127.0.0.4: 20ms +/- 0ms delay
[0;32m[INFO][0m   127.0.0.5: 20ms +/- 0ms delay
[0;32m[INFO][0m   ZK peer port 2888: 20ms delay (ZAB replication)
[0;32m[INFO][0m Latency simulation active on loopback
[0;32m[INFO][0m Starting process h1
[0;32m[INFO][0m Starting process h2
[0;32m[INFO][0m Starting process h3
[0;32m[INFO][0m Starting process h4
[0;32m[INFO][0m Starting process h5
[0;32m[INFO][0m Waiting for 5 processes to complete (timeout: 90s)...
[0;32m[INFO][0m --- Benchmark Results ---
[0;32m[INFO][0m   h1: I [../src/deptran/s_main.cc:893] 2026-03-02 21:36:17.324 | All-efficient-attempts           statistics   count    10876   0pct  2143.20  50pct  2191.81  90pct  2244.45  99pct  2253.99    ave  2201.06
[0;32m[INFO][0m   h1: I [../src/deptran/s_main.cc:901] 2026-03-02 21:36:17.331 | All-efficient-attempts           distribution   2143.20  2169.36  2177.78  2182.94  2187.17  2191.81  2198.92  2216.03  2236.01  2244.45  2284.02
[0;32m[INFO][0m   h1: I [../src/deptran/s_main.cc:904] 2026-03-02 21:36:17.335 | Mid throughput is 1087.60
[0;32m[INFO][0m   h1: I [../src/deptran/s_main.cc:905] 2026-03-02 21:36:17.335 | Fastpath statistics attempted 0 successed 0 rate(pct) -nan efficient_successed 0 efficient_rate(pct) -nan
[0;32m[INFO][0m   h1: I [../src/deptran/s_main.cc:919] 2026-03-02 21:36:17.335 | Cpu-usage-leaders ave -1.0000 count 0
[0;32m[INFO][0m   h1: I [../src/deptran/s_main.cc:931] 2026-03-02 21:36:17.335 | Queue-depth ave 4241.7600 count 1
[0;32m[INFO][0m   h2: I [../src/deptran/s_main.cc:893] 2026-03-02 21:36:22.229 | All-efficient-attempts           statistics   count    10670   0pct  2178.57  50pct  2230.67  90pct  2284.41  99pct  2294.24    ave  2239.73
[0;32m[INFO][0m   h2: I [../src/deptran/s_main.cc:901] 2026-03-02 21:36:22.238 | All-efficient-attempts           distribution   2178.57  2207.68  2216.62  2222.16  2226.36  2230.67  2236.38  2253.09  2275.16  2284.41  2328.22
[0;32m[INFO][0m   h2: I [../src/deptran/s_main.cc:904] 2026-03-02 21:36:22.244 | Mid throughput is 1067.00
[0;32m[INFO][0m   h2: I [../src/deptran/s_main.cc:905] 2026-03-02 21:36:22.244 | Fastpath statistics attempted 0 successed 0 rate(pct) -nan efficient_successed 0 efficient_rate(pct) -nan
[0;32m[INFO][0m   h2: I [../src/deptran/s_main.cc:919] 2026-03-02 21:36:22.244 | Cpu-usage-leaders ave -1.0000 count 0
[0;32m[INFO][0m   h2: I [../src/deptran/s_main.cc:931] 2026-03-02 21:36:22.244 | Queue-depth ave 0.0000 count 1
[0;32m[INFO][0m   h3: I [../src/deptran/s_main.cc:893] 2026-03-02 21:36:22.608 | All-efficient-attempts           statistics   count    10677   0pct  2170.30  50pct  2230.48  90pct  2284.62  99pct  2294.58    ave  2239.74
[0;32m[INFO][0m   h3: I [../src/deptran/s_main.cc:901] 2026-03-02 21:36:22.615 | All-efficient-attempts           distribution   2170.30  2208.03  2216.86  2222.07  2226.21  2230.48  2236.01  2252.83  2275.83  2284.62  2330.91
[0;32m[INFO][0m   h3: I [../src/deptran/s_main.cc:904] 2026-03-02 21:36:22.619 | Mid throughput is 1067.70
[0;32m[INFO][0m   h3: I [../src/deptran/s_main.cc:905] 2026-03-02 21:36:22.619 | Fastpath statistics attempted 0 successed 0 rate(pct) -nan efficient_successed 0 efficient_rate(pct) -nan
[0;32m[INFO][0m   h3: I [../src/deptran/s_main.cc:919] 2026-03-02 21:36:22.619 | Cpu-usage-leaders ave -1.0000 count 0
[0;32m[INFO][0m   h3: I [../src/deptran/s_main.cc:931] 2026-03-02 21:36:22.619 | Queue-depth ave 0.0000 count 1
[0;32m[INFO][0m   h4: I [../src/deptran/s_main.cc:893] 2026-03-02 21:36:22.221 | All-efficient-attempts           statistics   count    10685   0pct  2173.31  50pct  2230.57  90pct  2284.59  99pct  2294.61    ave  2239.64
[0;32m[INFO][0m   h4: I [../src/deptran/s_main.cc:901] 2026-03-02 21:36:22.228 | All-efficient-attempts           distribution   2173.31  2207.23  2216.46  2222.09  2226.44  2230.57  2236.08  2252.71  2275.52  2284.59  2326.47
[0;32m[INFO][0m   h4: I [../src/deptran/s_main.cc:904] 2026-03-02 21:36:22.232 | Mid throughput is 1068.50
[0;32m[INFO][0m   h4: I [../src/deptran/s_main.cc:905] 2026-03-02 21:36:22.232 | Fastpath statistics attempted 0 successed 0 rate(pct) -nan efficient_successed 0 efficient_rate(pct) -nan
[0;32m[INFO][0m   h4: I [../src/deptran/s_main.cc:919] 2026-03-02 21:36:22.232 | Cpu-usage-leaders ave -1.0000 count 0
[0;32m[INFO][0m   h4: I [../src/deptran/s_main.cc:931] 2026-03-02 21:36:22.232 | Queue-depth ave 0.0000 count 1
[0;32m[INFO][0m   h5: I [../src/deptran/s_main.cc:893] 2026-03-02 21:36:22.810 | All-efficient-attempts           statistics   count    10696   0pct  2169.27  50pct  2230.63  90pct  2284.38  99pct  2293.80    ave  2239.79
[0;32m[INFO][0m   h5: I [../src/deptran/s_main.cc:901] 2026-03-02 21:36:22.817 | All-efficient-attempts           distribution   2169.27  2207.50  2216.70  2222.08  2226.33  2230.63  2236.32  2253.59  2275.08  2284.38  2323.29
[0;32m[INFO][0m   h5: I [../src/deptran/s_main.cc:904] 2026-03-02 21:36:22.821 | Mid throughput is 1069.60
[0;32m[INFO][0m   h5: I [../src/deptran/s_main.cc:905] 2026-03-02 21:36:22.821 | Fastpath statistics attempted 0 successed 0 rate(pct) -nan efficient_successed 0 efficient_rate(pct) -nan
[0;32m[INFO][0m   h5: I [../src/deptran/s_main.cc:919] 2026-03-02 21:36:22.821 | Cpu-usage-leaders ave -1.0000 count 0
[0;32m[INFO][0m   h5: I [../src/deptran/s_main.cc:931] 2026-03-02 21:36:22.821 | Queue-depth ave 0.0000 count 1
[0;32m[INFO][0m === Benchmark PASSED ===
[0;32m[INFO][0m Cleaning up...
