# Attempt: 0 of 2
# Concurrency: 75
# Docker exit code: 0
# Timestamp: 2026-03-18T14:25:15Z
---
[0;32m[INFO][0m === Benchmark Mode ===
[0;32m[INFO][0m Site config:       60c1s5r5p.yml
[0;32m[INFO][0m Mode config:       rule_mongodb.yml
[0;32m[INFO][0m Client config:     client_open.yml
[0;32m[INFO][0m Concurrent config: concurrent_75.yml
[0;32m[INFO][0m Latency:           20ms +/- 0ms
[0;32m[INFO][0m Duration:          30s
[0;32m[INFO][0m Starting 3-member MongoDB replica set...
about to fork child process, waiting until server is ready for connections.
forked process: 11
child process started successfully, parent exiting
[0;32m[INFO][0m   mongod0 (127.0.0.1:27017) PID=11
about to fork child process, waiting until server is ready for connections.
forked process: 74
child process started successfully, parent exiting
[0;32m[INFO][0m   mongod1 (127.0.0.2:27017) PID=74
about to fork child process, waiting until server is ready for connections.
forked process: 137
child process started successfully, parent exiting
[0;32m[INFO][0m   mongod2 (127.0.0.3:27017) PID=137
[0;32m[INFO][0m Initiating replica set 'jetpack-rs'...
[0;32m[INFO][0m Replica set is ready (primary=127.0.0.1)
[0;32m[INFO][0m Verifying MongoDB read/write at mongodb://127.0.0.1:27017,127.0.0.2:27017,127.0.0.3:27017/?replicaSet=jetpack-rs ...
[0;32m[INFO][0m MongoDB read/write verification passed
[0;32m[INFO][0m Setting up network latency: 20ms +/- 0ms on lo
[0;32m[INFO][0m   127.0.0.2: 20ms +/- 0ms delay
[0;32m[INFO][0m   127.0.0.3: 20ms +/- 0ms delay
[0;32m[INFO][0m   127.0.0.4: 20ms +/- 0ms delay
[0;32m[INFO][0m   127.0.0.5: 20ms +/- 0ms delay
[0;32m[INFO][0m Latency simulation active
[0;32m[INFO][0m Starting process h1
[0;32m[INFO][0m Starting process h2
[0;32m[INFO][0m Starting process h3
[0;32m[INFO][0m Starting process h4
[0;32m[INFO][0m Starting process h5
[0;32m[INFO][0m Waiting for 5 processes to complete (timeout: 90s)...
[0;32m[INFO][0m --- Benchmark Results ---
[0;32m[INFO][0m   h1: I [../src/deptran/s_main.cc:893] 2026-03-18 14:23:30.392 | All-efficient-attempts           statistics   count     7869   0pct    34.03  50pct  2081.64  90pct  3627.42  99pct  4495.62    ave  2125.20
[0;32m[INFO][0m   h1: I [../src/deptran/s_main.cc:901] 2026-03-18 14:23:30.397 | All-efficient-attempts           distribution     34.03   736.60  1146.22  1515.33  1793.40  2081.64  2311.12  2630.91  3035.73  3627.42  5151.57
[0;32m[INFO][0m   h1: I [../src/deptran/s_main.cc:904] 2026-03-18 14:23:30.400 | Mid throughput is 786.90
[0;32m[INFO][0m   h1: I [../src/deptran/s_main.cc:905] 2026-03-18 14:23:30.400 | Fastpath statistics attempted 375 successed 259 rate(pct) 69.07 efficient_successed 19 efficient_rate(pct) 5.07
[0;32m[INFO][0m   h1: I [../src/deptran/s_main.cc:919] 2026-03-18 14:23:30.400 | Cpu-usage-leaders ave 0.0000 count 4426
[0;32m[INFO][0m   h1: I [../src/deptran/s_main.cc:931] 2026-03-18 14:23:30.400 | Queue-depth ave 1.0000 count 3743
[0;32m[INFO][0m   h2: I [../src/deptran/s_main.cc:893] 2026-03-18 14:23:30.784 | All-efficient-attempts           statistics   count     7431   0pct    78.94  50pct  2227.99  90pct  3703.79  99pct  4512.80    ave  2239.96
[0;32m[INFO][0m   h2: I [../src/deptran/s_main.cc:901] 2026-03-18 14:23:30.788 | All-efficient-attempts           distribution     78.94   884.03  1315.97  1639.47  1950.73  2227.99  2472.36  2792.06  3175.69  3703.79  4964.15
[0;32m[INFO][0m   h2: I [../src/deptran/s_main.cc:904] 2026-03-18 14:23:30.792 | Mid throughput is 743.10
[0;32m[INFO][0m   h2: I [../src/deptran/s_main.cc:905] 2026-03-18 14:23:30.792 | Fastpath statistics attempted 449 successed 333 rate(pct) 74.16 efficient_successed 64 efficient_rate(pct) 14.25
[0;32m[INFO][0m   h2: I [../src/deptran/s_main.cc:919] 2026-03-18 14:23:30.792 | Cpu-usage-leaders ave 0.0000 count 3998
[0;32m[INFO][0m   h2: I [../src/deptran/s_main.cc:931] 2026-03-18 14:23:30.792 | Queue-depth ave 1.0000 count 3532
[0;32m[INFO][0m   h3: I [../src/deptran/s_main.cc:893] 2026-03-18 14:23:31.793 | All-efficient-attempts           statistics   count     7233   0pct   100.75  50pct  2270.78  90pct  3780.82  99pct  5624.58    ave  2361.88
[0;32m[INFO][0m   h3: I [../src/deptran/s_main.cc:901] 2026-03-18 14:23:31.797 | All-efficient-attempts           distribution    100.75   959.04  1408.78  1745.60  2032.84  2270.78  2562.07  2895.00  3303.50  3780.82  5945.24
[0;32m[INFO][0m   h3: I [../src/deptran/s_main.cc:904] 2026-03-18 14:23:31.800 | Mid throughput is 723.30
[0;32m[INFO][0m   h3: I [../src/deptran/s_main.cc:905] 2026-03-18 14:23:31.800 | Fastpath statistics attempted 387 successed 235 rate(pct) 60.72 efficient_successed 22 efficient_rate(pct) 5.68
[0;32m[INFO][0m   h3: I [../src/deptran/s_main.cc:919] 2026-03-18 14:23:31.800 | Cpu-usage-leaders ave 0.0000 count 4225
[0;32m[INFO][0m   h3: I [../src/deptran/s_main.cc:931] 2026-03-18 14:23:31.800 | Queue-depth ave 1.0000 count 3380
[0;32m[INFO][0m   h4: I [../src/deptran/s_main.cc:893] 2026-03-18 14:23:30.966 | All-efficient-attempts           statistics   count     7136   0pct    96.53  50pct  2280.01  90pct  3784.05  99pct  5716.62    ave  2331.33
[0;32m[INFO][0m   h4: I [../src/deptran/s_main.cc:901] 2026-03-18 14:23:30.971 | All-efficient-attempts           distribution     96.53   991.49  1345.24  1661.26  1943.07  2280.01  2540.55  2835.57  3251.81  3784.05  5962.06
[0;32m[INFO][0m   h4: I [../src/deptran/s_main.cc:904] 2026-03-18 14:23:30.973 | Mid throughput is 713.60
[0;32m[INFO][0m   h4: I [../src/deptran/s_main.cc:905] 2026-03-18 14:23:30.973 | Fastpath statistics attempted 416 successed 309 rate(pct) 74.28 efficient_successed 27 efficient_rate(pct) 6.49
[0;32m[INFO][0m   h4: I [../src/deptran/s_main.cc:919] 2026-03-18 14:23:30.973 | Cpu-usage-leaders ave 0.0000 count 3810
[0;32m[INFO][0m   h4: I [../src/deptran/s_main.cc:931] 2026-03-18 14:23:30.974 | Queue-depth ave 1.0000 count 3399
[0;32m[INFO][0m   h5: I [../src/deptran/s_main.cc:893] 2026-03-18 14:23:31.384 | All-efficient-attempts           statistics   count     7087   0pct    74.74  50pct  2454.33  90pct  3767.08  99pct  4539.80    ave  2479.53
[0;32m[INFO][0m   h5: I [../src/deptran/s_main.cc:901] 2026-03-18 14:23:31.388 | All-efficient-attempts           distribution     74.74  1254.58  1665.04  1964.91  2212.39  2454.33  2656.93  3042.67  3384.30  3767.08  4861.71
[0;32m[INFO][0m   h5: I [../src/deptran/s_main.cc:904] 2026-03-18 14:23:31.391 | Mid throughput is 708.70
[0;32m[INFO][0m   h5: I [../src/deptran/s_main.cc:905] 2026-03-18 14:23:31.391 | Fastpath statistics attempted 436 successed 248 rate(pct) 56.88 efficient_successed 35 efficient_rate(pct) 8.03
[0;32m[INFO][0m   h5: I [../src/deptran/s_main.cc:919] 2026-03-18 14:23:31.391 | Cpu-usage-leaders ave 0.0000 count 4604
[0;32m[INFO][0m   h5: I [../src/deptran/s_main.cc:931] 2026-03-18 14:23:31.391 | Queue-depth ave 1.0000 count 3475
[0;32m[INFO][0m === Benchmark PASSED ===
[0;32m[INFO][0m Cleaning up...
