# Attempt: 0 of 2
# Concurrency: 5
# Docker exit code: 0
# Timestamp: 2026-03-02T20:55:50Z
---
[0;32m[INFO][0m === Benchmark Mode ===
[0;32m[INFO][0m Site config:       60c1s5r5p.yml
[0;32m[INFO][0m Mode config:       rule_mongodb.yml
[0;32m[INFO][0m Client config:     client_open.yml
[0;32m[INFO][0m Concurrent config: concurrent_5.yml
[0;32m[INFO][0m Latency:           20ms +/- 0ms
[0;32m[INFO][0m Duration:          30s
[0;32m[INFO][0m Starting 3-member MongoDB replica set...
about to fork child process, waiting until server is ready for connections.
forked process: 11
child process started successfully, parent exiting
[0;32m[INFO][0m   mongod0 (127.0.0.1:27017) PID=11
about to fork child process, waiting until server is ready for connections.
forked process: 74
child process started successfully, parent exiting
[0;32m[INFO][0m   mongod1 (127.0.0.2:27017) PID=74
about to fork child process, waiting until server is ready for connections.
forked process: 137
child process started successfully, parent exiting
[0;32m[INFO][0m   mongod2 (127.0.0.3:27017) PID=137
[0;32m[INFO][0m Initiating replica set 'jetpack-rs'...
[0;32m[INFO][0m Replica set is ready (primary=127.0.0.1)
[0;32m[INFO][0m Verifying MongoDB read/write at mongodb://127.0.0.1:27017 ...
[0;32m[INFO][0m MongoDB read/write verification passed
[0;32m[INFO][0m Setting up network latency: 20ms +/- 0ms on lo
[0;32m[INFO][0m   127.0.0.2: 20ms +/- 0ms delay
[0;32m[INFO][0m   127.0.0.3: 20ms +/- 0ms delay
[0;32m[INFO][0m   127.0.0.4: 20ms +/- 0ms delay
[0;32m[INFO][0m   127.0.0.5: 20ms +/- 0ms delay
[0;32m[INFO][0m Latency simulation active
[0;32m[INFO][0m Starting process h1
[0;32m[INFO][0m Starting process h2
[0;32m[INFO][0m Starting process h3
[0;32m[INFO][0m Starting process h4
[0;32m[INFO][0m Starting process h5
[0;32m[INFO][0m Waiting for 5 processes to complete (timeout: 90s)...
[0;32m[INFO][0m --- Benchmark Results ---
[0;32m[INFO][0m   h1: I [../src/deptran/s_main.cc:893] 2026-03-02 20:54:06.947 | All-efficient-attempts           statistics   count      557   0pct     4.65  50pct     7.35  90pct    11.00  99pct    27.16    ave     8.13
[0;32m[INFO][0m   h1: I [../src/deptran/s_main.cc:901] 2026-03-02 20:54:06.947 | All-efficient-attempts           distribution      4.65     5.77     6.12     6.60     7.16     7.35     7.72     8.29     9.17    11.00    41.05
[0;32m[INFO][0m   h1: I [../src/deptran/s_main.cc:904] 2026-03-02 20:54:06.948 | Mid throughput is 55.70
[0;32m[INFO][0m   h1: I [../src/deptran/s_main.cc:905] 2026-03-02 20:54:06.948 | Fastpath statistics attempted 33 successed 33 rate(pct) 100.00 efficient_successed 0 efficient_rate(pct) 0.00
[0;32m[INFO][0m   h1: I [../src/deptran/s_main.cc:919] 2026-03-02 20:54:06.948 | Cpu-usage-leaders ave 0.0000 count 269
[0;32m[INFO][0m   h1: I [../src/deptran/s_main.cc:931] 2026-03-02 20:54:06.948 | Queue-depth ave 1.0000 count 269
[0;32m[INFO][0m   h2: I [../src/deptran/s_main.cc:893] 2026-03-02 20:54:07.425 | All-efficient-attempts           statistics   count      547   0pct    40.99  50pct    41.92  90pct    42.66  99pct    44.66    ave    42.04
[0;32m[INFO][0m   h2: I [../src/deptran/s_main.cc:901] 2026-03-02 20:54:07.425 | All-efficient-attempts           distribution     40.99    41.44    41.59    41.68    41.82    41.92    42.02    42.20    42.36    42.66    46.48
[0;32m[INFO][0m   h2: I [../src/deptran/s_main.cc:904] 2026-03-02 20:54:07.426 | Mid throughput is 54.70
[0;32m[INFO][0m   h2: I [../src/deptran/s_main.cc:905] 2026-03-02 20:54:07.426 | Fastpath statistics attempted 547 successed 547 rate(pct) 100.00 efficient_successed 547 efficient_rate(pct) 100.00
[0;32m[INFO][0m   h2: I [../src/deptran/s_main.cc:919] 2026-03-02 20:54:07.426 | Cpu-usage-leaders ave 0.0000 count 1657
[0;32m[INFO][0m   h2: I [../src/deptran/s_main.cc:931] 2026-03-02 20:54:07.426 | Queue-depth ave 1.0000 count 1657
[0;32m[INFO][0m   h3: I [../src/deptran/s_main.cc:893] 2026-03-02 20:54:07.424 | All-efficient-attempts           statistics   count      544   0pct    40.99  50pct    41.88  90pct    42.58  99pct    43.93    ave    41.97
[0;32m[INFO][0m   h3: I [../src/deptran/s_main.cc:901] 2026-03-02 20:54:07.424 | All-efficient-attempts           distribution     40.99    41.34    41.55    41.67    41.76    41.88    42.02    42.18    42.35    42.58    46.14
[0;32m[INFO][0m   h3: I [../src/deptran/s_main.cc:904] 2026-03-02 20:54:07.425 | Mid throughput is 54.40
[0;32m[INFO][0m   h3: I [../src/deptran/s_main.cc:905] 2026-03-02 20:54:07.425 | Fastpath statistics attempted 544 successed 544 rate(pct) 100.00 efficient_successed 544 efficient_rate(pct) 100.00
[0;32m[INFO][0m   h3: I [../src/deptran/s_main.cc:919] 2026-03-02 20:54:07.425 | Cpu-usage-leaders ave 0.0000 count 1661
[0;32m[INFO][0m   h3: I [../src/deptran/s_main.cc:931] 2026-03-02 20:54:07.425 | Queue-depth ave 1.0000 count 1661
[0;32m[INFO][0m   h4: I [../src/deptran/s_main.cc:893] 2026-03-02 20:54:07.425 | All-efficient-attempts           statistics   count      553   0pct    40.82  50pct    41.90  90pct    42.77  99pct    43.90    ave    42.00
[0;32m[INFO][0m   h4: I [../src/deptran/s_main.cc:901] 2026-03-02 20:54:07.426 | All-efficient-attempts           distribution     40.82    41.38    41.55    41.67    41.79    41.90    42.01    42.16    42.39    42.77    45.67
[0;32m[INFO][0m   h4: I [../src/deptran/s_main.cc:904] 2026-03-02 20:54:07.426 | Mid throughput is 55.30
[0;32m[INFO][0m   h4: I [../src/deptran/s_main.cc:905] 2026-03-02 20:54:07.426 | Fastpath statistics attempted 553 successed 553 rate(pct) 100.00 efficient_successed 553 efficient_rate(pct) 100.00
[0;32m[INFO][0m   h4: I [../src/deptran/s_main.cc:919] 2026-03-02 20:54:07.426 | Cpu-usage-leaders ave 0.0000 count 1658
[0;32m[INFO][0m   h4: I [../src/deptran/s_main.cc:931] 2026-03-02 20:54:07.426 | Queue-depth ave 1.0000 count 1658
[0;32m[INFO][0m   h5: I [../src/deptran/s_main.cc:893] 2026-03-02 20:54:07.423 | All-efficient-attempts           statistics   count      540   0pct    40.87  50pct    41.90  90pct    42.63  99pct    44.28    ave    41.98
[0;32m[INFO][0m   h5: I [../src/deptran/s_main.cc:901] 2026-03-02 20:54:07.424 | All-efficient-attempts           distribution     40.87    41.38    41.55    41.67    41.78    41.90    42.01    42.14    42.33    42.63    46.93
[0;32m[INFO][0m   h5: I [../src/deptran/s_main.cc:904] 2026-03-02 20:54:07.424 | Mid throughput is 54.00
[0;32m[INFO][0m   h5: I [../src/deptran/s_main.cc:905] 2026-03-02 20:54:07.424 | Fastpath statistics attempted 540 successed 540 rate(pct) 100.00 efficient_successed 540 efficient_rate(pct) 100.00
[0;32m[INFO][0m   h5: I [../src/deptran/s_main.cc:919] 2026-03-02 20:54:07.424 | Cpu-usage-leaders ave 0.0000 count 1662
[0;32m[INFO][0m   h5: I [../src/deptran/s_main.cc:931] 2026-03-02 20:54:07.424 | Queue-depth ave 1.0000 count 1662
[0;32m[INFO][0m === Benchmark PASSED ===
[0;32m[INFO][0m Cleaning up...
