# Attempt: 0 of 2
# Concurrency: 25
# Docker exit code: 0
# Timestamp: 2026-03-02T21:02:19Z
---
[0;32m[INFO][0m === Benchmark Mode ===
[0;32m[INFO][0m Site config:       60c1s5r5p.yml
[0;32m[INFO][0m Mode config:       rule_mongodb.yml
[0;32m[INFO][0m Client config:     client_open.yml
[0;32m[INFO][0m Concurrent config: concurrent_25.yml
[0;32m[INFO][0m Latency:           20ms +/- 0ms
[0;32m[INFO][0m Duration:          30s
[0;32m[INFO][0m Starting 3-member MongoDB replica set...
about to fork child process, waiting until server is ready for connections.
forked process: 11
child process started successfully, parent exiting
[0;32m[INFO][0m   mongod0 (127.0.0.1:27017) PID=11
about to fork child process, waiting until server is ready for connections.
forked process: 74
child process started successfully, parent exiting
[0;32m[INFO][0m   mongod1 (127.0.0.2:27017) PID=74
about to fork child process, waiting until server is ready for connections.
forked process: 137
child process started successfully, parent exiting
[0;32m[INFO][0m   mongod2 (127.0.0.3:27017) PID=137
[0;32m[INFO][0m Initiating replica set 'jetpack-rs'...
[0;32m[INFO][0m Replica set is ready (primary=127.0.0.1)
[0;32m[INFO][0m Verifying MongoDB read/write at mongodb://127.0.0.1:27017 ...
[0;32m[INFO][0m MongoDB read/write verification passed
[0;32m[INFO][0m Setting up network latency: 20ms +/- 0ms on lo
[0;32m[INFO][0m   127.0.0.2: 20ms +/- 0ms delay
[0;32m[INFO][0m   127.0.0.3: 20ms +/- 0ms delay
[0;32m[INFO][0m   127.0.0.4: 20ms +/- 0ms delay
[0;32m[INFO][0m   127.0.0.5: 20ms +/- 0ms delay
[0;32m[INFO][0m Latency simulation active
[0;32m[INFO][0m Starting process h1
[0;32m[INFO][0m Starting process h2
[0;32m[INFO][0m Starting process h3
[0;32m[INFO][0m Starting process h4
[0;32m[INFO][0m Starting process h5
[0;32m[INFO][0m Waiting for 5 processes to complete (timeout: 90s)...
[0;32m[INFO][0m --- Benchmark Results ---
[0;32m[INFO][0m   h1: I [../src/deptran/s_main.cc:893] 2026-03-02 21:00:35.167 | All-efficient-attempts           statistics   count     2939   0pct     4.44  50pct    11.62  90pct    18.30  99pct    38.18    ave    12.95
[0;32m[INFO][0m   h1: I [../src/deptran/s_main.cc:901] 2026-03-02 21:00:35.169 | All-efficient-attempts           distribution      4.44     8.19     9.22     9.94    10.79    11.62    12.57    13.65    15.26    18.30   101.58
[0;32m[INFO][0m   h1: I [../src/deptran/s_main.cc:904] 2026-03-02 21:00:35.170 | Mid throughput is 293.90
[0;32m[INFO][0m   h1: I [../src/deptran/s_main.cc:905] 2026-03-02 21:00:35.170 | Fastpath statistics attempted 160 successed 143 rate(pct) 89.38 efficient_successed 0 efficient_rate(pct) 0.00
[0;32m[INFO][0m   h1: I [../src/deptran/s_main.cc:919] 2026-03-02 21:00:35.170 | Cpu-usage-leaders ave 0.0000 count 753
[0;32m[INFO][0m   h1: I [../src/deptran/s_main.cc:931] 2026-03-02 21:00:35.170 | Queue-depth ave 1.0000 count 753
[0;32m[INFO][0m   h2: I [../src/deptran/s_main.cc:893] 2026-03-02 21:00:35.643 | All-efficient-attempts           statistics   count     2956   0pct    40.95  50pct    45.07  90pct    49.76  99pct    56.35    ave    45.71
[0;32m[INFO][0m   h2: I [../src/deptran/s_main.cc:901] 2026-03-02 21:00:35.646 | All-efficient-attempts           distribution     40.95    42.60    43.32    43.87    44.40    45.07    45.72    46.55    47.61    49.76    62.35
[0;32m[INFO][0m   h2: I [../src/deptran/s_main.cc:904] 2026-03-02 21:00:35.647 | Mid throughput is 295.60
[0;32m[INFO][0m   h2: I [../src/deptran/s_main.cc:905] 2026-03-02 21:00:35.647 | Fastpath statistics attempted 2956 successed 2956 rate(pct) 100.00 efficient_successed 2492 efficient_rate(pct) 84.30
[0;32m[INFO][0m   h2: I [../src/deptran/s_main.cc:919] 2026-03-02 21:00:35.647 | Cpu-usage-leaders ave 0.0000 count 8981
[0;32m[INFO][0m   h2: I [../src/deptran/s_main.cc:931] 2026-03-02 21:00:35.647 | Queue-depth ave 1.0000 count 8981
[0;32m[INFO][0m   h3: I [../src/deptran/s_main.cc:893] 2026-03-02 21:00:35.646 | All-efficient-attempts           statistics   count     2911   0pct    40.50  50pct    45.08  90pct    49.81  99pct    56.28    ave    45.76
[0;32m[INFO][0m   h3: I [../src/deptran/s_main.cc:901] 2026-03-02 21:00:35.649 | All-efficient-attempts           distribution     40.50    42.60    43.31    43.89    44.47    45.08    45.76    46.57    47.80    49.81    62.40
[0;32m[INFO][0m   h3: I [../src/deptran/s_main.cc:904] 2026-03-02 21:00:35.650 | Mid throughput is 291.10
[0;32m[INFO][0m   h3: I [../src/deptran/s_main.cc:905] 2026-03-02 21:00:35.650 | Fastpath statistics attempted 2911 successed 2911 rate(pct) 100.00 efficient_successed 2426 efficient_rate(pct) 83.34
[0;32m[INFO][0m   h3: I [../src/deptran/s_main.cc:919] 2026-03-02 21:00:35.650 | Cpu-usage-leaders ave 0.0000 count 8957
[0;32m[INFO][0m   h3: I [../src/deptran/s_main.cc:931] 2026-03-02 21:00:35.650 | Queue-depth ave 1.0000 count 8957
[0;32m[INFO][0m   h4: I [../src/deptran/s_main.cc:893] 2026-03-02 21:00:35.646 | All-efficient-attempts           statistics   count     2925   0pct    40.50  50pct    44.93  90pct    49.74  99pct    56.13    ave    45.67
[0;32m[INFO][0m   h4: I [../src/deptran/s_main.cc:901] 2026-03-02 21:00:35.648 | All-efficient-attempts           distribution     40.50    42.63    43.31    43.87    44.37    44.93    45.66    46.49    47.58    49.74    61.24
[0;32m[INFO][0m   h4: I [../src/deptran/s_main.cc:904] 2026-03-02 21:00:35.649 | Mid throughput is 292.50
[0;32m[INFO][0m   h4: I [../src/deptran/s_main.cc:905] 2026-03-02 21:00:35.649 | Fastpath statistics attempted 2925 successed 2925 rate(pct) 100.00 efficient_successed 2446 efficient_rate(pct) 83.62
[0;32m[INFO][0m   h4: I [../src/deptran/s_main.cc:919] 2026-03-02 21:00:35.649 | Cpu-usage-leaders ave 0.0000 count 8986
[0;32m[INFO][0m   h4: I [../src/deptran/s_main.cc:931] 2026-03-02 21:00:35.649 | Queue-depth ave 1.0000 count 8986
[0;32m[INFO][0m   h5: I [../src/deptran/s_main.cc:893] 2026-03-02 21:00:35.643 | All-efficient-attempts           statistics   count     2924   0pct    40.89  50pct    45.15  90pct    49.83  99pct    56.31    ave    45.78
[0;32m[INFO][0m   h5: I [../src/deptran/s_main.cc:901] 2026-03-02 21:00:35.645 | All-efficient-attempts           distribution     40.89    42.61    43.27    43.86    44.47    45.15    45.88    46.67    47.74    49.83    65.64
[0;32m[INFO][0m   h5: I [../src/deptran/s_main.cc:904] 2026-03-02 21:00:35.646 | Mid throughput is 292.40
[0;32m[INFO][0m   h5: I [../src/deptran/s_main.cc:905] 2026-03-02 21:00:35.646 | Fastpath statistics attempted 2924 successed 2924 rate(pct) 100.00 efficient_successed 2417 efficient_rate(pct) 82.66
[0;32m[INFO][0m   h5: I [../src/deptran/s_main.cc:919] 2026-03-02 21:00:35.646 | Cpu-usage-leaders ave 0.0000 count 8959
[0;32m[INFO][0m   h5: I [../src/deptran/s_main.cc:931] 2026-03-02 21:00:35.646 | Queue-depth ave 1.0000 count 8959
[0;32m[INFO][0m === Benchmark PASSED ===
[0;32m[INFO][0m Cleaning up...
