# Attempt: 0 of 2
# Concurrency: 200
# Docker exit code: 0
# Timestamp: 2026-03-18T14:35:13Z
---
[0;32m[INFO][0m === Benchmark Mode ===
[0;32m[INFO][0m Site config:       60c1s5r5p.yml
[0;32m[INFO][0m Mode config:       rule_mongodb.yml
[0;32m[INFO][0m Client config:     client_open.yml
[0;32m[INFO][0m Concurrent config: concurrent_200.yml
[0;32m[INFO][0m Latency:           20ms +/- 0ms
[0;32m[INFO][0m Duration:          30s
[0;32m[INFO][0m Starting 3-member MongoDB replica set...
about to fork child process, waiting until server is ready for connections.
forked process: 11
child process started successfully, parent exiting
[0;32m[INFO][0m   mongod0 (127.0.0.1:27017) PID=11
about to fork child process, waiting until server is ready for connections.
forked process: 74
child process started successfully, parent exiting
[0;32m[INFO][0m   mongod1 (127.0.0.2:27017) PID=74
about to fork child process, waiting until server is ready for connections.
forked process: 137
child process started successfully, parent exiting
[0;32m[INFO][0m   mongod2 (127.0.0.3:27017) PID=137
[0;32m[INFO][0m Initiating replica set 'jetpack-rs'...
[0;32m[INFO][0m Replica set is ready (primary=127.0.0.1)
[0;32m[INFO][0m Verifying MongoDB read/write at mongodb://127.0.0.1:27017,127.0.0.2:27017,127.0.0.3:27017/?replicaSet=jetpack-rs ...
[0;32m[INFO][0m MongoDB read/write verification passed
[0;32m[INFO][0m Setting up network latency: 20ms +/- 0ms on lo
[0;32m[INFO][0m   127.0.0.2: 20ms +/- 0ms delay
[0;32m[INFO][0m   127.0.0.3: 20ms +/- 0ms delay
[0;32m[INFO][0m   127.0.0.4: 20ms +/- 0ms delay
[0;32m[INFO][0m   127.0.0.5: 20ms +/- 0ms delay
[0;32m[INFO][0m Latency simulation active
[0;32m[INFO][0m Starting process h1
[0;32m[INFO][0m Starting process h2
[0;32m[INFO][0m Starting process h3
[0;32m[INFO][0m Starting process h4
[0;32m[INFO][0m Starting process h5
[0;32m[INFO][0m Waiting for 5 processes to complete (timeout: 90s)...
[0;32m[INFO][0m --- Benchmark Results ---
[0;32m[INFO][0m   h1: I [../src/deptran/s_main.cc:893] 2026-03-18 14:33:28.832 | All-efficient-attempts           statistics   count     7401   0pct  1533.08  50pct  3513.26  90pct  4063.77  99pct  4569.75    ave  3204.93
[0;32m[INFO][0m   h1: I [../src/deptran/s_main.cc:901] 2026-03-18 14:33:28.837 | All-efficient-attempts           distribution   1533.08  2009.23  2267.66  2650.26  3146.83  3513.26  3600.40  3796.75  3847.09  4063.77  4573.12
[0;32m[INFO][0m   h1: I [../src/deptran/s_main.cc:904] 2026-03-18 14:33:28.840 | Mid throughput is 740.10
[0;32m[INFO][0m   h1: I [../src/deptran/s_main.cc:905] 2026-03-18 14:33:28.840 | Fastpath statistics attempted 397 successed 339 rate(pct) 85.39 efficient_successed 5 efficient_rate(pct) 1.26
[0;32m[INFO][0m   h1: I [../src/deptran/s_main.cc:919] 2026-03-18 14:33:28.840 | Cpu-usage-leaders ave 0.0000 count 3849
[0;32m[INFO][0m   h1: I [../src/deptran/s_main.cc:931] 2026-03-18 14:33:28.840 | Queue-depth ave 1.0000 count 3540
[0;32m[INFO][0m   h2: I [../src/deptran/s_main.cc:893] 2026-03-18 14:33:25.493 | All-efficient-attempts           statistics   count     6799   0pct  1246.21  50pct  3716.28  90pct  4042.36  99pct  4138.36    ave  3546.68
[0;32m[INFO][0m   h2: I [../src/deptran/s_main.cc:901] 2026-03-18 14:33:25.499 | All-efficient-attempts           distribution   1246.21  2264.02  3530.40  3570.66  3611.70  3716.28  3830.89  3935.73  3992.92  4042.36  4224.65
[0;32m[INFO][0m   h2: I [../src/deptran/s_main.cc:904] 2026-03-18 14:33:25.503 | Mid throughput is 679.90
[0;32m[INFO][0m   h2: I [../src/deptran/s_main.cc:905] 2026-03-18 14:33:25.503 | Fastpath statistics attempted 364 successed 324 rate(pct) 89.01 efficient_successed 10 efficient_rate(pct) 2.75
[0;32m[INFO][0m   h2: I [../src/deptran/s_main.cc:919] 2026-03-18 14:33:25.503 | Cpu-usage-leaders ave 0.0000 count 3472
[0;32m[INFO][0m   h2: I [../src/deptran/s_main.cc:931] 2026-03-18 14:33:25.503 | Queue-depth ave 1.0000 count 3238
[0;32m[INFO][0m   h3: I [../src/deptran/s_main.cc:893] 2026-03-18 14:33:25.882 | All-efficient-attempts           statistics   count     6790   0pct  1289.92  50pct  3801.76  90pct  4105.80  99pct  4139.26    ave  3622.02
[0;32m[INFO][0m   h3: I [../src/deptran/s_main.cc:901] 2026-03-18 14:33:25.886 | All-efficient-attempts           distribution   1289.92  2560.07  3564.96  3575.96  3714.55  3801.76  3832.74  3936.04  4038.81  4105.80  4416.15
[0;32m[INFO][0m   h3: I [../src/deptran/s_main.cc:904] 2026-03-18 14:33:25.889 | Mid throughput is 679.00
[0;32m[INFO][0m   h3: I [../src/deptran/s_main.cc:905] 2026-03-18 14:33:25.889 | Fastpath statistics attempted 351 successed 315 rate(pct) 89.74 efficient_successed 17 efficient_rate(pct) 4.84
[0;32m[INFO][0m   h3: I [../src/deptran/s_main.cc:919] 2026-03-18 14:33:25.889 | Cpu-usage-leaders ave 0.0000 count 3649
[0;32m[INFO][0m   h3: I [../src/deptran/s_main.cc:931] 2026-03-18 14:33:25.889 | Queue-depth ave 1.0000 count 3426
[0;32m[INFO][0m   h4: I [../src/deptran/s_main.cc:893] 2026-03-18 14:33:25.884 | All-efficient-attempts           statistics   count     6999   0pct  2240.55  50pct  3801.95  90pct  4107.80  99pct  4140.64    ave  3767.30
[0;32m[INFO][0m   h4: I [../src/deptran/s_main.cc:901] 2026-03-18 14:33:25.889 | All-efficient-attempts           distribution   2240.55  3567.15  3579.22  3711.90  3715.80  3801.95  3835.11  3936.42  3973.64  4107.80  4142.70
[0;32m[INFO][0m   h4: I [../src/deptran/s_main.cc:904] 2026-03-18 14:33:25.892 | Mid throughput is 699.90
[0;32m[INFO][0m   h4: I [../src/deptran/s_main.cc:905] 2026-03-18 14:33:25.892 | Fastpath statistics attempted 378 successed 330 rate(pct) 87.30 efficient_successed 6 efficient_rate(pct) 1.59
[0;32m[INFO][0m   h4: I [../src/deptran/s_main.cc:919] 2026-03-18 14:33:25.892 | Cpu-usage-leaders ave 0.0000 count 3445
[0;32m[INFO][0m   h4: I [../src/deptran/s_main.cc:931] 2026-03-18 14:33:25.892 | Queue-depth ave 1.0000 count 3224
[0;32m[INFO][0m   h5: I [../src/deptran/s_main.cc:893] 2026-03-18 14:33:25.685 | All-efficient-attempts           statistics   count     7000   0pct  1762.05  50pct  3804.73  90pct  4133.49  99pct  4137.64    ave  3698.91
[0;32m[INFO][0m   h5: I [../src/deptran/s_main.cc:901] 2026-03-18 14:33:25.689 | All-efficient-attempts           distribution   1762.05  3512.35  3564.42  3572.66  3714.85  3804.73  3835.18  3969.78  4034.69  4133.49  4138.55
[0;32m[INFO][0m   h5: I [../src/deptran/s_main.cc:904] 2026-03-18 14:33:25.692 | Mid throughput is 700.00
[0;32m[INFO][0m   h5: I [../src/deptran/s_main.cc:905] 2026-03-18 14:33:25.692 | Fastpath statistics attempted 380 successed 337 rate(pct) 88.68 efficient_successed 0 efficient_rate(pct) 0.00
[0;32m[INFO][0m   h5: I [../src/deptran/s_main.cc:919] 2026-03-18 14:33:25.692 | Cpu-usage-leaders ave 0.0000 count 3717
[0;32m[INFO][0m   h5: I [../src/deptran/s_main.cc:931] 2026-03-18 14:33:25.693 | Queue-depth ave 1.0000 count 3440
[0;32m[INFO][0m === Benchmark PASSED ===
[0;32m[INFO][0m Cleaning up...
