# Attempt: 0 of 2
# Concurrency: 150
# Docker exit code: 0
# Timestamp: 2026-03-02T20:00:21Z
---
[0;32m[INFO][0m === Benchmark Mode ===
[0;32m[INFO][0m Site config:       60c1s5r5p.yml
[0;32m[INFO][0m Mode config:       none_mongodb.yml
[0;32m[INFO][0m Client config:     client_open.yml
[0;32m[INFO][0m Concurrent config: concurrent_150.yml
[0;32m[INFO][0m Latency:           20ms +/- 0ms
[0;32m[INFO][0m Duration:          30s
[0;32m[INFO][0m Starting 3-member MongoDB replica set...
about to fork child process, waiting until server is ready for connections.
forked process: 11
child process started successfully, parent exiting
[0;32m[INFO][0m   mongod0 (127.0.0.1:27017) PID=11
about to fork child process, waiting until server is ready for connections.
forked process: 74
child process started successfully, parent exiting
[0;32m[INFO][0m   mongod1 (127.0.0.2:27017) PID=74
about to fork child process, waiting until server is ready for connections.
forked process: 137
child process started successfully, parent exiting
[0;32m[INFO][0m   mongod2 (127.0.0.3:27017) PID=137
[0;32m[INFO][0m Initiating replica set 'jetpack-rs'...
[0;32m[INFO][0m Replica set is ready (primary=127.0.0.1)
[0;32m[INFO][0m Verifying MongoDB read/write at mongodb://127.0.0.1:27017 ...
[0;32m[INFO][0m MongoDB read/write verification passed
[0;32m[INFO][0m Setting up network latency: 20ms +/- 0ms on lo
[0;32m[INFO][0m   127.0.0.2: 20ms +/- 0ms delay
[0;32m[INFO][0m   127.0.0.3: 20ms +/- 0ms delay
[0;32m[INFO][0m   127.0.0.4: 20ms +/- 0ms delay
[0;32m[INFO][0m   127.0.0.5: 20ms +/- 0ms delay
[0;32m[INFO][0m Latency simulation active
[0;32m[INFO][0m Starting process h1
[0;32m[INFO][0m Starting process h2
[0;32m[INFO][0m Starting process h3
[0;32m[INFO][0m Starting process h4
[0;32m[INFO][0m Starting process h5
[0;32m[INFO][0m Waiting for 5 processes to complete (timeout: 90s)...
[0;32m[INFO][0m --- Benchmark Results ---
[0;32m[INFO][0m   h1: I [../src/deptran/s_main.cc:893] 2026-03-02 19:58:37.083 | All-efficient-attempts           statistics   count     7588   0pct    69.29  50pct  3004.79  90pct  4190.84  99pct  4729.41    ave  2895.36
[0;32m[INFO][0m   h1: I [../src/deptran/s_main.cc:901] 2026-03-02 19:58:37.088 | All-efficient-attempts           distribution     69.29  1815.12  2198.49  2468.78  2664.88  3004.79  3093.56  3271.88  3299.48  4190.84  4730.80
[0;32m[INFO][0m   h1: I [../src/deptran/s_main.cc:904] 2026-03-02 19:58:37.092 | Mid throughput is 758.80
[0;32m[INFO][0m   h1: I [../src/deptran/s_main.cc:905] 2026-03-02 19:58:37.092 | Fastpath statistics attempted 0 successed 0 rate(pct) -nan efficient_successed 0 efficient_rate(pct) -nan
[0;32m[INFO][0m   h1: I [../src/deptran/s_main.cc:919] 2026-03-02 19:58:37.092 | Cpu-usage-leaders ave -1.0000 count 0
[0;32m[INFO][0m   h1: I [../src/deptran/s_main.cc:931] 2026-03-02 19:58:37.092 | Queue-depth ave 1.0000 count 1
[0;32m[INFO][0m   h2: I [../src/deptran/s_main.cc:893] 2026-03-02 19:58:37.731 | All-efficient-attempts           statistics   count     7364   0pct   319.39  50pct  2957.58  90pct  4493.49  99pct  4749.03    ave  2908.62
[0;32m[INFO][0m   h2: I [../src/deptran/s_main.cc:901] 2026-03-02 19:58:37.735 | All-efficient-attempts           distribution    319.39  1723.10  2103.52  2489.36  2671.65  2957.58  3130.74  3298.76  3516.91  4493.49  5153.02
[0;32m[INFO][0m   h2: I [../src/deptran/s_main.cc:904] 2026-03-02 19:58:37.739 | Mid throughput is 736.40
[0;32m[INFO][0m   h2: I [../src/deptran/s_main.cc:905] 2026-03-02 19:58:37.739 | Fastpath statistics attempted 0 successed 0 rate(pct) -nan efficient_successed 0 efficient_rate(pct) -nan
[0;32m[INFO][0m   h2: I [../src/deptran/s_main.cc:919] 2026-03-02 19:58:37.739 | Cpu-usage-leaders ave -1.0000 count 0
[0;32m[INFO][0m   h2: I [../src/deptran/s_main.cc:931] 2026-03-02 19:58:37.739 | Queue-depth ave 0.0000 count 1
[0;32m[INFO][0m   h3: I [../src/deptran/s_main.cc:893] 2026-03-02 19:58:36.924 | All-efficient-attempts           statistics   count     7852   0pct    86.32  50pct  2850.36  90pct  3550.92  99pct  4721.42    ave  2687.75
[0;32m[INFO][0m   h3: I [../src/deptran/s_main.cc:901] 2026-03-02 19:58:36.928 | All-efficient-attempts           distribution     86.32  1516.69  1987.10  2380.95  2540.08  2850.36  2958.70  3200.06  3302.72  3550.92  4725.24
[0;32m[INFO][0m   h3: I [../src/deptran/s_main.cc:904] 2026-03-02 19:58:36.932 | Mid throughput is 785.20
[0;32m[INFO][0m   h3: I [../src/deptran/s_main.cc:905] 2026-03-02 19:58:36.932 | Fastpath statistics attempted 0 successed 0 rate(pct) -nan efficient_successed 0 efficient_rate(pct) -nan
[0;32m[INFO][0m   h3: I [../src/deptran/s_main.cc:919] 2026-03-02 19:58:36.932 | Cpu-usage-leaders ave -1.0000 count 0
[0;32m[INFO][0m   h3: I [../src/deptran/s_main.cc:931] 2026-03-02 19:58:36.932 | Queue-depth ave 0.0000 count 1
[0;32m[INFO][0m   h4: I [../src/deptran/s_main.cc:893] 2026-03-02 19:58:36.927 | All-efficient-attempts           statistics   count     7589   0pct    97.25  50pct  2774.12  90pct  3304.77  99pct  4748.30    ave  2700.43
[0;32m[INFO][0m   h4: I [../src/deptran/s_main.cc:901] 2026-03-02 19:58:36.931 | All-efficient-attempts           distribution     97.25  1620.77  2124.38  2529.09  2592.84  2774.12  2958.75  3066.86  3300.77  3304.77  4749.99
[0;32m[INFO][0m   h4: I [../src/deptran/s_main.cc:904] 2026-03-02 19:58:36.935 | Mid throughput is 758.90
[0;32m[INFO][0m   h4: I [../src/deptran/s_main.cc:905] 2026-03-02 19:58:36.935 | Fastpath statistics attempted 0 successed 0 rate(pct) -nan efficient_successed 0 efficient_rate(pct) -nan
[0;32m[INFO][0m   h4: I [../src/deptran/s_main.cc:919] 2026-03-02 19:58:36.935 | Cpu-usage-leaders ave -1.0000 count 0
[0;32m[INFO][0m   h4: I [../src/deptran/s_main.cc:931] 2026-03-02 19:58:36.935 | Queue-depth ave 0.0000 count 1
[0;32m[INFO][0m   h5: I [../src/deptran/s_main.cc:893] 2026-03-02 19:58:37.527 | All-efficient-attempts           statistics   count     7275   0pct   595.79  50pct  3004.87  90pct  3926.68  99pct  4747.50    ave  2925.83
[0;32m[INFO][0m   h5: I [../src/deptran/s_main.cc:901] 2026-03-02 19:58:37.532 | All-efficient-attempts           distribution    595.79  1830.51  2483.04  2588.08  2854.03  3004.87  3234.40  3298.22  3327.26  3926.68  4749.30
[0;32m[INFO][0m   h5: I [../src/deptran/s_main.cc:904] 2026-03-02 19:58:37.535 | Mid throughput is 727.50
[0;32m[INFO][0m   h5: I [../src/deptran/s_main.cc:905] 2026-03-02 19:58:37.535 | Fastpath statistics attempted 0 successed 0 rate(pct) -nan efficient_successed 0 efficient_rate(pct) -nan
[0;32m[INFO][0m   h5: I [../src/deptran/s_main.cc:919] 2026-03-02 19:58:37.535 | Cpu-usage-leaders ave -1.0000 count 0
[0;32m[INFO][0m   h5: I [../src/deptran/s_main.cc:931] 2026-03-02 19:58:37.535 | Queue-depth ave 0.0000 count 1
[0;32m[INFO][0m === Benchmark PASSED ===
[0;32m[INFO][0m Cleaning up...
