# Attempt: 0 of 2
# Concurrency: 200
# Docker exit code: 0
# Timestamp: 2026-03-18T13:16:11Z
---
[0;32m[INFO][0m === Benchmark Mode ===
[0;32m[INFO][0m Site config:       60c1s5r5p.yml
[0;32m[INFO][0m Mode config:       none_mongodb.yml
[0;32m[INFO][0m Client config:     client_open.yml
[0;32m[INFO][0m Concurrent config: concurrent_200.yml
[0;32m[INFO][0m Latency:           20ms +/- 0ms
[0;32m[INFO][0m Duration:          30s
[0;32m[INFO][0m Starting 3-member MongoDB replica set...
about to fork child process, waiting until server is ready for connections.
forked process: 11
child process started successfully, parent exiting
[0;32m[INFO][0m   mongod0 (127.0.0.1:27017) PID=11
about to fork child process, waiting until server is ready for connections.
forked process: 74
child process started successfully, parent exiting
[0;32m[INFO][0m   mongod1 (127.0.0.2:27017) PID=74
about to fork child process, waiting until server is ready for connections.
forked process: 137
child process started successfully, parent exiting
[0;32m[INFO][0m   mongod2 (127.0.0.3:27017) PID=137
[0;32m[INFO][0m Initiating replica set 'jetpack-rs'...
[0;32m[INFO][0m Replica set is ready (primary=127.0.0.1)
[0;32m[INFO][0m Verifying MongoDB read/write at mongodb://127.0.0.1:27017,127.0.0.2:27017,127.0.0.3:27017/?replicaSet=jetpack-rs ...
[0;32m[INFO][0m MongoDB read/write verification passed
[0;32m[INFO][0m Setting up network latency: 20ms +/- 0ms on lo
[0;32m[INFO][0m   127.0.0.2: 20ms +/- 0ms delay
[0;32m[INFO][0m   127.0.0.3: 20ms +/- 0ms delay
[0;32m[INFO][0m   127.0.0.4: 20ms +/- 0ms delay
[0;32m[INFO][0m   127.0.0.5: 20ms +/- 0ms delay
[0;32m[INFO][0m Latency simulation active
[0;32m[INFO][0m Starting process h1
[0;32m[INFO][0m Starting process h2
[0;32m[INFO][0m Starting process h3
[0;32m[INFO][0m Starting process h4
[0;32m[INFO][0m Starting process h5
[0;32m[INFO][0m Waiting for 5 processes to complete (timeout: 90s)...
[0;32m[INFO][0m --- Benchmark Results ---
[0;32m[INFO][0m   h1: I [../src/deptran/s_main.cc:893] 2026-03-18 13:14:22.977 | All-efficient-attempts           statistics   count     7000   0pct  1741.50  50pct  3393.78  90pct  3593.86  99pct  3693.07    ave  3404.10
[0;32m[INFO][0m   h1: I [../src/deptran/s_main.cc:901] 2026-03-18 13:14:22.981 | All-efficient-attempts           distribution   1741.50  3289.49  3334.69  3368.17  3382.95  3393.78  3448.35  3463.26  3570.38  3593.86  3694.57
[0;32m[INFO][0m   h1: I [../src/deptran/s_main.cc:904] 2026-03-18 13:14:22.985 | Mid throughput is 700.00
[0;32m[INFO][0m   h1: I [../src/deptran/s_main.cc:905] 2026-03-18 13:14:22.985 | Fastpath statistics attempted 0 successed 0 rate(pct) -nan efficient_successed 0 efficient_rate(pct) -nan
[0;32m[INFO][0m   h1: I [../src/deptran/s_main.cc:919] 2026-03-18 13:14:22.985 | Cpu-usage-leaders ave -1.0000 count 0
[0;32m[INFO][0m   h1: I [../src/deptran/s_main.cc:931] 2026-03-18 13:14:22.985 | Queue-depth ave 1.0000 count 1
[0;32m[INFO][0m   h2: I [../src/deptran/s_main.cc:893] 2026-03-18 13:14:23.737 | All-efficient-attempts           statistics   count     7200   0pct  1787.76  50pct  3472.16  90pct  3671.48  99pct  3696.93    ave  3419.07
[0;32m[INFO][0m   h2: I [../src/deptran/s_main.cc:901] 2026-03-18 13:14:23.741 | All-efficient-attempts           distribution   1787.76  3254.34  3338.39  3377.53  3454.68  3472.16  3494.44  3515.01  3590.04  3671.48  3697.90
[0;32m[INFO][0m   h2: I [../src/deptran/s_main.cc:904] 2026-03-18 13:14:23.745 | Mid throughput is 720.00
[0;32m[INFO][0m   h2: I [../src/deptran/s_main.cc:905] 2026-03-18 13:14:23.745 | Fastpath statistics attempted 0 successed 0 rate(pct) -nan efficient_successed 0 efficient_rate(pct) -nan
[0;32m[INFO][0m   h2: I [../src/deptran/s_main.cc:919] 2026-03-18 13:14:23.745 | Cpu-usage-leaders ave -1.0000 count 0
[0;32m[INFO][0m   h2: I [../src/deptran/s_main.cc:931] 2026-03-18 13:14:23.745 | Queue-depth ave 0.0000 count 1
[0;32m[INFO][0m   h3: I [../src/deptran/s_main.cc:893] 2026-03-18 13:14:24.015 | All-efficient-attempts           statistics   count     6801   0pct  1788.78  50pct  3429.57  90pct  3595.19  99pct  3696.16    ave  3408.10
[0;32m[INFO][0m   h3: I [../src/deptran/s_main.cc:901] 2026-03-18 13:14:24.019 | All-efficient-attempts           distribution   1788.78  3337.70  3377.43  3384.71  3396.76  3429.57  3463.90  3502.36  3572.75  3595.19  3697.01
[0;32m[INFO][0m   h3: I [../src/deptran/s_main.cc:904] 2026-03-18 13:14:24.022 | Mid throughput is 680.10
[0;32m[INFO][0m   h3: I [../src/deptran/s_main.cc:905] 2026-03-18 13:14:24.022 | Fastpath statistics attempted 0 successed 0 rate(pct) -nan efficient_successed 0 efficient_rate(pct) -nan
[0;32m[INFO][0m   h3: I [../src/deptran/s_main.cc:919] 2026-03-18 13:14:24.022 | Cpu-usage-leaders ave -1.0000 count 0
[0;32m[INFO][0m   h3: I [../src/deptran/s_main.cc:931] 2026-03-18 13:14:24.022 | Queue-depth ave 0.0000 count 1
[0;32m[INFO][0m   h4: I [../src/deptran/s_main.cc:893] 2026-03-18 13:14:24.247 | All-efficient-attempts           statistics   count     6200   0pct  1642.63  50pct  3475.11  90pct  3646.54  99pct  3698.05    ave  3424.01
[0;32m[INFO][0m   h4: I [../src/deptran/s_main.cc:901] 2026-03-18 13:14:24.251 | All-efficient-attempts           distribution   1642.63  3343.36  3375.76  3427.38  3459.05  3475.11  3494.86  3584.21  3604.98  3646.54  3698.38
[0;32m[INFO][0m   h4: I [../src/deptran/s_main.cc:904] 2026-03-18 13:14:24.255 | Mid throughput is 620.00
[0;32m[INFO][0m   h4: I [../src/deptran/s_main.cc:905] 2026-03-18 13:14:24.255 | Fastpath statistics attempted 0 successed 0 rate(pct) -nan efficient_successed 0 efficient_rate(pct) -nan
[0;32m[INFO][0m   h4: I [../src/deptran/s_main.cc:919] 2026-03-18 13:14:24.255 | Cpu-usage-leaders ave -1.0000 count 0
[0;32m[INFO][0m   h4: I [../src/deptran/s_main.cc:931] 2026-03-18 13:14:24.255 | Queue-depth ave 0.0000 count 1
[0;32m[INFO][0m   h5: I [../src/deptran/s_main.cc:893] 2026-03-18 13:14:24.014 | All-efficient-attempts           statistics   count     7159   0pct  1414.60  50pct  3492.27  90pct  3693.09  99pct  3696.65    ave  3422.96
[0;32m[INFO][0m   h5: I [../src/deptran/s_main.cc:901] 2026-03-18 13:14:24.018 | All-efficient-attempts           distribution   1414.60  3305.65  3343.72  3392.82  3463.36  3492.27  3519.43  3561.37  3616.10  3693.09  3699.76
[0;32m[INFO][0m   h5: I [../src/deptran/s_main.cc:904] 2026-03-18 13:14:24.021 | Mid throughput is 715.90
[0;32m[INFO][0m   h5: I [../src/deptran/s_main.cc:905] 2026-03-18 13:14:24.021 | Fastpath statistics attempted 0 successed 0 rate(pct) -nan efficient_successed 0 efficient_rate(pct) -nan
[0;32m[INFO][0m   h5: I [../src/deptran/s_main.cc:919] 2026-03-18 13:14:24.021 | Cpu-usage-leaders ave -1.0000 count 0
[0;32m[INFO][0m   h5: I [../src/deptran/s_main.cc:931] 2026-03-18 13:14:24.021 | Queue-depth ave 0.0000 count 1
[0;32m[INFO][0m === Benchmark PASSED ===
[0;32m[INFO][0m Cleaning up...
