# Attempt: 1 of 2
# Concurrency: 75
# Docker exit code: 0
# Timestamp: 2026-03-02T19:53:45Z
---
[0;32m[INFO][0m === Benchmark Mode ===
[0;32m[INFO][0m Site config:       60c1s5r5p.yml
[0;32m[INFO][0m Mode config:       none_mongodb.yml
[0;32m[INFO][0m Client config:     client_open.yml
[0;32m[INFO][0m Concurrent config: concurrent_75.yml
[0;32m[INFO][0m Latency:           20ms +/- 0ms
[0;32m[INFO][0m Duration:          30s
[0;32m[INFO][0m Starting 3-member MongoDB replica set...
about to fork child process, waiting until server is ready for connections.
forked process: 11
child process started successfully, parent exiting
[0;32m[INFO][0m   mongod0 (127.0.0.1:27017) PID=11
{"t":{"$date":"2026-03-02T19:50:28.367Z"},"s":"I",  "c":"NETWORK",  "id":4915701, "ctx":"main","msg":"Initialized wire specification","attr":{"spec":{"incomingExternalClient":{"minWireVersion":0,"maxWireVersion":21},"incomingInternalClient":{"minWireVersion":0,"maxWireVersion":21},"outgoing":{"minWireVersion":6,"maxWireVersion":21},"isInternalClient":true}}}
about to fork child process, waiting until server is ready for connections.
forked process: 74
child process started successfully, parent exiting
[0;32m[INFO][0m   mongod1 (127.0.0.2:27017) PID=74
about to fork child process, waiting until server is ready for connections.
forked process: 137
child process started successfully, parent exiting
[0;32m[INFO][0m   mongod2 (127.0.0.3:27017) PID=137
[0;32m[INFO][0m Initiating replica set 'jetpack-rs'...
[0;32m[INFO][0m Replica set is ready (primary=127.0.0.1)
[0;32m[INFO][0m Verifying MongoDB read/write at mongodb://127.0.0.1:27017 ...
[0;32m[INFO][0m MongoDB read/write verification passed
[0;32m[INFO][0m Setting up network latency: 20ms +/- 0ms on lo
[0;32m[INFO][0m   127.0.0.2: 20ms +/- 0ms delay
[0;32m[INFO][0m   127.0.0.3: 20ms +/- 0ms delay
[0;32m[INFO][0m   127.0.0.4: 20ms +/- 0ms delay
[0;32m[INFO][0m   127.0.0.5: 20ms +/- 0ms delay
[0;32m[INFO][0m Latency simulation active
[0;32m[INFO][0m Starting process h1
[0;32m[INFO][0m Starting process h2
[0;32m[INFO][0m Starting process h3
[0;32m[INFO][0m Starting process h4
[0;32m[INFO][0m Starting process h5
[0;32m[INFO][0m Waiting for 5 processes to complete (timeout: 90s)...
[0;32m[INFO][0m --- Benchmark Results ---
[0;32m[INFO][0m   h1: I [../src/deptran/s_main.cc:893] 2026-03-02 19:52:01.570 | All-efficient-attempts           statistics   count     7126   0pct    54.03  50pct  2194.22  90pct  4018.05  99pct  5046.14    ave  2259.57
[0;32m[INFO][0m   h1: I [../src/deptran/s_main.cc:901] 2026-03-02 19:52:01.575 | All-efficient-attempts           distribution     54.03   694.88  1112.95  1477.58  1860.05  2194.22  2526.82  3013.50  3333.53  4018.05  5287.34
[0;32m[INFO][0m   h1: I [../src/deptran/s_main.cc:904] 2026-03-02 19:52:01.578 | Mid throughput is 712.60
[0;32m[INFO][0m   h1: I [../src/deptran/s_main.cc:905] 2026-03-02 19:52:01.578 | Fastpath statistics attempted 0 successed 0 rate(pct) -nan efficient_successed 0 efficient_rate(pct) -nan
[0;32m[INFO][0m   h1: I [../src/deptran/s_main.cc:919] 2026-03-02 19:52:01.578 | Cpu-usage-leaders ave -1.0000 count 0
[0;32m[INFO][0m   h1: I [../src/deptran/s_main.cc:931] 2026-03-02 19:52:01.578 | Queue-depth ave 1.0000 count 1
[0;32m[INFO][0m   h2: I [../src/deptran/s_main.cc:893] 2026-03-02 19:52:02.917 | All-efficient-attempts           statistics   count     7557   0pct    81.30  50pct  1991.63  90pct  3514.76  99pct  4408.70    ave  2032.01
[0;32m[INFO][0m   h2: I [../src/deptran/s_main.cc:901] 2026-03-02 19:52:02.921 | All-efficient-attempts           distribution     81.30   718.46  1067.88  1390.93  1677.57  1991.63  2262.09  2520.88  2957.23  3514.76  5321.67
[0;32m[INFO][0m   h2: I [../src/deptran/s_main.cc:904] 2026-03-02 19:52:02.924 | Mid throughput is 755.70
[0;32m[INFO][0m   h2: I [../src/deptran/s_main.cc:905] 2026-03-02 19:52:02.924 | Fastpath statistics attempted 0 successed 0 rate(pct) -nan efficient_successed 0 efficient_rate(pct) -nan
[0;32m[INFO][0m   h2: I [../src/deptran/s_main.cc:919] 2026-03-02 19:52:02.924 | Cpu-usage-leaders ave -1.0000 count 0
[0;32m[INFO][0m   h2: I [../src/deptran/s_main.cc:931] 2026-03-02 19:52:02.924 | Queue-depth ave 0.0000 count 1
[0;32m[INFO][0m   h3: I [../src/deptran/s_main.cc:893] 2026-03-02 19:52:02.914 | All-efficient-attempts           statistics   count     7644   0pct    87.09  50pct  2162.68  90pct  3780.70  99pct  4762.25    ave  2209.78
[0;32m[INFO][0m   h3: I [../src/deptran/s_main.cc:901] 2026-03-02 19:52:02.920 | All-efficient-attempts           distribution     87.09   766.22  1168.84  1532.10  1838.16  2162.68  2430.59  2732.07  3220.30  3780.70  5454.55
[0;32m[INFO][0m   h3: I [../src/deptran/s_main.cc:904] 2026-03-02 19:52:02.925 | Mid throughput is 764.40
[0;32m[INFO][0m   h3: I [../src/deptran/s_main.cc:905] 2026-03-02 19:52:02.925 | Fastpath statistics attempted 0 successed 0 rate(pct) -nan efficient_successed 0 efficient_rate(pct) -nan
[0;32m[INFO][0m   h3: I [../src/deptran/s_main.cc:919] 2026-03-02 19:52:02.925 | Cpu-usage-leaders ave -1.0000 count 0
[0;32m[INFO][0m   h3: I [../src/deptran/s_main.cc:931] 2026-03-02 19:52:02.925 | Queue-depth ave 0.0000 count 1
[0;32m[INFO][0m   h4: I [../src/deptran/s_main.cc:893] 2026-03-02 19:52:03.322 | All-efficient-attempts           statistics   count     7661   0pct    85.97  50pct  2088.43  90pct  3466.87  99pct  4835.45    ave  2094.55
[0;32m[INFO][0m   h4: I [../src/deptran/s_main.cc:901] 2026-03-02 19:52:03.327 | All-efficient-attempts           distribution     85.97   715.29  1079.71  1408.98  1727.96  2088.43  2373.84  2646.36  3095.51  3466.87  4906.59
[0;32m[INFO][0m   h4: I [../src/deptran/s_main.cc:904] 2026-03-02 19:52:03.330 | Mid throughput is 766.10
[0;32m[INFO][0m   h4: I [../src/deptran/s_main.cc:905] 2026-03-02 19:52:03.330 | Fastpath statistics attempted 0 successed 0 rate(pct) -nan efficient_successed 0 efficient_rate(pct) -nan
[0;32m[INFO][0m   h4: I [../src/deptran/s_main.cc:919] 2026-03-02 19:52:03.330 | Cpu-usage-leaders ave -1.0000 count 0
[0;32m[INFO][0m   h4: I [../src/deptran/s_main.cc:931] 2026-03-02 19:52:03.330 | Queue-depth ave 0.0000 count 1
[0;32m[INFO][0m   h5: I [../src/deptran/s_main.cc:893] 2026-03-02 19:52:03.321 | All-efficient-attempts           statistics   count     7296   0pct    77.77  50pct  2132.27  90pct  3796.77  99pct  4505.94    ave  2139.92
[0;32m[INFO][0m   h5: I [../src/deptran/s_main.cc:901] 2026-03-02 19:52:03.325 | All-efficient-attempts           distribution     77.77   689.03  1058.95  1421.27  1729.05  2132.27  2431.57  2769.48  3208.35  3796.77  4512.88
[0;32m[INFO][0m   h5: I [../src/deptran/s_main.cc:904] 2026-03-02 19:52:03.328 | Mid throughput is 729.60
[0;32m[INFO][0m   h5: I [../src/deptran/s_main.cc:905] 2026-03-02 19:52:03.328 | Fastpath statistics attempted 0 successed 0 rate(pct) -nan efficient_successed 0 efficient_rate(pct) -nan
[0;32m[INFO][0m   h5: I [../src/deptran/s_main.cc:919] 2026-03-02 19:52:03.328 | Cpu-usage-leaders ave -1.0000 count 0
[0;32m[INFO][0m   h5: I [../src/deptran/s_main.cc:931] 2026-03-02 19:52:03.328 | Queue-depth ave 0.0000 count 1
[0;32m[INFO][0m === Benchmark PASSED ===
[0;32m[INFO][0m Cleaning up...
