# Attempt: 0 of 2
# Concurrency: 400
# Docker exit code: 0
# Timestamp: 2026-03-18T13:24:49Z
---
[0;32m[INFO][0m === Benchmark Mode ===
[0;32m[INFO][0m Site config:       60c1s5r5p.yml
[0;32m[INFO][0m Mode config:       none_mongodb.yml
[0;32m[INFO][0m Client config:     client_open.yml
[0;32m[INFO][0m Concurrent config: concurrent_400.yml
[0;32m[INFO][0m Latency:           20ms +/- 0ms
[0;32m[INFO][0m Duration:          30s
[0;32m[INFO][0m Starting 3-member MongoDB replica set...
about to fork child process, waiting until server is ready for connections.
forked process: 10
child process started successfully, parent exiting
[0;32m[INFO][0m   mongod0 (127.0.0.1:27017) PID=10
about to fork child process, waiting until server is ready for connections.
forked process: 73
child process started successfully, parent exiting
[0;32m[INFO][0m   mongod1 (127.0.0.2:27017) PID=73
about to fork child process, waiting until server is ready for connections.
forked process: 136
child process started successfully, parent exiting
[0;32m[INFO][0m   mongod2 (127.0.0.3:27017) PID=136
[0;32m[INFO][0m Initiating replica set 'jetpack-rs'...
[0;32m[INFO][0m Replica set is ready (primary=127.0.0.1)
[0;32m[INFO][0m Verifying MongoDB read/write at mongodb://127.0.0.1:27017,127.0.0.2:27017,127.0.0.3:27017/?replicaSet=jetpack-rs ...
[0;32m[INFO][0m MongoDB read/write verification passed
[0;32m[INFO][0m Setting up network latency: 20ms +/- 0ms on lo
[0;32m[INFO][0m   127.0.0.2: 20ms +/- 0ms delay
[0;32m[INFO][0m   127.0.0.3: 20ms +/- 0ms delay
[0;32m[INFO][0m   127.0.0.4: 20ms +/- 0ms delay
[0;32m[INFO][0m   127.0.0.5: 20ms +/- 0ms delay
[0;32m[INFO][0m Latency simulation active
[0;32m[INFO][0m Starting process h1
[0;32m[INFO][0m Starting process h2
[0;32m[INFO][0m Starting process h3
[0;32m[INFO][0m Starting process h4
[0;32m[INFO][0m Starting process h5
[0;32m[INFO][0m Waiting for 5 processes to complete (timeout: 90s)...
[0;32m[INFO][0m --- Benchmark Results ---
[0;32m[INFO][0m   h1: I [../src/deptran/s_main.cc:893] 2026-03-18 13:23:05.445 | All-efficient-attempts           statistics   count     5800   0pct  3664.64  50pct  4190.78  90pct  4223.32  99pct  4496.75    ave  4137.19
[0;32m[INFO][0m   h1: I [../src/deptran/s_main.cc:901] 2026-03-18 13:23:05.449 | All-efficient-attempts           distribution   3664.64  3916.67  4041.57  4109.27  4175.96  4190.78  4197.13  4212.59  4219.64  4223.32  4501.16
[0;32m[INFO][0m   h1: I [../src/deptran/s_main.cc:904] 2026-03-18 13:23:05.453 | Mid throughput is 580.00
[0;32m[INFO][0m   h1: I [../src/deptran/s_main.cc:905] 2026-03-18 13:23:05.453 | Fastpath statistics attempted 0 successed 0 rate(pct) -nan efficient_successed 0 efficient_rate(pct) -nan
[0;32m[INFO][0m   h1: I [../src/deptran/s_main.cc:919] 2026-03-18 13:23:05.453 | Cpu-usage-leaders ave -1.0000 count 0
[0;32m[INFO][0m   h1: I [../src/deptran/s_main.cc:931] 2026-03-18 13:23:05.453 | Queue-depth ave 1.0000 count 1
[0;32m[INFO][0m   h2: I [../src/deptran/s_main.cc:893] 2026-03-18 13:23:05.592 | All-efficient-attempts           statistics   count     5276   0pct  1676.64  50pct  4194.01  90pct  4267.87  99pct  4559.07    ave  4102.63
[0;32m[INFO][0m   h2: I [../src/deptran/s_main.cc:901] 2026-03-18 13:23:05.596 | All-efficient-attempts           distribution   1676.64  3948.22  4112.43  4177.54  4187.37  4194.01  4200.31  4218.94  4222.04  4267.87  4560.96
[0;32m[INFO][0m   h2: I [../src/deptran/s_main.cc:904] 2026-03-18 13:23:05.599 | Mid throughput is 527.60
[0;32m[INFO][0m   h2: I [../src/deptran/s_main.cc:905] 2026-03-18 13:23:05.599 | Fastpath statistics attempted 0 successed 0 rate(pct) -nan efficient_successed 0 efficient_rate(pct) -nan
[0;32m[INFO][0m   h2: I [../src/deptran/s_main.cc:919] 2026-03-18 13:23:05.599 | Cpu-usage-leaders ave -1.0000 count 0
[0;32m[INFO][0m   h2: I [../src/deptran/s_main.cc:931] 2026-03-18 13:23:05.599 | Queue-depth ave 0.0000 count 1
[0;32m[INFO][0m   h3: I [../src/deptran/s_main.cc:893] 2026-03-18 13:23:06.401 | All-efficient-attempts           statistics   count     5400   0pct  3876.50  50pct  4192.95  90pct  4337.75  99pct  4498.49    ave  4185.39
[0;32m[INFO][0m   h3: I [../src/deptran/s_main.cc:901] 2026-03-18 13:23:06.405 | All-efficient-attempts           distribution   3876.50  3951.42  4116.70  4174.20  4188.50  4192.95  4199.64  4223.02  4225.84  4337.75  4500.08
[0;32m[INFO][0m   h3: I [../src/deptran/s_main.cc:904] 2026-03-18 13:23:06.408 | Mid throughput is 540.00
[0;32m[INFO][0m   h3: I [../src/deptran/s_main.cc:905] 2026-03-18 13:23:06.408 | Fastpath statistics attempted 0 successed 0 rate(pct) -nan efficient_successed 0 efficient_rate(pct) -nan
[0;32m[INFO][0m   h3: I [../src/deptran/s_main.cc:919] 2026-03-18 13:23:06.408 | Cpu-usage-leaders ave -1.0000 count 0
[0;32m[INFO][0m   h3: I [../src/deptran/s_main.cc:931] 2026-03-18 13:23:06.408 | Queue-depth ave 0.0000 count 1
[0;32m[INFO][0m   h4: I [../src/deptran/s_main.cc:893] 2026-03-18 13:23:06.197 | All-efficient-attempts           statistics   count     5000   0pct  4104.73  50pct  4193.35  90pct  4268.19  99pct  4497.51    ave  4210.32
[0;32m[INFO][0m   h4: I [../src/deptran/s_main.cc:901] 2026-03-18 13:23:06.201 | All-efficient-attempts           distribution   4104.73  4111.27  4163.97  4178.45  4188.53  4193.35  4200.11  4222.38  4265.18  4268.19  4499.08
[0;32m[INFO][0m   h4: I [../src/deptran/s_main.cc:904] 2026-03-18 13:23:06.204 | Mid throughput is 500.00
[0;32m[INFO][0m   h4: I [../src/deptran/s_main.cc:905] 2026-03-18 13:23:06.204 | Fastpath statistics attempted 0 successed 0 rate(pct) -nan efficient_successed 0 efficient_rate(pct) -nan
[0;32m[INFO][0m   h4: I [../src/deptran/s_main.cc:919] 2026-03-18 13:23:06.204 | Cpu-usage-leaders ave -1.0000 count 0
[0;32m[INFO][0m   h4: I [../src/deptran/s_main.cc:931] 2026-03-18 13:23:06.204 | Queue-depth ave 0.0000 count 1
[0;32m[INFO][0m   h5: I [../src/deptran/s_main.cc:893] 2026-03-18 13:23:07.400 | All-efficient-attempts           statistics   count     5000   0pct  4108.51  50pct  4192.27  90pct  4270.08  99pct  4499.51    ave  4217.80
[0;32m[INFO][0m   h5: I [../src/deptran/s_main.cc:901] 2026-03-18 13:23:07.404 | All-efficient-attempts           distribution   4108.51  4130.23  4175.82  4178.57  4186.41  4192.27  4224.55  4265.29  4267.28  4270.08  4501.11
[0;32m[INFO][0m   h5: I [../src/deptran/s_main.cc:904] 2026-03-18 13:23:07.407 | Mid throughput is 500.00
[0;32m[INFO][0m   h5: I [../src/deptran/s_main.cc:905] 2026-03-18 13:23:07.407 | Fastpath statistics attempted 0 successed 0 rate(pct) -nan efficient_successed 0 efficient_rate(pct) -nan
[0;32m[INFO][0m   h5: I [../src/deptran/s_main.cc:919] 2026-03-18 13:23:07.407 | Cpu-usage-leaders ave -1.0000 count 0
[0;32m[INFO][0m   h5: I [../src/deptran/s_main.cc:931] 2026-03-18 13:23:07.407 | Queue-depth ave 0.0000 count 1
[0;32m[INFO][0m === Benchmark PASSED ===
[0;32m[INFO][0m Cleaning up...
