# Attempt: 0 of 2
# Concurrency: 300
# Docker exit code: 0
# Timestamp: 2026-03-18T13:21:23Z
---
[0;32m[INFO][0m === Benchmark Mode ===
[0;32m[INFO][0m Site config:       60c1s5r5p.yml
[0;32m[INFO][0m Mode config:       none_mongodb.yml
[0;32m[INFO][0m Client config:     client_open.yml
[0;32m[INFO][0m Concurrent config: concurrent_300.yml
[0;32m[INFO][0m Latency:           20ms +/- 0ms
[0;32m[INFO][0m Duration:          30s
[0;32m[INFO][0m Starting 3-member MongoDB replica set...
about to fork child process, waiting until server is ready for connections.
forked process: 11
child process started successfully, parent exiting
[0;32m[INFO][0m   mongod0 (127.0.0.1:27017) PID=11
about to fork child process, waiting until server is ready for connections.
forked process: 74
child process started successfully, parent exiting
[0;32m[INFO][0m   mongod1 (127.0.0.2:27017) PID=74
about to fork child process, waiting until server is ready for connections.
forked process: 137
child process started successfully, parent exiting
[0;32m[INFO][0m   mongod2 (127.0.0.3:27017) PID=137
[0;32m[INFO][0m Initiating replica set 'jetpack-rs'...
[0;32m[INFO][0m Replica set is ready (primary=127.0.0.3)
[0;32m[INFO][0m Verifying MongoDB read/write at mongodb://127.0.0.1:27017,127.0.0.2:27017,127.0.0.3:27017/?replicaSet=jetpack-rs ...
[0;32m[INFO][0m MongoDB read/write verification passed
[0;32m[INFO][0m Setting up network latency: 20ms +/- 0ms on lo
[0;32m[INFO][0m   127.0.0.2: 20ms +/- 0ms delay
[0;32m[INFO][0m   127.0.0.3: 20ms +/- 0ms delay
[0;32m[INFO][0m   127.0.0.4: 20ms +/- 0ms delay
[0;32m[INFO][0m   127.0.0.5: 20ms +/- 0ms delay
[0;32m[INFO][0m Latency simulation active
[0;32m[INFO][0m Starting process h1
[0;32m[INFO][0m Starting process h2
[0;32m[INFO][0m Starting process h3
[0;32m[INFO][0m Starting process h4
[0;32m[INFO][0m Starting process h5
[0;32m[INFO][0m Waiting for 5 processes to complete (timeout: 90s)...
[0;32m[INFO][0m --- Benchmark Results ---
[0;32m[INFO][0m   h1: I [../src/deptran/s_main.cc:893] 2026-03-18 13:17:51.237 | All-efficient-attempts           statistics   count     5000   0pct  4316.54  50pct  4573.55  90pct  4728.81  99pct  4815.78    ave  4540.46
[0;32m[INFO][0m   h1: I [../src/deptran/s_main.cc:901] 2026-03-18 13:17:51.242 | All-efficient-attempts           distribution   4316.54  4352.57  4360.44  4400.95  4546.70  4573.55  4587.64  4600.82  4701.16  4728.81  4822.72
[0;32m[INFO][0m   h1: I [../src/deptran/s_main.cc:904] 2026-03-18 13:17:51.246 | Mid throughput is 500.00
[0;32m[INFO][0m   h1: I [../src/deptran/s_main.cc:905] 2026-03-18 13:17:51.246 | Fastpath statistics attempted 0 successed 0 rate(pct) -nan efficient_successed 0 efficient_rate(pct) -nan
[0;32m[INFO][0m   h1: I [../src/deptran/s_main.cc:919] 2026-03-18 13:17:51.246 | Cpu-usage-leaders ave -1.0000 count 0
[0;32m[INFO][0m   h1: I [../src/deptran/s_main.cc:931] 2026-03-18 13:17:51.246 | Queue-depth ave 1.0000 count 1
[0;32m[INFO][0m   h2: I [../src/deptran/s_main.cc:893] 2026-03-18 13:17:51.461 | All-efficient-attempts           statistics   count     4800   0pct  4360.18  50pct  4708.93  90pct  4915.46  99pct  5021.99    ave  4638.98
[0;32m[INFO][0m   h2: I [../src/deptran/s_main.cc:901] 2026-03-18 13:17:51.466 | All-efficient-attempts           distribution   4360.18  4402.59  4410.21  4426.87  4555.25  4708.93  4712.05  4780.39  4812.62  4915.46  5024.74
[0;32m[INFO][0m   h2: I [../src/deptran/s_main.cc:904] 2026-03-18 13:17:51.471 | Mid throughput is 480.00
[0;32m[INFO][0m   h2: I [../src/deptran/s_main.cc:905] 2026-03-18 13:17:51.471 | Fastpath statistics attempted 0 successed 0 rate(pct) -nan efficient_successed 0 efficient_rate(pct) -nan
[0;32m[INFO][0m   h2: I [../src/deptran/s_main.cc:919] 2026-03-18 13:17:51.471 | Cpu-usage-leaders ave -1.0000 count 0
[0;32m[INFO][0m   h2: I [../src/deptran/s_main.cc:931] 2026-03-18 13:17:51.471 | Queue-depth ave 0.0000 count 1
[0;32m[INFO][0m   h3: I [../src/deptran/s_main.cc:893] 2026-03-18 13:17:51.692 | All-efficient-attempts           statistics   count     4800   0pct  4362.43  50pct  4626.45  90pct  4776.45  99pct  5142.14    ave  4611.17
[0;32m[INFO][0m   h3: I [../src/deptran/s_main.cc:901] 2026-03-18 13:17:51.699 | All-efficient-attempts           distribution   4362.43  4389.47  4423.46  4487.42  4567.58  4626.45  4650.15  4706.52  4731.19  4776.45  5144.06
[0;32m[INFO][0m   h3: I [../src/deptran/s_main.cc:904] 2026-03-18 13:17:51.706 | Mid throughput is 480.00
[0;32m[INFO][0m   h3: I [../src/deptran/s_main.cc:905] 2026-03-18 13:17:51.706 | Fastpath statistics attempted 0 successed 0 rate(pct) -nan efficient_successed 0 efficient_rate(pct) -nan
[0;32m[INFO][0m   h3: I [../src/deptran/s_main.cc:919] 2026-03-18 13:17:51.706 | Cpu-usage-leaders ave -1.0000 count 0
[0;32m[INFO][0m   h3: I [../src/deptran/s_main.cc:931] 2026-03-18 13:17:51.706 | Queue-depth ave 0.0000 count 1
[0;32m[INFO][0m   h4: I [../src/deptran/s_main.cc:893] 2026-03-18 13:17:51.496 | All-efficient-attempts           statistics   count     4800   0pct  4357.57  50pct  4582.62  90pct  4782.45  99pct  5431.12    ave  4599.14
[0;32m[INFO][0m   h4: I [../src/deptran/s_main.cc:901] 2026-03-18 13:17:51.501 | All-efficient-attempts           distribution   4357.57  4404.80  4413.22  4423.27  4446.58  4582.62  4685.61  4710.15  4745.15  4782.45  5435.41
[0;32m[INFO][0m   h4: I [../src/deptran/s_main.cc:904] 2026-03-18 13:17:51.505 | Mid throughput is 480.00
[0;32m[INFO][0m   h4: I [../src/deptran/s_main.cc:905] 2026-03-18 13:17:51.505 | Fastpath statistics attempted 0 successed 0 rate(pct) -nan efficient_successed 0 efficient_rate(pct) -nan
[0;32m[INFO][0m   h4: I [../src/deptran/s_main.cc:919] 2026-03-18 13:17:51.505 | Cpu-usage-leaders ave -1.0000 count 0
[0;32m[INFO][0m   h4: I [../src/deptran/s_main.cc:931] 2026-03-18 13:17:51.505 | Queue-depth ave 0.0000 count 1
[0;32m[INFO][0m   h5: I [../src/deptran/s_main.cc:893] 2026-03-18 13:17:51.687 | All-efficient-attempts           statistics   count     4800   0pct  4355.90  50pct  4703.32  90pct  5209.10  99pct  5453.74    ave  4703.68
[0;32m[INFO][0m   h5: I [../src/deptran/s_main.cc:901] 2026-03-18 13:17:51.692 | All-efficient-attempts           distribution   4355.90  4378.12  4414.39  4438.74  4581.60  4703.32  4722.85  4761.15  4933.76  5209.10  5455.81
[0;32m[INFO][0m   h5: I [../src/deptran/s_main.cc:904] 2026-03-18 13:17:51.696 | Mid throughput is 480.00
[0;32m[INFO][0m   h5: I [../src/deptran/s_main.cc:905] 2026-03-18 13:17:51.696 | Fastpath statistics attempted 0 successed 0 rate(pct) -nan efficient_successed 0 efficient_rate(pct) -nan
[0;32m[INFO][0m   h5: I [../src/deptran/s_main.cc:919] 2026-03-18 13:17:51.696 | Cpu-usage-leaders ave -1.0000 count 0
[0;32m[INFO][0m   h5: I [../src/deptran/s_main.cc:931] 2026-03-18 13:17:51.696 | Queue-depth ave 0.0000 count 1
[0;32m[INFO][0m === Benchmark PASSED ===
[0;32m[INFO][0m Cleaning up...
