# Attempt: 0 of 2
# Concurrency: 10
# Docker exit code: 0
# Timestamp: 2026-03-18T12:54:54Z
---
[0;32m[INFO][0m === Benchmark Mode ===
[0;32m[INFO][0m Site config:       60c1s5r5p.yml
[0;32m[INFO][0m Mode config:       none_mongodb.yml
[0;32m[INFO][0m Client config:     client_open.yml
[0;32m[INFO][0m Concurrent config: concurrent_10.yml
[0;32m[INFO][0m Latency:           20ms +/- 0ms
[0;32m[INFO][0m Duration:          30s
[0;32m[INFO][0m Starting 3-member MongoDB replica set...
about to fork child process, waiting until server is ready for connections.
forked process: 11
child process started successfully, parent exiting
[0;32m[INFO][0m   mongod0 (127.0.0.1:27017) PID=11
about to fork child process, waiting until server is ready for connections.
forked process: 74
child process started successfully, parent exiting
[0;32m[INFO][0m   mongod1 (127.0.0.2:27017) PID=74
about to fork child process, waiting until server is ready for connections.
forked process: 137
child process started successfully, parent exiting
[0;32m[INFO][0m   mongod2 (127.0.0.3:27017) PID=137
[0;32m[INFO][0m Initiating replica set 'jetpack-rs'...
[0;32m[INFO][0m Replica set is ready (primary=127.0.0.1)
[0;32m[INFO][0m Verifying MongoDB read/write at mongodb://127.0.0.1:27017,127.0.0.2:27017,127.0.0.3:27017/?replicaSet=jetpack-rs ...
[0;32m[INFO][0m MongoDB read/write verification passed
[0;32m[INFO][0m Setting up network latency: 20ms +/- 0ms on lo
[0;32m[INFO][0m   127.0.0.2: 20ms +/- 0ms delay
[0;32m[INFO][0m   127.0.0.3: 20ms +/- 0ms delay
[0;32m[INFO][0m   127.0.0.4: 20ms +/- 0ms delay
[0;32m[INFO][0m   127.0.0.5: 20ms +/- 0ms delay
[0;32m[INFO][0m Latency simulation active
[0;32m[INFO][0m Starting process h1
[0;32m[INFO][0m Starting process h2
[0;32m[INFO][0m Starting process h3
[0;32m[INFO][0m Starting process h4
[0;32m[INFO][0m Starting process h5
[0;32m[INFO][0m Waiting for 5 processes to complete (timeout: 90s)...
[0;32m[INFO][0m --- Benchmark Results ---
[0;32m[INFO][0m   h1: I [../src/deptran/s_main.cc:893] 2026-03-18 12:53:09.987 | All-efficient-attempts           statistics   count     1153   0pct     4.25  50pct     7.14  90pct    11.09  99pct    24.99    ave     7.99
[0;32m[INFO][0m   h1: I [../src/deptran/s_main.cc:901] 2026-03-18 12:53:09.987 | All-efficient-attempts           distribution      4.25     5.48     5.76     6.07     6.43     7.14     7.42     8.03     9.24    11.09    81.84
[0;32m[INFO][0m   h1: I [../src/deptran/s_main.cc:904] 2026-03-18 12:53:09.988 | Mid throughput is 115.30
[0;32m[INFO][0m   h1: I [../src/deptran/s_main.cc:905] 2026-03-18 12:53:09.988 | Fastpath statistics attempted 0 successed 0 rate(pct) -nan efficient_successed 0 efficient_rate(pct) -nan
[0;32m[INFO][0m   h1: I [../src/deptran/s_main.cc:919] 2026-03-18 12:53:09.988 | Cpu-usage-leaders ave -1.0000 count 0
[0;32m[INFO][0m   h1: I [../src/deptran/s_main.cc:931] 2026-03-18 12:53:09.988 | Queue-depth ave 1.0000 count 1
[0;32m[INFO][0m   h2: I [../src/deptran/s_main.cc:893] 2026-03-18 12:53:10.472 | All-efficient-attempts           statistics   count     1147   0pct    43.56  50pct    45.92  90pct    49.78  99pct    60.15    ave    46.81
[0;32m[INFO][0m   h2: I [../src/deptran/s_main.cc:901] 2026-03-18 12:53:10.473 | All-efficient-attempts           distribution     43.56    44.51    44.90    45.23    45.61    45.92    46.38    47.12    48.16    49.78    89.20
[0;32m[INFO][0m   h2: I [../src/deptran/s_main.cc:904] 2026-03-18 12:53:10.473 | Mid throughput is 114.70
[0;32m[INFO][0m   h2: I [../src/deptran/s_main.cc:905] 2026-03-18 12:53:10.473 | Fastpath statistics attempted 0 successed 0 rate(pct) -nan efficient_successed 0 efficient_rate(pct) -nan
[0;32m[INFO][0m   h2: I [../src/deptran/s_main.cc:919] 2026-03-18 12:53:10.473 | Cpu-usage-leaders ave -1.0000 count 0
[0;32m[INFO][0m   h2: I [../src/deptran/s_main.cc:931] 2026-03-18 12:53:10.473 | Queue-depth ave 0.0000 count 1
[0;32m[INFO][0m   h3: I [../src/deptran/s_main.cc:893] 2026-03-18 12:53:10.472 | All-efficient-attempts           statistics   count     1139   0pct    42.71  50pct    45.95  90pct    50.00  99pct    76.18    ave    47.19
[0;32m[INFO][0m   h3: I [../src/deptran/s_main.cc:901] 2026-03-18 12:53:10.473 | All-efficient-attempts           distribution     42.71    44.48    44.82    45.22    45.51    45.95    46.48    47.18    48.41    50.00   119.06
[0;32m[INFO][0m   h3: I [../src/deptran/s_main.cc:904] 2026-03-18 12:53:10.473 | Mid throughput is 113.90
[0;32m[INFO][0m   h3: I [../src/deptran/s_main.cc:905] 2026-03-18 12:53:10.473 | Fastpath statistics attempted 0 successed 0 rate(pct) -nan efficient_successed 0 efficient_rate(pct) -nan
[0;32m[INFO][0m   h3: I [../src/deptran/s_main.cc:919] 2026-03-18 12:53:10.473 | Cpu-usage-leaders ave -1.0000 count 0
[0;32m[INFO][0m   h3: I [../src/deptran/s_main.cc:931] 2026-03-18 12:53:10.473 | Queue-depth ave 0.0000 count 1
[0;32m[INFO][0m   h4: I [../src/deptran/s_main.cc:893] 2026-03-18 12:53:10.471 | All-efficient-attempts           statistics   count     1150   0pct    43.63  50pct    45.87  90pct    50.20  99pct    72.36    ave    47.18
[0;32m[INFO][0m   h4: I [../src/deptran/s_main.cc:901] 2026-03-18 12:53:10.472 | All-efficient-attempts           distribution     43.63    44.50    44.85    45.17    45.54    45.87    46.31    47.07    48.43    50.20   120.40
[0;32m[INFO][0m   h4: I [../src/deptran/s_main.cc:904] 2026-03-18 12:53:10.472 | Mid throughput is 115.00
[0;32m[INFO][0m   h4: I [../src/deptran/s_main.cc:905] 2026-03-18 12:53:10.472 | Fastpath statistics attempted 0 successed 0 rate(pct) -nan efficient_successed 0 efficient_rate(pct) -nan
[0;32m[INFO][0m   h4: I [../src/deptran/s_main.cc:919] 2026-03-18 12:53:10.472 | Cpu-usage-leaders ave -1.0000 count 0
[0;32m[INFO][0m   h4: I [../src/deptran/s_main.cc:931] 2026-03-18 12:53:10.472 | Queue-depth ave 0.0000 count 1
[0;32m[INFO][0m   h5: I [../src/deptran/s_main.cc:893] 2026-03-18 12:53:10.472 | All-efficient-attempts           statistics   count     1126   0pct    43.24  50pct    45.91  90pct    50.12  99pct    78.72    ave    47.18
[0;32m[INFO][0m   h5: I [../src/deptran/s_main.cc:901] 2026-03-18 12:53:10.473 | All-efficient-attempts           distribution     43.24    44.47    44.86    45.20    45.55    45.91    46.45    47.38    48.37    50.12   115.62
[0;32m[INFO][0m   h5: I [../src/deptran/s_main.cc:904] 2026-03-18 12:53:10.473 | Mid throughput is 112.60
[0;32m[INFO][0m   h5: I [../src/deptran/s_main.cc:905] 2026-03-18 12:53:10.473 | Fastpath statistics attempted 0 successed 0 rate(pct) -nan efficient_successed 0 efficient_rate(pct) -nan
[0;32m[INFO][0m   h5: I [../src/deptran/s_main.cc:919] 2026-03-18 12:53:10.473 | Cpu-usage-leaders ave -1.0000 count 0
[0;32m[INFO][0m   h5: I [../src/deptran/s_main.cc:931] 2026-03-18 12:53:10.473 | Queue-depth ave 0.0000 count 1
[0;32m[INFO][0m === Benchmark PASSED ===
[0;32m[INFO][0m Cleaning up...
