# Attempt: 1 of 2
# Concurrency: 10
# Docker exit code: 0
# Timestamp: 2026-03-02T19:43:24Z
---
[0;32m[INFO][0m === Benchmark Mode ===
[0;32m[INFO][0m Site config:       60c1s5r5p.yml
[0;32m[INFO][0m Mode config:       none_mongodb.yml
[0;32m[INFO][0m Client config:     client_open.yml
[0;32m[INFO][0m Concurrent config: concurrent_10.yml
[0;32m[INFO][0m Latency:           20ms +/- 0ms
[0;32m[INFO][0m Duration:          30s
[0;32m[INFO][0m Starting 3-member MongoDB replica set...
about to fork child process, waiting until server is ready for connections.
forked process: 11
child process started successfully, parent exiting
[0;32m[INFO][0m   mongod0 (127.0.0.1:27017) PID=11
about to fork child process, waiting until server is ready for connections.
forked process: 74
child process started successfully, parent exiting
[0;32m[INFO][0m   mongod1 (127.0.0.2:27017) PID=74
about to fork child process, waiting until server is ready for connections.
forked process: 137
child process started successfully, parent exiting
[0;32m[INFO][0m   mongod2 (127.0.0.3:27017) PID=137
[0;32m[INFO][0m Initiating replica set 'jetpack-rs'...
[0;32m[INFO][0m Replica set is ready (primary=127.0.0.1)
[0;32m[INFO][0m Verifying MongoDB read/write at mongodb://127.0.0.1:27017 ...
[0;32m[INFO][0m MongoDB read/write verification passed
[0;32m[INFO][0m Setting up network latency: 20ms +/- 0ms on lo
[0;32m[INFO][0m   127.0.0.2: 20ms +/- 0ms delay
[0;32m[INFO][0m   127.0.0.3: 20ms +/- 0ms delay
[0;32m[INFO][0m   127.0.0.4: 20ms +/- 0ms delay
[0;32m[INFO][0m   127.0.0.5: 20ms +/- 0ms delay
[0;32m[INFO][0m Latency simulation active
[0;32m[INFO][0m Starting process h1
[0;32m[INFO][0m Starting process h2
[0;32m[INFO][0m Starting process h3
[0;32m[INFO][0m Starting process h4
[0;32m[INFO][0m Starting process h5
[0;32m[INFO][0m Waiting for 5 processes to complete (timeout: 90s)...
[0;32m[INFO][0m --- Benchmark Results ---
[0;32m[INFO][0m   h1: I [../src/deptran/s_main.cc:893] 2026-03-02 19:41:40.213 | All-efficient-attempts           statistics   count     1157   0pct     4.17  50pct     6.61  90pct     9.71  99pct    19.52    ave     7.43
[0;32m[INFO][0m   h1: I [../src/deptran/s_main.cc:901] 2026-03-02 19:41:40.214 | All-efficient-attempts           distribution      4.17     5.28     5.67     5.90     6.21     6.61     7.17     7.45     8.27     9.71    68.64
[0;32m[INFO][0m   h1: I [../src/deptran/s_main.cc:904] 2026-03-02 19:41:40.214 | Mid throughput is 115.70
[0;32m[INFO][0m   h1: I [../src/deptran/s_main.cc:905] 2026-03-02 19:41:40.214 | Fastpath statistics attempted 0 successed 0 rate(pct) -nan efficient_successed 0 efficient_rate(pct) -nan
[0;32m[INFO][0m   h1: I [../src/deptran/s_main.cc:919] 2026-03-02 19:41:40.214 | Cpu-usage-leaders ave -1.0000 count 0
[0;32m[INFO][0m   h1: I [../src/deptran/s_main.cc:931] 2026-03-02 19:41:40.214 | Queue-depth ave 1.0000 count 1
[0;32m[INFO][0m   h2: I [../src/deptran/s_main.cc:893] 2026-03-02 19:41:45.086 | All-efficient-attempts           statistics   count     1125   0pct    43.53  50pct    45.73  90pct    49.35  99pct    58.96    ave    46.64
[0;32m[INFO][0m   h2: I [../src/deptran/s_main.cc:901] 2026-03-02 19:41:45.087 | All-efficient-attempts           distribution     43.53    44.38    44.73    45.02    45.38    45.73    46.12    46.77    47.78    49.35   111.03
[0;32m[INFO][0m   h2: I [../src/deptran/s_main.cc:904] 2026-03-02 19:41:45.088 | Mid throughput is 112.50
[0;32m[INFO][0m   h2: I [../src/deptran/s_main.cc:905] 2026-03-02 19:41:45.088 | Fastpath statistics attempted 0 successed 0 rate(pct) -nan efficient_successed 0 efficient_rate(pct) -nan
[0;32m[INFO][0m   h2: I [../src/deptran/s_main.cc:919] 2026-03-02 19:41:45.088 | Cpu-usage-leaders ave -1.0000 count 0
[0;32m[INFO][0m   h2: I [../src/deptran/s_main.cc:931] 2026-03-02 19:41:45.088 | Queue-depth ave 0.0000 count 1
[0;32m[INFO][0m   h3: I [../src/deptran/s_main.cc:893] 2026-03-02 19:41:45.086 | All-efficient-attempts           statistics   count     1157   0pct    43.46  50pct    45.68  90pct    49.13  99pct    63.96    ave    46.75
[0;32m[INFO][0m   h3: I [../src/deptran/s_main.cc:901] 2026-03-02 19:41:45.087 | All-efficient-attempts           distribution     43.46    44.40    44.74    45.06    45.35    45.68    46.08    46.67    47.62    49.13   106.98
[0;32m[INFO][0m   h3: I [../src/deptran/s_main.cc:904] 2026-03-02 19:41:45.088 | Mid throughput is 115.70
[0;32m[INFO][0m   h3: I [../src/deptran/s_main.cc:905] 2026-03-02 19:41:45.088 | Fastpath statistics attempted 0 successed 0 rate(pct) -nan efficient_successed 0 efficient_rate(pct) -nan
[0;32m[INFO][0m   h3: I [../src/deptran/s_main.cc:919] 2026-03-02 19:41:45.088 | Cpu-usage-leaders ave -1.0000 count 0
[0;32m[INFO][0m   h3: I [../src/deptran/s_main.cc:931] 2026-03-02 19:41:45.088 | Queue-depth ave 0.0000 count 1
[0;32m[INFO][0m   h4: I [../src/deptran/s_main.cc:893] 2026-03-02 19:41:41.689 | All-efficient-attempts           statistics   count     1129   0pct    43.66  50pct    45.77  90pct    49.84  99pct    85.12    ave    47.22
[0;32m[INFO][0m   h4: I [../src/deptran/s_main.cc:901] 2026-03-02 19:41:41.689 | All-efficient-attempts           distribution     43.66    44.44    44.79    45.15    45.45    45.77    46.15    46.73    47.80    49.84   111.87
[0;32m[INFO][0m   h4: I [../src/deptran/s_main.cc:904] 2026-03-02 19:41:41.690 | Mid throughput is 112.90
[0;32m[INFO][0m   h4: I [../src/deptran/s_main.cc:905] 2026-03-02 19:41:41.690 | Fastpath statistics attempted 0 successed 0 rate(pct) -nan efficient_successed 0 efficient_rate(pct) -nan
[0;32m[INFO][0m   h4: I [../src/deptran/s_main.cc:919] 2026-03-02 19:41:41.690 | Cpu-usage-leaders ave -1.0000 count 0
[0;32m[INFO][0m   h4: I [../src/deptran/s_main.cc:931] 2026-03-02 19:41:41.690 | Queue-depth ave 0.0000 count 1
[0;32m[INFO][0m   h5: I [../src/deptran/s_main.cc:893] 2026-03-02 19:41:40.691 | All-efficient-attempts           statistics   count     1123   0pct    43.38  50pct    45.69  90pct    49.28  99pct    62.21    ave    46.65
[0;32m[INFO][0m   h5: I [../src/deptran/s_main.cc:901] 2026-03-02 19:41:40.691 | All-efficient-attempts           distribution     43.38    44.41    44.75    45.07    45.44    45.69    46.08    46.58    47.55    49.28   105.85
[0;32m[INFO][0m   h5: I [../src/deptran/s_main.cc:904] 2026-03-02 19:41:40.692 | Mid throughput is 112.30
[0;32m[INFO][0m   h5: I [../src/deptran/s_main.cc:905] 2026-03-02 19:41:40.692 | Fastpath statistics attempted 0 successed 0 rate(pct) -nan efficient_successed 0 efficient_rate(pct) -nan
[0;32m[INFO][0m   h5: I [../src/deptran/s_main.cc:919] 2026-03-02 19:41:40.692 | Cpu-usage-leaders ave -1.0000 count 0
[0;32m[INFO][0m   h5: I [../src/deptran/s_main.cc:931] 2026-03-02 19:41:40.692 | Queue-depth ave 0.0000 count 1
[0;32m[INFO][0m === Benchmark PASSED ===
[0;32m[INFO][0m Cleaning up...
