# Attempt: 0 of 2
# Concurrency: 50
# Docker exit code: 0
# Timestamp: 2026-03-11T00:04:46Z
---
[0;32m[INFO][0m === Benchmark Mode ===
[0;32m[INFO][0m Site config:       60c1s5r5p.yml
[0;32m[INFO][0m Mode config:       rule_zookeeper.yml
[0;32m[INFO][0m Client config:     client_open.yml
[0;32m[INFO][0m Concurrent config: concurrent_50.yml
[0;32m[INFO][0m Latency:           20ms +/- 0ms
[0;32m[INFO][0m Duration:          30s
[0;32m[INFO][0m Starting 3-node ZooKeeper ensemble...
[0;32m[INFO][0m   Node myid=3: ip=127.0.0.1, port=2181, pid=26
[0;32m[INFO][0m   Node myid=2: ip=127.0.0.2, port=2182, pid=89
[0;32m[INFO][0m   Node myid=1: ip=127.0.0.3, port=2183, pid=157
[0;32m[INFO][0m Waiting for ZooKeeper ensemble to stabilize...
[0;32m[INFO][0m ZooKeeper ensemble ready (leader at 127.0.0.1)
[0;32m[INFO][0m Setting up latency: 20ms +/- 0ms
[0;32m[INFO][0m   127.0.0.2: 20ms +/- 0ms delay
[0;32m[INFO][0m   127.0.0.3: 20ms +/- 0ms delay
[0;32m[INFO][0m   127.0.0.4: 20ms +/- 0ms delay
[0;32m[INFO][0m   127.0.0.5: 20ms +/- 0ms delay
[0;32m[INFO][0m   ZK peer port 2888: 20ms delay (ZAB replication)
[0;32m[INFO][0m Latency simulation active on loopback
[0;32m[INFO][0m Starting process h1
[0;32m[INFO][0m Starting process h2
[0;32m[INFO][0m Starting process h3
[0;32m[INFO][0m Starting process h4
[0;32m[INFO][0m Starting process h5
[0;32m[INFO][0m Waiting for 5 processes to complete (timeout: 90s)...
[0;32m[INFO][0m --- Benchmark Results ---
[0;32m[INFO][0m   h1: I [../src/deptran/s_main.cc:893] 2026-03-11 00:04:43.484 | All-efficient-attempts           statistics   count     5898   0pct    40.21  50pct    42.68  90pct    56.17  99pct    82.40    ave    46.81
[0;32m[INFO][0m   h1: I [../src/deptran/s_main.cc:901] 2026-03-11 00:04:43.488 | All-efficient-attempts           distribution     40.21    40.34    40.45    40.64    41.06    42.68    47.34    49.69    52.42    56.17   122.62
[0;32m[INFO][0m   h1: I [../src/deptran/s_main.cc:904] 2026-03-11 00:04:43.490 | Mid throughput is 589.80
[0;32m[INFO][0m   h1: I [../src/deptran/s_main.cc:905] 2026-03-11 00:04:43.490 | Fastpath statistics attempted 3091 successed 3091 rate(pct) 100.00 efficient_successed 3089 efficient_rate(pct) 99.94
[0;32m[INFO][0m   h1: I [../src/deptran/s_main.cc:919] 2026-03-11 00:04:43.490 | Cpu-usage-leaders ave 0.0000 count 9383
[0;32m[INFO][0m   h1: I [../src/deptran/s_main.cc:931] 2026-03-11 00:04:43.490 | Queue-depth ave 145.2699 count 9383
[0;32m[INFO][0m   h2: I [../src/deptran/s_main.cc:893] 2026-03-11 00:04:39.456 | All-efficient-attempts           statistics   count     5941   0pct    40.31  50pct    48.58  90pct    95.80  99pct   116.57    ave    66.70
[0;32m[INFO][0m   h2: I [../src/deptran/s_main.cc:901] 2026-03-11 00:04:39.460 | All-efficient-attempts           distribution     40.31    41.03    41.66    42.59    43.99    48.58    87.35    89.70    92.16    95.80   162.41
[0;32m[INFO][0m   h2: I [../src/deptran/s_main.cc:904] 2026-03-11 00:04:39.462 | Mid throughput is 594.10
[0;32m[INFO][0m   h2: I [../src/deptran/s_main.cc:905] 2026-03-11 00:04:39.462 | Fastpath statistics attempted 3129 successed 3129 rate(pct) 100.00 efficient_successed 3129 efficient_rate(pct) 100.00
[0;32m[INFO][0m   h2: I [../src/deptran/s_main.cc:919] 2026-03-11 00:04:39.462 | Cpu-usage-leaders ave 0.0000 count 9369
[0;32m[INFO][0m   h2: I [../src/deptran/s_main.cc:931] 2026-03-11 00:04:39.462 | Queue-depth ave 145.4542 count 9369
[0;32m[INFO][0m   h3: I [../src/deptran/s_main.cc:893] 2026-03-11 00:04:40.451 | All-efficient-attempts           statistics   count     5960   0pct    40.32  50pct    50.15  90pct    95.91  99pct   116.26    ave    67.11
[0;32m[INFO][0m   h3: I [../src/deptran/s_main.cc:901] 2026-03-11 00:04:40.455 | All-efficient-attempts           distribution     40.32    41.02    41.71    42.53    44.04    50.15    87.36    89.80    92.39    95.91   159.64
[0;32m[INFO][0m   h3: I [../src/deptran/s_main.cc:904] 2026-03-11 00:04:40.457 | Mid throughput is 596.00
[0;32m[INFO][0m   h3: I [../src/deptran/s_main.cc:905] 2026-03-11 00:04:40.457 | Fastpath statistics attempted 3079 successed 3079 rate(pct) 100.00 efficient_successed 3079 efficient_rate(pct) 100.00
[0;32m[INFO][0m   h3: I [../src/deptran/s_main.cc:919] 2026-03-11 00:04:40.457 | Cpu-usage-leaders ave 0.0000 count 9636
[0;32m[INFO][0m   h3: I [../src/deptran/s_main.cc:931] 2026-03-11 00:04:40.457 | Queue-depth ave 141.6497 count 9636
[0;32m[INFO][0m   h4: I [../src/deptran/s_main.cc:893] 2026-03-11 00:04:45.456 | All-efficient-attempts           statistics   count     5923   0pct    40.30  50pct    50.37  90pct    95.93  99pct   121.28    ave    67.25
[0;32m[INFO][0m   h4: I [../src/deptran/s_main.cc:901] 2026-03-11 00:04:45.460 | All-efficient-attempts           distribution     40.30    41.04    41.66    42.51    43.96    50.37    87.53    89.76    92.29    95.93   161.27
[0;32m[INFO][0m   h4: I [../src/deptran/s_main.cc:904] 2026-03-11 00:04:45.462 | Mid throughput is 592.30
[0;32m[INFO][0m   h4: I [../src/deptran/s_main.cc:905] 2026-03-11 00:04:45.462 | Fastpath statistics attempted 3055 successed 3055 rate(pct) 100.00 efficient_successed 3055 efficient_rate(pct) 100.00
[0;32m[INFO][0m   h4: I [../src/deptran/s_main.cc:919] 2026-03-11 00:04:45.462 | Cpu-usage-leaders ave 0.0000 count 9639
[0;32m[INFO][0m   h4: I [../src/deptran/s_main.cc:931] 2026-03-11 00:04:45.462 | Queue-depth ave 141.7096 count 9639
[0;32m[INFO][0m   h5: I [../src/deptran/s_main.cc:893] 2026-03-11 00:04:40.460 | All-efficient-attempts           statistics   count     5974   0pct    40.30  50pct    49.54  90pct    95.90  99pct   117.04    ave    67.01
[0;32m[INFO][0m   h5: I [../src/deptran/s_main.cc:901] 2026-03-11 00:04:40.464 | All-efficient-attempts           distribution     40.30    41.02    41.66    42.55    44.03    49.54    87.48    89.63    92.18    95.90   159.09
[0;32m[INFO][0m   h5: I [../src/deptran/s_main.cc:904] 2026-03-11 00:04:40.466 | Mid throughput is 597.40
[0;32m[INFO][0m   h5: I [../src/deptran/s_main.cc:905] 2026-03-11 00:04:40.466 | Fastpath statistics attempted 3103 successed 3103 rate(pct) 100.00 efficient_successed 3103 efficient_rate(pct) 100.00
[0;32m[INFO][0m   h5: I [../src/deptran/s_main.cc:919] 2026-03-11 00:04:40.466 | Cpu-usage-leaders ave 0.0000 count 9524
[0;32m[INFO][0m   h5: I [../src/deptran/s_main.cc:931] 2026-03-11 00:04:40.466 | Queue-depth ave 142.9476 count 9524
[0;32m[INFO][0m === Benchmark PASSED ===
[0;32m[INFO][0m Cleaning up...
