# Attempt: 0 of 2
# Concurrency: 200
# Docker exit code: 0
# Timestamp: 2026-03-11T00:10:08Z
---
[0;32m[INFO][0m === Benchmark Mode ===
[0;32m[INFO][0m Site config:       60c1s5r5p.yml
[0;32m[INFO][0m Mode config:       rule_zookeeper.yml
[0;32m[INFO][0m Client config:     client_open.yml
[0;32m[INFO][0m Concurrent config: concurrent_200.yml
[0;32m[INFO][0m Latency:           20ms +/- 0ms
[0;32m[INFO][0m Duration:          30s
[0;32m[INFO][0m Starting 3-node ZooKeeper ensemble...
[0;32m[INFO][0m   Node myid=3: ip=127.0.0.1, port=2181, pid=26
[0;32m[INFO][0m   Node myid=2: ip=127.0.0.2, port=2182, pid=90
[0;32m[INFO][0m   Node myid=1: ip=127.0.0.3, port=2183, pid=157
[0;32m[INFO][0m Waiting for ZooKeeper ensemble to stabilize...
[0;32m[INFO][0m ZooKeeper ensemble ready (leader at 127.0.0.1)
[0;32m[INFO][0m Setting up latency: 20ms +/- 0ms
[0;32m[INFO][0m   127.0.0.2: 20ms +/- 0ms delay
[0;32m[INFO][0m   127.0.0.3: 20ms +/- 0ms delay
[0;32m[INFO][0m   127.0.0.4: 20ms +/- 0ms delay
[0;32m[INFO][0m   127.0.0.5: 20ms +/- 0ms delay
[0;32m[INFO][0m   ZK peer port 2888: 20ms delay (ZAB replication)
[0;32m[INFO][0m Latency simulation active on loopback
[0;32m[INFO][0m Starting process h1
[0;32m[INFO][0m Starting process h2
[0;32m[INFO][0m Starting process h3
[0;32m[INFO][0m Starting process h4
[0;32m[INFO][0m Starting process h5
[0;32m[INFO][0m Waiting for 5 processes to complete (timeout: 90s)...
[0;32m[INFO][0m --- Benchmark Results ---
[0;32m[INFO][0m   h1: I [../src/deptran/s_main.cc:893] 2026-03-11 00:10:05.248 | All-efficient-attempts           statistics   count    11108   0pct  2049.36  50pct  2148.98  90pct  2209.69  99pct  2297.80    ave  2151.51
[0;32m[INFO][0m   h1: I [../src/deptran/s_main.cc:901] 2026-03-11 00:10:05.255 | All-efficient-attempts           distribution   2049.36  2101.27  2113.05  2128.43  2141.68  2148.98  2158.14  2168.13  2177.54  2209.69  2377.00
[0;32m[INFO][0m   h1: I [../src/deptran/s_main.cc:904] 2026-03-11 00:10:05.260 | Mid throughput is 1110.80
[0;32m[INFO][0m   h1: I [../src/deptran/s_main.cc:905] 2026-03-11 00:10:05.260 | Fastpath statistics attempted 0 successed 0 rate(pct) -nan efficient_successed 0 efficient_rate(pct) -nan
[0;32m[INFO][0m   h1: I [../src/deptran/s_main.cc:919] 2026-03-11 00:10:05.260 | Cpu-usage-leaders ave 0.0000 count 2472
[0;32m[INFO][0m   h1: I [../src/deptran/s_main.cc:931] 2026-03-11 00:10:05.260 | Queue-depth ave 1285.1298 count 2472
[0;32m[INFO][0m   h2: I [../src/deptran/s_main.cc:893] 2026-03-11 00:10:07.516 | All-efficient-attempts           statistics   count    10716   0pct  2056.06  50pct  2183.45  90pct  2226.61  99pct  2287.91    ave  2184.61
[0;32m[INFO][0m   h2: I [../src/deptran/s_main.cc:901] 2026-03-11 00:10:07.523 | All-efficient-attempts           distribution   2056.06  2137.14  2152.06  2166.32  2177.26  2183.45  2189.34  2198.14  2208.03  2226.61  2413.72
[0;32m[INFO][0m   h2: I [../src/deptran/s_main.cc:904] 2026-03-11 00:10:07.527 | Mid throughput is 1071.60
[0;32m[INFO][0m   h2: I [../src/deptran/s_main.cc:905] 2026-03-11 00:10:07.527 | Fastpath statistics attempted 0 successed 0 rate(pct) -nan efficient_successed 0 efficient_rate(pct) -nan
[0;32m[INFO][0m   h2: I [../src/deptran/s_main.cc:919] 2026-03-11 00:10:07.527 | Cpu-usage-leaders ave 0.0000 count 2400
[0;32m[INFO][0m   h2: I [../src/deptran/s_main.cc:931] 2026-03-11 00:10:07.527 | Queue-depth ave 7187.2466 count 2400
[0;32m[INFO][0m   h3: I [../src/deptran/s_main.cc:893] 2026-03-11 00:10:04.494 | All-efficient-attempts           statistics   count    10814   0pct  2049.38  50pct  2187.63  90pct  2238.67  99pct  2303.07    ave  2188.96
[0;32m[INFO][0m   h3: I [../src/deptran/s_main.cc:901] 2026-03-11 00:10:04.501 | All-efficient-attempts           distribution   2049.38  2139.58  2154.18  2170.66  2180.19  2187.63  2194.37  2205.20  2214.86  2238.67  2408.89
[0;32m[INFO][0m   h3: I [../src/deptran/s_main.cc:904] 2026-03-11 00:10:04.505 | Mid throughput is 1081.40
[0;32m[INFO][0m   h3: I [../src/deptran/s_main.cc:905] 2026-03-11 00:10:04.505 | Fastpath statistics attempted 0 successed 0 rate(pct) -nan efficient_successed 0 efficient_rate(pct) -nan
[0;32m[INFO][0m   h3: I [../src/deptran/s_main.cc:919] 2026-03-11 00:10:04.505 | Cpu-usage-leaders ave 0.0000 count 2425
[0;32m[INFO][0m   h3: I [../src/deptran/s_main.cc:931] 2026-03-11 00:10:04.505 | Queue-depth ave 2694.1587 count 2425
[0;32m[INFO][0m   h4: I [../src/deptran/s_main.cc:893] 2026-03-11 00:10:07.523 | All-efficient-attempts           statistics   count    10742   0pct  2083.26  50pct  2184.43  90pct  2226.04  99pct  2312.13    ave  2185.44
[0;32m[INFO][0m   h4: I [../src/deptran/s_main.cc:901] 2026-03-11 00:10:07.530 | All-efficient-attempts           distribution   2083.26  2140.73  2151.54  2167.21  2178.22  2184.43  2189.53  2196.49  2208.86  2226.04  2392.33
[0;32m[INFO][0m   h4: I [../src/deptran/s_main.cc:904] 2026-03-11 00:10:07.534 | Mid throughput is 1074.20
[0;32m[INFO][0m   h4: I [../src/deptran/s_main.cc:905] 2026-03-11 00:10:07.534 | Fastpath statistics attempted 0 successed 0 rate(pct) -nan efficient_successed 0 efficient_rate(pct) -nan
[0;32m[INFO][0m   h4: I [../src/deptran/s_main.cc:919] 2026-03-11 00:10:07.534 | Cpu-usage-leaders ave 0.0000 count 2399
[0;32m[INFO][0m   h4: I [../src/deptran/s_main.cc:931] 2026-03-11 00:10:07.534 | Queue-depth ave 7186.5077 count 2399
[0;32m[INFO][0m   h5: I [../src/deptran/s_main.cc:893] 2026-03-11 00:10:07.516 | All-efficient-attempts           statistics   count    10657   0pct  2084.98  50pct  2184.31  90pct  2225.17  99pct  2335.22    ave  2185.17
[0;32m[INFO][0m   h5: I [../src/deptran/s_main.cc:901] 2026-03-11 00:10:07.523 | All-efficient-attempts           distribution   2084.98  2140.95  2153.00  2165.87  2177.76  2184.31  2189.78  2197.22  2207.62  2225.17  2418.17
[0;32m[INFO][0m   h5: I [../src/deptran/s_main.cc:904] 2026-03-11 00:10:07.528 | Mid throughput is 1065.70
[0;32m[INFO][0m   h5: I [../src/deptran/s_main.cc:905] 2026-03-11 00:10:07.528 | Fastpath statistics attempted 0 successed 0 rate(pct) -nan efficient_successed 0 efficient_rate(pct) -nan
[0;32m[INFO][0m   h5: I [../src/deptran/s_main.cc:919] 2026-03-11 00:10:07.528 | Cpu-usage-leaders ave 0.0000 count 2399
[0;32m[INFO][0m   h5: I [../src/deptran/s_main.cc:931] 2026-03-11 00:10:07.528 | Queue-depth ave 7300.7158 count 2399
[0;32m[INFO][0m === Benchmark PASSED ===
[0;32m[INFO][0m Cleaning up...
