# Attempt: 0 of 2
# Concurrency: 25
# Docker exit code: 0
# Timestamp: 2026-03-10T23:48:38Z
---
[0;32m[INFO][0m === Benchmark Mode ===
[0;32m[INFO][0m Site config:       60c1s5r5p.yml
[0;32m[INFO][0m Mode config:       none_zookeeper.yml
[0;32m[INFO][0m Client config:     client_open.yml
[0;32m[INFO][0m Concurrent config: concurrent_25.yml
[0;32m[INFO][0m Latency:           20ms +/- 0ms
[0;32m[INFO][0m Duration:          30s
[0;32m[INFO][0m Starting 3-node ZooKeeper ensemble...
[0;32m[INFO][0m   Node myid=3: ip=127.0.0.1, port=2181, pid=26
[0;32m[INFO][0m   Node myid=2: ip=127.0.0.2, port=2182, pid=90
[0;32m[INFO][0m   Node myid=1: ip=127.0.0.3, port=2183, pid=161
[0;32m[INFO][0m Waiting for ZooKeeper ensemble to stabilize...
[0;32m[INFO][0m ZooKeeper ensemble ready (leader at 127.0.0.1)
[0;32m[INFO][0m Setting up latency: 20ms +/- 0ms
[0;32m[INFO][0m   127.0.0.2: 20ms +/- 0ms delay
[0;32m[INFO][0m   127.0.0.3: 20ms +/- 0ms delay
[0;32m[INFO][0m   127.0.0.4: 20ms +/- 0ms delay
[0;32m[INFO][0m   127.0.0.5: 20ms +/- 0ms delay
[0;32m[INFO][0m   ZK peer port 2888: 20ms delay (ZAB replication)
[0;32m[INFO][0m Latency simulation active on loopback
[0;32m[INFO][0m Starting process h1
[0;32m[INFO][0m Starting process h2
[0;32m[INFO][0m Starting process h3
[0;32m[INFO][0m Starting process h4
[0;32m[INFO][0m Starting process h5
[0;32m[INFO][0m Waiting for 5 processes to complete (timeout: 90s)...
[0;32m[INFO][0m --- Benchmark Results ---
[0;32m[INFO][0m   h1: I [../src/deptran/s_main.cc:893] 2026-03-10 23:48:33.472 | All-efficient-attempts           statistics   count     2954   0pct    41.69  50pct    43.68  90pct    46.33  99pct    52.25    ave    44.23
[0;32m[INFO][0m   h1: I [../src/deptran/s_main.cc:901] 2026-03-10 23:48:33.474 | All-efficient-attempts           distribution     41.69    42.63    42.95    43.20    43.44    43.68    43.92    44.25    44.81    46.33    78.78
[0;32m[INFO][0m   h1: I [../src/deptran/s_main.cc:904] 2026-03-10 23:48:33.475 | Mid throughput is 295.40
[0;32m[INFO][0m   h1: I [../src/deptran/s_main.cc:905] 2026-03-10 23:48:33.475 | Fastpath statistics attempted 0 successed 0 rate(pct) -nan efficient_successed 0 efficient_rate(pct) -nan
[0;32m[INFO][0m   h1: I [../src/deptran/s_main.cc:919] 2026-03-10 23:48:33.475 | Cpu-usage-leaders ave -1.0000 count 0
[0;32m[INFO][0m   h1: I [../src/deptran/s_main.cc:931] 2026-03-10 23:48:33.475 | Queue-depth ave 6.3900 count 1
[0;32m[INFO][0m   h2: I [../src/deptran/s_main.cc:893] 2026-03-10 23:48:33.954 | All-efficient-attempts           statistics   count     2928   0pct    81.72  50pct    83.72  90pct    86.41  99pct    93.67    ave    84.28
[0;32m[INFO][0m   h2: I [../src/deptran/s_main.cc:901] 2026-03-10 23:48:33.956 | All-efficient-attempts           distribution     81.72    82.70    83.00    83.24    83.47    83.72    83.96    84.30    84.91    86.41   119.22
[0;32m[INFO][0m   h2: I [../src/deptran/s_main.cc:904] 2026-03-10 23:48:33.957 | Mid throughput is 292.80
[0;32m[INFO][0m   h2: I [../src/deptran/s_main.cc:905] 2026-03-10 23:48:33.957 | Fastpath statistics attempted 0 successed 0 rate(pct) -nan efficient_successed 0 efficient_rate(pct) -nan
[0;32m[INFO][0m   h2: I [../src/deptran/s_main.cc:919] 2026-03-10 23:48:33.957 | Cpu-usage-leaders ave -1.0000 count 0
[0;32m[INFO][0m   h2: I [../src/deptran/s_main.cc:931] 2026-03-10 23:48:33.957 | Queue-depth ave 0.0000 count 1
[0;32m[INFO][0m   h3: I [../src/deptran/s_main.cc:893] 2026-03-10 23:48:38.141 | All-efficient-attempts           statistics   count     2925   0pct    81.59  50pct    83.70  90pct    86.36  99pct    93.47    ave    84.27
[0;32m[INFO][0m   h3: I [../src/deptran/s_main.cc:901] 2026-03-10 23:48:38.142 | All-efficient-attempts           distribution     81.59    82.68    83.01    83.27    83.50    83.70    83.95    84.28    84.89    86.36   118.61
[0;32m[INFO][0m   h3: I [../src/deptran/s_main.cc:904] 2026-03-10 23:48:38.143 | Mid throughput is 292.50
[0;32m[INFO][0m   h3: I [../src/deptran/s_main.cc:905] 2026-03-10 23:48:38.143 | Fastpath statistics attempted 0 successed 0 rate(pct) -nan efficient_successed 0 efficient_rate(pct) -nan
[0;32m[INFO][0m   h3: I [../src/deptran/s_main.cc:919] 2026-03-10 23:48:38.144 | Cpu-usage-leaders ave -1.0000 count 0
[0;32m[INFO][0m   h3: I [../src/deptran/s_main.cc:931] 2026-03-10 23:48:38.144 | Queue-depth ave 0.0000 count 1
[0;32m[INFO][0m   h4: I [../src/deptran/s_main.cc:893] 2026-03-10 23:48:37.546 | All-efficient-attempts           statistics   count     2937   0pct    81.67  50pct    83.70  90pct    86.37  99pct    92.38    ave    84.25
[0;32m[INFO][0m   h4: I [../src/deptran/s_main.cc:901] 2026-03-10 23:48:37.548 | All-efficient-attempts           distribution     81.67    82.67    82.99    83.25    83.47    83.70    83.95    84.28    84.87    86.37   117.29
[0;32m[INFO][0m   h4: I [../src/deptran/s_main.cc:904] 2026-03-10 23:48:37.549 | Mid throughput is 293.70
[0;32m[INFO][0m   h4: I [../src/deptran/s_main.cc:905] 2026-03-10 23:48:37.549 | Fastpath statistics attempted 0 successed 0 rate(pct) -nan efficient_successed 0 efficient_rate(pct) -nan
[0;32m[INFO][0m   h4: I [../src/deptran/s_main.cc:919] 2026-03-10 23:48:37.549 | Cpu-usage-leaders ave -1.0000 count 0
[0;32m[INFO][0m   h4: I [../src/deptran/s_main.cc:931] 2026-03-10 23:48:37.549 | Queue-depth ave 0.0000 count 1
[0;32m[INFO][0m   h5: I [../src/deptran/s_main.cc:893] 2026-03-10 23:48:33.955 | All-efficient-attempts           statistics   count     2959   0pct    81.53  50pct    83.67  90pct    86.27  99pct    93.30    ave    84.20
[0;32m[INFO][0m   h5: I [../src/deptran/s_main.cc:901] 2026-03-10 23:48:33.957 | All-efficient-attempts           distribution     81.53    82.64    82.98    83.22    83.45    83.67    83.94    84.24    84.79    86.27   114.97
[0;32m[INFO][0m   h5: I [../src/deptran/s_main.cc:904] 2026-03-10 23:48:33.958 | Mid throughput is 295.90
[0;32m[INFO][0m   h5: I [../src/deptran/s_main.cc:905] 2026-03-10 23:48:33.958 | Fastpath statistics attempted 0 successed 0 rate(pct) -nan efficient_successed 0 efficient_rate(pct) -nan
[0;32m[INFO][0m   h5: I [../src/deptran/s_main.cc:919] 2026-03-10 23:48:33.958 | Cpu-usage-leaders ave -1.0000 count 0
[0;32m[INFO][0m   h5: I [../src/deptran/s_main.cc:931] 2026-03-10 23:48:33.958 | Queue-depth ave 0.0000 count 1
[0;32m[INFO][0m === Benchmark PASSED ===
[0;32m[INFO][0m Cleaning up...
