# Attempt: 0 of 2
# Concurrency: 400
# Docker exit code: 0
# Timestamp: 2026-03-18T15:27:32Z
---
[0;32m[INFO][0m === Benchmark Mode ===
[0;32m[INFO][0m Site config:       60c1s5r5p.yml
[0;32m[INFO][0m Mode config:       rule_zookeeper.yml
[0;32m[INFO][0m Client config:     client_open.yml
[0;32m[INFO][0m Concurrent config: concurrent_400.yml
[0;32m[INFO][0m Latency:           20ms +/- 0ms
[0;32m[INFO][0m Duration:          30s
[0;32m[INFO][0m Starting 3-node ZooKeeper ensemble...
[0;32m[INFO][0m   Node myid=3: ip=127.0.0.1, port=2181, pid=26
[0;32m[INFO][0m   Node myid=2: ip=127.0.0.2, port=2182, pid=89
[0;32m[INFO][0m   Node myid=1: ip=127.0.0.3, port=2183, pid=162
[0;32m[INFO][0m Waiting for ZooKeeper ensemble to stabilize...
[0;32m[INFO][0m ZooKeeper ensemble ready (leader at 127.0.0.1)
[0;32m[INFO][0m Setting up latency: 20ms +/- 0ms
[0;32m[INFO][0m   127.0.0.2: 20ms +/- 0ms delay
[0;32m[INFO][0m   127.0.0.3: 20ms +/- 0ms delay
[0;32m[INFO][0m   127.0.0.4: 20ms +/- 0ms delay
[0;32m[INFO][0m   127.0.0.5: 20ms +/- 0ms delay
[0;32m[INFO][0m   ZK peer port 2888: 20ms delay (ZAB replication)
[0;32m[INFO][0m Latency simulation active on loopback
[0;32m[INFO][0m Starting process h1
[0;32m[INFO][0m Starting process h2
[0;32m[INFO][0m Starting process h3
[0;32m[INFO][0m Starting process h4
[0;32m[INFO][0m Starting process h5
[0;32m[INFO][0m Waiting for 5 processes to complete (timeout: 90s)...
[0;32m[INFO][0m --- Benchmark Results ---
[0;32m[INFO][0m   h1: I [../src/deptran/s_main.cc:893] 2026-03-18 15:27:31.308 | All-efficient-attempts           statistics   count    10802   0pct  2136.12  50pct  2227.62  90pct  2264.36  99pct  2295.28    ave  2223.98
[0;32m[INFO][0m   h1: I [../src/deptran/s_main.cc:901] 2026-03-18 15:27:31.315 | All-efficient-attempts           distribution   2136.12  2171.41  2194.15  2210.19  2220.68  2227.62  2235.46  2243.58  2251.43  2264.36  2312.08
[0;32m[INFO][0m   h1: I [../src/deptran/s_main.cc:904] 2026-03-18 15:27:31.320 | Mid throughput is 1080.20
[0;32m[INFO][0m   h1: I [../src/deptran/s_main.cc:905] 2026-03-18 15:27:31.320 | Fastpath statistics attempted 0 successed 0 rate(pct) -nan efficient_successed 0 efficient_rate(pct) -nan
[0;32m[INFO][0m   h1: I [../src/deptran/s_main.cc:919] 2026-03-18 15:27:31.320 | Cpu-usage-leaders ave 0.0000 count 2410
[0;32m[INFO][0m   h1: I [../src/deptran/s_main.cc:931] 2026-03-18 15:27:31.320 | Queue-depth ave 2761.4844 count 2222
[0;32m[INFO][0m   h2: I [../src/deptran/s_main.cc:893] 2026-03-18 15:27:31.310 | All-efficient-attempts           statistics   count    11014   0pct  2177.00  50pct  2268.03  90pct  2310.87  99pct  2362.80    ave  2264.79
[0;32m[INFO][0m   h2: I [../src/deptran/s_main.cc:901] 2026-03-18 15:27:31.317 | All-efficient-attempts           distribution   2177.00  2206.84  2231.14  2248.33  2259.56  2268.03  2274.64  2283.52  2294.16  2310.87  2382.24
[0;32m[INFO][0m   h2: I [../src/deptran/s_main.cc:904] 2026-03-18 15:27:31.322 | Mid throughput is 1101.40
[0;32m[INFO][0m   h2: I [../src/deptran/s_main.cc:905] 2026-03-18 15:27:31.322 | Fastpath statistics attempted 0 successed 0 rate(pct) -nan efficient_successed 0 efficient_rate(pct) -nan
[0;32m[INFO][0m   h2: I [../src/deptran/s_main.cc:919] 2026-03-18 15:27:31.322 | Cpu-usage-leaders ave 0.0000 count 2400
[0;32m[INFO][0m   h2: I [../src/deptran/s_main.cc:931] 2026-03-18 15:27:31.322 | Queue-depth ave 4509.5294 count 2400
[0;32m[INFO][0m   h3: I [../src/deptran/s_main.cc:893] 2026-03-18 15:27:30.898 | All-efficient-attempts           statistics   count    11018   0pct  2178.10  50pct  2267.59  90pct  2311.25  99pct  2347.64    ave  2264.58
[0;32m[INFO][0m   h3: I [../src/deptran/s_main.cc:901] 2026-03-18 15:27:30.905 | All-efficient-attempts           distribution   2178.10  2206.72  2233.37  2248.11  2256.96  2267.59  2275.22  2284.43  2293.59  2311.25  2375.95
[0;32m[INFO][0m   h3: I [../src/deptran/s_main.cc:904] 2026-03-18 15:27:30.910 | Mid throughput is 1101.80
[0;32m[INFO][0m   h3: I [../src/deptran/s_main.cc:905] 2026-03-18 15:27:30.910 | Fastpath statistics attempted 0 successed 0 rate(pct) -nan efficient_successed 0 efficient_rate(pct) -nan
[0;32m[INFO][0m   h3: I [../src/deptran/s_main.cc:919] 2026-03-18 15:27:30.910 | Cpu-usage-leaders ave 0.0000 count 2400
[0;32m[INFO][0m   h3: I [../src/deptran/s_main.cc:931] 2026-03-18 15:27:30.910 | Queue-depth ave 4443.6928 count 2400
[0;32m[INFO][0m   h4: I [../src/deptran/s_main.cc:893] 2026-03-18 15:27:28.918 | All-efficient-attempts           statistics   count    11147   0pct  2175.92  50pct  2272.72  90pct  2331.39  99pct  2389.47    ave  2274.77
[0;32m[INFO][0m   h4: I [../src/deptran/s_main.cc:901] 2026-03-18 15:27:28.925 | All-efficient-attempts           distribution   2175.92  2212.89  2239.45  2253.27  2265.09  2272.72  2282.15  2293.34  2308.29  2331.39  2404.06
[0;32m[INFO][0m   h4: I [../src/deptran/s_main.cc:904] 2026-03-18 15:27:28.929 | Mid throughput is 1114.70
[0;32m[INFO][0m   h4: I [../src/deptran/s_main.cc:905] 2026-03-18 15:27:28.929 | Fastpath statistics attempted 0 successed 0 rate(pct) -nan efficient_successed 0 efficient_rate(pct) -nan
[0;32m[INFO][0m   h4: I [../src/deptran/s_main.cc:919] 2026-03-18 15:27:28.929 | Cpu-usage-leaders ave 0.0000 count 2400
[0;32m[INFO][0m   h4: I [../src/deptran/s_main.cc:931] 2026-03-18 15:27:28.929 | Queue-depth ave 9743.8883 count 2400
[0;32m[INFO][0m   h5: I [../src/deptran/s_main.cc:893] 2026-03-18 15:27:31.100 | All-efficient-attempts           statistics   count    11049   0pct  2177.90  50pct  2268.21  90pct  2308.91  99pct  2348.36    ave  2263.79
[0;32m[INFO][0m   h5: I [../src/deptran/s_main.cc:901] 2026-03-18 15:27:31.106 | All-efficient-attempts           distribution   2177.90  2205.71  2230.39  2248.61  2257.18  2268.21  2275.56  2281.77  2292.23  2308.91  2377.72
[0;32m[INFO][0m   h5: I [../src/deptran/s_main.cc:904] 2026-03-18 15:27:31.111 | Mid throughput is 1104.90
[0;32m[INFO][0m   h5: I [../src/deptran/s_main.cc:905] 2026-03-18 15:27:31.111 | Fastpath statistics attempted 0 successed 0 rate(pct) -nan efficient_successed 0 efficient_rate(pct) -nan
[0;32m[INFO][0m   h5: I [../src/deptran/s_main.cc:919] 2026-03-18 15:27:31.111 | Cpu-usage-leaders ave 0.0000 count 2400
[0;32m[INFO][0m   h5: I [../src/deptran/s_main.cc:931] 2026-03-18 15:27:31.111 | Queue-depth ave 4581.1344 count 2400
[0;32m[INFO][0m === Benchmark PASSED ===
[0;32m[INFO][0m Cleaning up...
