# Attempt: 0 of 2
# Concurrency: 200
# Docker exit code: 0
# Timestamp: 2026-03-02T22:08:36Z
---
[0;32m[INFO][0m === Benchmark Mode ===
[0;32m[INFO][0m Site config:       60c1s5r5p.yml
[0;32m[INFO][0m Mode config:       rule_zookeeper.yml
[0;32m[INFO][0m Client config:     client_open.yml
[0;32m[INFO][0m Concurrent config: concurrent_200.yml
[0;32m[INFO][0m Latency:           20ms +/- 0ms
[0;32m[INFO][0m Duration:          30s
[0;32m[INFO][0m Starting 3-node ZooKeeper ensemble...
[0;32m[INFO][0m   Node myid=3: ip=127.0.0.1, port=2181, pid=26
[0;32m[INFO][0m   Node myid=2: ip=127.0.0.2, port=2182, pid=89
[0;32m[INFO][0m   Node myid=1: ip=127.0.0.3, port=2183, pid=161
[0;32m[INFO][0m Waiting for ZooKeeper ensemble to stabilize...
[0;32m[INFO][0m ZooKeeper ensemble ready (leader at 127.0.0.1)
[0;32m[INFO][0m Setting up latency: 20ms +/- 0ms
[0;32m[INFO][0m   127.0.0.2: 20ms +/- 0ms delay
[0;32m[INFO][0m   127.0.0.3: 20ms +/- 0ms delay
[0;32m[INFO][0m   127.0.0.4: 20ms +/- 0ms delay
[0;32m[INFO][0m   127.0.0.5: 20ms +/- 0ms delay
[0;32m[INFO][0m   ZK peer port 2888: 20ms delay (ZAB replication)
[0;32m[INFO][0m Latency simulation active on loopback
[0;32m[INFO][0m Starting process h1
[0;32m[INFO][0m Starting process h2
[0;32m[INFO][0m Starting process h3
[0;32m[INFO][0m Starting process h4
[0;32m[INFO][0m Starting process h5
[0;32m[INFO][0m Waiting for 5 processes to complete (timeout: 90s)...
[0;32m[INFO][0m --- Benchmark Results ---
[0;32m[INFO][0m   h1: I [../src/deptran/s_main.cc:893] 2026-03-02 22:08:26.872 | All-efficient-attempts           statistics   count     9431   0pct  2213.83  50pct  2569.99  90pct  2674.92  99pct  2699.52    ave  2534.44
[0;32m[INFO][0m   h1: I [../src/deptran/s_main.cc:901] 2026-03-02 22:08:26.878 | All-efficient-attempts           distribution   2213.83  2294.97  2406.02  2542.89  2560.68  2569.99  2581.74  2597.89  2637.87  2674.92  2720.91
[0;32m[INFO][0m   h1: I [../src/deptran/s_main.cc:904] 2026-03-02 22:08:26.882 | Mid throughput is 943.10
[0;32m[INFO][0m   h1: I [../src/deptran/s_main.cc:905] 2026-03-02 22:08:26.882 | Fastpath statistics attempted 0 successed 0 rate(pct) -nan efficient_successed 0 efficient_rate(pct) -nan
[0;32m[INFO][0m   h1: I [../src/deptran/s_main.cc:919] 2026-03-02 22:08:26.882 | Cpu-usage-leaders ave 0.0000 count 2619
[0;32m[INFO][0m   h1: I [../src/deptran/s_main.cc:931] 2026-03-02 22:08:26.882 | Queue-depth ave 944.5454 count 2619
[0;32m[INFO][0m   h2: I [../src/deptran/s_main.cc:893] 2026-03-02 22:08:27.755 | All-efficient-attempts           statistics   count     9261   0pct  2241.63  50pct  2597.72  90pct  2713.90  99pct  2740.68    ave  2553.55
[0;32m[INFO][0m   h2: I [../src/deptran/s_main.cc:901] 2026-03-02 22:08:27.762 | All-efficient-attempts           distribution   2241.63  2318.21  2391.67  2501.22  2579.32  2597.72  2612.48  2642.47  2674.45  2713.90  2768.51
[0;32m[INFO][0m   h2: I [../src/deptran/s_main.cc:904] 2026-03-02 22:08:27.766 | Mid throughput is 926.10
[0;32m[INFO][0m   h2: I [../src/deptran/s_main.cc:905] 2026-03-02 22:08:27.766 | Fastpath statistics attempted 0 successed 0 rate(pct) -nan efficient_successed 0 efficient_rate(pct) -nan
[0;32m[INFO][0m   h2: I [../src/deptran/s_main.cc:919] 2026-03-02 22:08:27.766 | Cpu-usage-leaders ave 0.0000 count 2400
[0;32m[INFO][0m   h2: I [../src/deptran/s_main.cc:931] 2026-03-02 22:08:27.767 | Queue-depth ave 6049.5460 count 2400
[0;32m[INFO][0m   h3: I [../src/deptran/s_main.cc:893] 2026-03-02 22:08:28.368 | All-efficient-attempts           statistics   count     9116   0pct  2240.72  50pct  2598.17  90pct  2714.20  99pct  2740.50    ave  2553.53
[0;32m[INFO][0m   h3: I [../src/deptran/s_main.cc:901] 2026-03-02 22:08:28.373 | All-efficient-attempts           distribution   2240.72  2323.57  2394.26  2497.19  2582.38  2598.17  2610.01  2636.16  2677.66  2714.20  2766.67
[0;32m[INFO][0m   h3: I [../src/deptran/s_main.cc:904] 2026-03-02 22:08:28.378 | Mid throughput is 911.60
[0;32m[INFO][0m   h3: I [../src/deptran/s_main.cc:905] 2026-03-02 22:08:28.378 | Fastpath statistics attempted 0 successed 0 rate(pct) -nan efficient_successed 0 efficient_rate(pct) -nan
[0;32m[INFO][0m   h3: I [../src/deptran/s_main.cc:919] 2026-03-02 22:08:28.378 | Cpu-usage-leaders ave 0.0000 count 2400
[0;32m[INFO][0m   h3: I [../src/deptran/s_main.cc:931] 2026-03-02 22:08:28.378 | Queue-depth ave 5971.8825 count 2400
[0;32m[INFO][0m   h4: I [../src/deptran/s_main.cc:893] 2026-03-02 22:08:27.953 | All-efficient-attempts           statistics   count     9174   0pct  2242.29  50pct  2597.71  90pct  2716.46  99pct  2739.84    ave  2553.75
[0;32m[INFO][0m   h4: I [../src/deptran/s_main.cc:901] 2026-03-02 22:08:27.959 | All-efficient-attempts           distribution   2242.29  2324.21  2395.21  2493.96  2581.16  2597.71  2611.87  2634.94  2678.12  2716.46  2767.55
[0;32m[INFO][0m   h4: I [../src/deptran/s_main.cc:904] 2026-03-02 22:08:27.963 | Mid throughput is 917.40
[0;32m[INFO][0m   h4: I [../src/deptran/s_main.cc:905] 2026-03-02 22:08:27.963 | Fastpath statistics attempted 0 successed 0 rate(pct) -nan efficient_successed 0 efficient_rate(pct) -nan
[0;32m[INFO][0m   h4: I [../src/deptran/s_main.cc:919] 2026-03-02 22:08:27.963 | Cpu-usage-leaders ave 0.0000 count 2399
[0;32m[INFO][0m   h4: I [../src/deptran/s_main.cc:931] 2026-03-02 22:08:27.963 | Queue-depth ave 5979.6897 count 2399
[0;32m[INFO][0m   h5: I [../src/deptran/s_main.cc:893] 2026-03-02 22:08:28.154 | All-efficient-attempts           statistics   count     9226   0pct  2241.34  50pct  2595.81  90pct  2713.49  99pct  2739.34    ave  2552.35
[0;32m[INFO][0m   h5: I [../src/deptran/s_main.cc:901] 2026-03-02 22:08:28.159 | All-efficient-attempts           distribution   2241.34  2325.45  2401.17  2498.58  2580.43  2595.81  2607.80  2632.31  2677.26  2713.49  2768.52
[0;32m[INFO][0m   h5: I [../src/deptran/s_main.cc:904] 2026-03-02 22:08:28.164 | Mid throughput is 922.60
[0;32m[INFO][0m   h5: I [../src/deptran/s_main.cc:905] 2026-03-02 22:08:28.164 | Fastpath statistics attempted 0 successed 0 rate(pct) -nan efficient_successed 0 efficient_rate(pct) -nan
[0;32m[INFO][0m   h5: I [../src/deptran/s_main.cc:919] 2026-03-02 22:08:28.164 | Cpu-usage-leaders ave 0.0000 count 2400
[0;32m[INFO][0m   h5: I [../src/deptran/s_main.cc:931] 2026-03-02 22:08:28.164 | Queue-depth ave 5902.2007 count 2400
[0;32m[INFO][0m === Benchmark PASSED ===
[0;32m[INFO][0m Cleaning up...
