# Attempt: 0 of 2
# Concurrency: 50
# Docker exit code: 0
# Timestamp: 2026-03-02T22:02:57Z
---
[0;32m[INFO][0m === Benchmark Mode ===
[0;32m[INFO][0m Site config:       60c1s5r5p.yml
[0;32m[INFO][0m Mode config:       rule_zookeeper.yml
[0;32m[INFO][0m Client config:     client_open.yml
[0;32m[INFO][0m Concurrent config: concurrent_50.yml
[0;32m[INFO][0m Latency:           20ms +/- 0ms
[0;32m[INFO][0m Duration:          30s
[0;32m[INFO][0m Starting 3-node ZooKeeper ensemble...
[0;32m[INFO][0m   Node myid=3: ip=127.0.0.1, port=2181, pid=26
[0;32m[INFO][0m   Node myid=2: ip=127.0.0.2, port=2182, pid=90
[0;32m[INFO][0m   Node myid=1: ip=127.0.0.3, port=2183, pid=161
[0;32m[INFO][0m Waiting for ZooKeeper ensemble to stabilize...
[0;32m[INFO][0m ZooKeeper ensemble ready (leader at 127.0.0.1)
[0;32m[INFO][0m Setting up latency: 20ms +/- 0ms
[0;32m[INFO][0m   127.0.0.2: 20ms +/- 0ms delay
[0;32m[INFO][0m   127.0.0.3: 20ms +/- 0ms delay
[0;32m[INFO][0m   127.0.0.4: 20ms +/- 0ms delay
[0;32m[INFO][0m   127.0.0.5: 20ms +/- 0ms delay
[0;32m[INFO][0m   ZK peer port 2888: 20ms delay (ZAB replication)
[0;32m[INFO][0m Latency simulation active on loopback
[0;32m[INFO][0m Starting process h1
[0;32m[INFO][0m Starting process h2
[0;32m[INFO][0m Starting process h3
[0;32m[INFO][0m Starting process h4
[0;32m[INFO][0m Starting process h5
[0;32m[INFO][0m Waiting for 5 processes to complete (timeout: 90s)...
[0;32m[INFO][0m --- Benchmark Results ---
[0;32m[INFO][0m   h1: I [../src/deptran/s_main.cc:893] 2026-03-02 22:02:54.962 | All-efficient-attempts           statistics   count     5878   0pct    40.20  50pct    45.63  90pct    54.33  99pct    64.57    ave    46.26
[0;32m[INFO][0m   h1: I [../src/deptran/s_main.cc:901] 2026-03-02 22:02:54.966 | All-efficient-attempts           distribution     40.20    40.34    40.46    40.71    41.39    45.63    47.87    49.46    51.34    54.33    78.12
[0;32m[INFO][0m   h1: I [../src/deptran/s_main.cc:904] 2026-03-02 22:02:54.968 | Mid throughput is 587.80
[0;32m[INFO][0m   h1: I [../src/deptran/s_main.cc:905] 2026-03-02 22:02:54.968 | Fastpath statistics attempted 2749 successed 2749 rate(pct) 100.00 efficient_successed 2748 efficient_rate(pct) 99.96
[0;32m[INFO][0m   h1: I [../src/deptran/s_main.cc:919] 2026-03-02 22:02:54.968 | Cpu-usage-leaders ave 0.0000 count 8228
[0;32m[INFO][0m   h1: I [../src/deptran/s_main.cc:931] 2026-03-02 22:02:54.968 | Queue-depth ave 144.9296 count 8228
[0;32m[INFO][0m   h2: I [../src/deptran/s_main.cc:893] 2026-03-02 22:02:55.727 | All-efficient-attempts           statistics   count     5909   0pct    40.30  50pct    84.75  90pct    94.35  99pct   103.97    ave    67.40
[0;32m[INFO][0m   h2: I [../src/deptran/s_main.cc:901] 2026-03-02 22:02:55.730 | All-efficient-attempts           distribution     40.30    41.12    41.76    42.62    44.23    84.75    87.40    89.15    91.22    94.35   118.17
[0;32m[INFO][0m   h2: I [../src/deptran/s_main.cc:904] 2026-03-02 22:02:55.733 | Mid throughput is 590.90
[0;32m[INFO][0m   h2: I [../src/deptran/s_main.cc:905] 2026-03-02 22:02:55.733 | Fastpath statistics attempted 2902 successed 2902 rate(pct) 100.00 efficient_successed 2902 efficient_rate(pct) 100.00
[0;32m[INFO][0m   h2: I [../src/deptran/s_main.cc:919] 2026-03-02 22:02:55.733 | Cpu-usage-leaders ave 0.0000 count 8778
[0;32m[INFO][0m   h2: I [../src/deptran/s_main.cc:931] 2026-03-02 22:02:55.733 | Queue-depth ave 143.3273 count 8778
[0;32m[INFO][0m   h3: I [../src/deptran/s_main.cc:893] 2026-03-02 22:02:56.533 | All-efficient-attempts           statistics   count     5921   0pct    40.30  50pct    85.06  90pct    93.99  99pct   104.66    ave    67.49
[0;32m[INFO][0m   h3: I [../src/deptran/s_main.cc:901] 2026-03-02 22:02:56.537 | All-efficient-attempts           distribution     40.30    41.12    41.78    42.59    44.28    85.06    87.62    89.19    91.04    93.99   119.51
[0;32m[INFO][0m   h3: I [../src/deptran/s_main.cc:904] 2026-03-02 22:02:56.539 | Mid throughput is 592.10
[0;32m[INFO][0m   h3: I [../src/deptran/s_main.cc:905] 2026-03-02 22:02:56.539 | Fastpath statistics attempted 2891 successed 2891 rate(pct) 100.00 efficient_successed 2891 efficient_rate(pct) 100.00
[0;32m[INFO][0m   h3: I [../src/deptran/s_main.cc:919] 2026-03-02 22:02:56.539 | Cpu-usage-leaders ave 0.0000 count 8777
[0;32m[INFO][0m   h3: I [../src/deptran/s_main.cc:931] 2026-03-02 22:02:56.539 | Queue-depth ave 143.7486 count 8777
[0;32m[INFO][0m   h4: I [../src/deptran/s_main.cc:893] 2026-03-02 22:02:55.322 | All-efficient-attempts           statistics   count     5957   0pct    40.29  50pct    46.22  90pct    93.86  99pct   104.25    ave    64.95
[0;32m[INFO][0m   h4: I [../src/deptran/s_main.cc:901] 2026-03-02 22:02:55.326 | All-efficient-attempts           distribution     40.29    41.09    41.67    42.32    43.31    46.22    86.55    88.58    90.53    93.86   118.74
[0;32m[INFO][0m   h4: I [../src/deptran/s_main.cc:904] 2026-03-02 22:02:55.328 | Mid throughput is 595.70
[0;32m[INFO][0m   h4: I [../src/deptran/s_main.cc:905] 2026-03-02 22:02:55.328 | Fastpath statistics attempted 3229 successed 3229 rate(pct) 100.00 efficient_successed 3229 efficient_rate(pct) 100.00
[0;32m[INFO][0m   h4: I [../src/deptran/s_main.cc:919] 2026-03-02 22:02:55.328 | Cpu-usage-leaders ave 0.0000 count 9553
[0;32m[INFO][0m   h4: I [../src/deptran/s_main.cc:931] 2026-03-02 22:02:55.328 | Queue-depth ave 142.3250 count 9553
[0;32m[INFO][0m   h5: I [../src/deptran/s_main.cc:893] 2026-03-02 22:02:51.732 | All-efficient-attempts           statistics   count     5918   0pct    40.32  50pct    85.17  90pct    94.33  99pct   105.49    ave    67.81
[0;32m[INFO][0m   h5: I [../src/deptran/s_main.cc:901] 2026-03-02 22:02:51.736 | All-efficient-attempts           distribution     40.32    41.16    41.77    42.69    44.50    85.17    87.57    89.36    91.25    94.33   119.03
[0;32m[INFO][0m   h5: I [../src/deptran/s_main.cc:904] 2026-03-02 22:02:51.738 | Mid throughput is 591.80
[0;32m[INFO][0m   h5: I [../src/deptran/s_main.cc:905] 2026-03-02 22:02:51.738 | Fastpath statistics attempted 2862 successed 2862 rate(pct) 100.00 efficient_successed 2862 efficient_rate(pct) 100.00
[0;32m[INFO][0m   h5: I [../src/deptran/s_main.cc:919] 2026-03-02 22:02:51.738 | Cpu-usage-leaders ave 0.0000 count 8603
[0;32m[INFO][0m   h5: I [../src/deptran/s_main.cc:931] 2026-03-02 22:02:51.738 | Queue-depth ave 144.0651 count 8603
[0;32m[INFO][0m === Benchmark PASSED ===
[0;32m[INFO][0m Cleaning up...
