# Attempt: 0 of 2
# Concurrency: 1
# Docker exit code: 0
# Timestamp: 2026-03-18T15:14:20Z
---
[0;32m[INFO][0m === Benchmark Mode ===
[0;32m[INFO][0m Site config:       60c1s5r5p.yml
[0;32m[INFO][0m Mode config:       rule_zookeeper.yml
[0;32m[INFO][0m Client config:     client_open.yml
[0;32m[INFO][0m Concurrent config: concurrent_1.yml
[0;32m[INFO][0m Latency:           20ms +/- 0ms
[0;32m[INFO][0m Duration:          30s
[0;32m[INFO][0m Starting 3-node ZooKeeper ensemble...
[0;32m[INFO][0m   Node myid=3: ip=127.0.0.1, port=2181, pid=26
[0;32m[INFO][0m   Node myid=2: ip=127.0.0.2, port=2182, pid=89
[0;32m[INFO][0m   Node myid=1: ip=127.0.0.3, port=2183, pid=158
[0;32m[INFO][0m Waiting for ZooKeeper ensemble to stabilize...
[0;32m[INFO][0m ZooKeeper ensemble ready (leader at 127.0.0.1)
[0;32m[INFO][0m Setting up latency: 20ms +/- 0ms
[0;32m[INFO][0m   127.0.0.2: 20ms +/- 0ms delay
[0;32m[INFO][0m   127.0.0.3: 20ms +/- 0ms delay
[0;32m[INFO][0m   127.0.0.4: 20ms +/- 0ms delay
[0;32m[INFO][0m   127.0.0.5: 20ms +/- 0ms delay
[0;32m[INFO][0m   ZK peer port 2888: 20ms delay (ZAB replication)
[0;32m[INFO][0m Latency simulation active on loopback
[0;32m[INFO][0m Starting process h1
[0;32m[INFO][0m Starting process h2
[0;32m[INFO][0m Starting process h3
[0;32m[INFO][0m Starting process h4
[0;32m[INFO][0m Starting process h5
[0;32m[INFO][0m Waiting for 5 processes to complete (timeout: 90s)...
[0;32m[INFO][0m --- Benchmark Results ---
[0;32m[INFO][0m   h1: I [../src/deptran/s_main.cc:893] 2026-03-18 15:14:17.189 | All-efficient-attempts           statistics   count       80   0pct    40.22  50pct    40.30  90pct    40.40  99pct    40.46    ave    40.31
[0;32m[INFO][0m   h1: I [../src/deptran/s_main.cc:901] 2026-03-18 15:14:17.189 | All-efficient-attempts           distribution     40.22    40.24    40.26    40.27    40.28    40.30    40.31    40.32    40.36    40.40    40.46
[0;32m[INFO][0m   h1: I [../src/deptran/s_main.cc:904] 2026-03-18 15:14:17.189 | Mid throughput is 8.00
[0;32m[INFO][0m   h1: I [../src/deptran/s_main.cc:905] 2026-03-18 15:14:17.189 | Fastpath statistics attempted 80 successed 80 rate(pct) 100.00 efficient_successed 80 efficient_rate(pct) 100.00
[0;32m[INFO][0m   h1: I [../src/deptran/s_main.cc:919] 2026-03-18 15:14:17.189 | Cpu-usage-leaders ave 0.0000 count 246
[0;32m[INFO][0m   h1: I [../src/deptran/s_main.cc:931] 2026-03-18 15:14:17.189 | Queue-depth ave 2.6862 count 246
[0;32m[INFO][0m   h2: I [../src/deptran/s_main.cc:893] 2026-03-18 15:14:19.675 | All-efficient-attempts           statistics   count       84   0pct    40.30  50pct    40.37  90pct    40.46  99pct    42.39    ave    40.41
[0;32m[INFO][0m   h2: I [../src/deptran/s_main.cc:901] 2026-03-18 15:14:19.675 | All-efficient-attempts           distribution     40.30    40.31    40.32    40.33    40.36    40.37    40.38    40.40    40.44    40.46    42.39
[0;32m[INFO][0m   h2: I [../src/deptran/s_main.cc:904] 2026-03-18 15:14:19.675 | Mid throughput is 8.40
[0;32m[INFO][0m   h2: I [../src/deptran/s_main.cc:905] 2026-03-18 15:14:19.675 | Fastpath statistics attempted 84 successed 84 rate(pct) 100.00 efficient_successed 84 efficient_rate(pct) 100.00
[0;32m[INFO][0m   h2: I [../src/deptran/s_main.cc:919] 2026-03-18 15:14:19.675 | Cpu-usage-leaders ave 0.0000 count 248
[0;32m[INFO][0m   h2: I [../src/deptran/s_main.cc:931] 2026-03-18 15:14:19.675 | Queue-depth ave 2.6952 count 248
[0;32m[INFO][0m   h3: I [../src/deptran/s_main.cc:893] 2026-03-18 15:14:17.679 | All-efficient-attempts           statistics   count       77   0pct    40.29  50pct    40.36  90pct    40.47  99pct    40.66    ave    40.37
[0;32m[INFO][0m   h3: I [../src/deptran/s_main.cc:901] 2026-03-18 15:14:17.679 | All-efficient-attempts           distribution     40.29    40.30    40.31    40.33    40.35    40.36    40.36    40.38    40.41    40.47    40.66
[0;32m[INFO][0m   h3: I [../src/deptran/s_main.cc:904] 2026-03-18 15:14:17.679 | Mid throughput is 7.70
[0;32m[INFO][0m   h3: I [../src/deptran/s_main.cc:905] 2026-03-18 15:14:17.679 | Fastpath statistics attempted 77 successed 77 rate(pct) 100.00 efficient_successed 77 efficient_rate(pct) 100.00
[0;32m[INFO][0m   h3: I [../src/deptran/s_main.cc:919] 2026-03-18 15:14:17.679 | Cpu-usage-leaders ave 0.0000 count 245
[0;32m[INFO][0m   h3: I [../src/deptran/s_main.cc:931] 2026-03-18 15:14:17.679 | Queue-depth ave 2.7085 count 245
[0;32m[INFO][0m   h4: I [../src/deptran/s_main.cc:893] 2026-03-18 15:14:17.672 | All-efficient-attempts           statistics   count       80   0pct    40.26  50pct    40.37  90pct    40.50  99pct    41.38    ave    40.40
[0;32m[INFO][0m   h4: I [../src/deptran/s_main.cc:901] 2026-03-18 15:14:17.672 | All-efficient-attempts           distribution     40.26    40.31    40.33    40.34    40.35    40.37    40.40    40.42    40.47    40.50    41.38
[0;32m[INFO][0m   h4: I [../src/deptran/s_main.cc:904] 2026-03-18 15:14:17.672 | Mid throughput is 8.00
[0;32m[INFO][0m   h4: I [../src/deptran/s_main.cc:905] 2026-03-18 15:14:17.672 | Fastpath statistics attempted 80 successed 80 rate(pct) 100.00 efficient_successed 80 efficient_rate(pct) 100.00
[0;32m[INFO][0m   h4: I [../src/deptran/s_main.cc:919] 2026-03-18 15:14:17.672 | Cpu-usage-leaders ave 0.0000 count 250
[0;32m[INFO][0m   h4: I [../src/deptran/s_main.cc:931] 2026-03-18 15:14:17.672 | Queue-depth ave 2.6993 count 250
[0;32m[INFO][0m   h5: I [../src/deptran/s_main.cc:893] 2026-03-18 15:14:17.669 | All-efficient-attempts           statistics   count       81   0pct    40.27  50pct    40.38  90pct    40.53  99pct    40.80    ave    40.40
[0;32m[INFO][0m   h5: I [../src/deptran/s_main.cc:901] 2026-03-18 15:14:17.670 | All-efficient-attempts           distribution     40.27    40.30    40.32    40.34    40.37    40.38    40.41    40.43    40.46    40.53    40.80
[0;32m[INFO][0m   h5: I [../src/deptran/s_main.cc:904] 2026-03-18 15:14:17.670 | Mid throughput is 8.10
[0;32m[INFO][0m   h5: I [../src/deptran/s_main.cc:905] 2026-03-18 15:14:17.670 | Fastpath statistics attempted 81 successed 81 rate(pct) 100.00 efficient_successed 81 efficient_rate(pct) 100.00
[0;32m[INFO][0m   h5: I [../src/deptran/s_main.cc:919] 2026-03-18 15:14:17.670 | Cpu-usage-leaders ave 0.0000 count 246
[0;32m[INFO][0m   h5: I [../src/deptran/s_main.cc:931] 2026-03-18 15:14:17.670 | Queue-depth ave 2.6905 count 246
[0;32m[INFO][0m === Benchmark PASSED ===
[0;32m[INFO][0m Cleaning up...
