# Attempt: 0 of 2
# Concurrency: 25
# Docker exit code: 0
# Timestamp: 2026-03-18T15:18:06Z
---
[0;32m[INFO][0m === Benchmark Mode ===
[0;32m[INFO][0m Site config:       60c1s5r5p.yml
[0;32m[INFO][0m Mode config:       rule_zookeeper.yml
[0;32m[INFO][0m Client config:     client_open.yml
[0;32m[INFO][0m Concurrent config: concurrent_25.yml
[0;32m[INFO][0m Latency:           20ms +/- 0ms
[0;32m[INFO][0m Duration:          30s
[0;32m[INFO][0m Starting 3-node ZooKeeper ensemble...
[0;32m[INFO][0m   Node myid=3: ip=127.0.0.1, port=2181, pid=25
[0;32m[INFO][0m   Node myid=2: ip=127.0.0.2, port=2182, pid=87
[0;32m[INFO][0m   Node myid=1: ip=127.0.0.3, port=2183, pid=157
[0;32m[INFO][0m Waiting for ZooKeeper ensemble to stabilize...
[0;32m[INFO][0m ZooKeeper ensemble ready (leader at 127.0.0.1)
[0;32m[INFO][0m Setting up latency: 20ms +/- 0ms
[0;32m[INFO][0m   127.0.0.2: 20ms +/- 0ms delay
[0;32m[INFO][0m   127.0.0.3: 20ms +/- 0ms delay
[0;32m[INFO][0m   127.0.0.4: 20ms +/- 0ms delay
[0;32m[INFO][0m   127.0.0.5: 20ms +/- 0ms delay
[0;32m[INFO][0m   ZK peer port 2888: 20ms delay (ZAB replication)
[0;32m[INFO][0m Latency simulation active on loopback
[0;32m[INFO][0m Starting process h1
[0;32m[INFO][0m Starting process h2
[0;32m[INFO][0m Starting process h3
[0;32m[INFO][0m Starting process h4
[0;32m[INFO][0m Starting process h5
[0;32m[INFO][0m Waiting for 5 processes to complete (timeout: 90s)...
[0;32m[INFO][0m --- Benchmark Results ---
[0;32m[INFO][0m   h1: I [../src/deptran/s_main.cc:893] 2026-03-18 15:18:04.199 | All-efficient-attempts           statistics   count     2944   0pct    40.21  50pct    40.45  90pct    41.84  99pct    49.56    ave    41.10
[0;32m[INFO][0m   h1: I [../src/deptran/s_main.cc:901] 2026-03-18 15:18:04.201 | All-efficient-attempts           distribution     40.21    40.28    40.32    40.36    40.40    40.45    40.52    40.61    40.79    41.84   102.08
[0;32m[INFO][0m   h1: I [../src/deptran/s_main.cc:904] 2026-03-18 15:18:04.202 | Mid throughput is 294.40
[0;32m[INFO][0m   h1: I [../src/deptran/s_main.cc:905] 2026-03-18 15:18:04.202 | Fastpath statistics attempted 2673 successed 2673 rate(pct) 100.00 efficient_successed 2669 efficient_rate(pct) 99.85
[0;32m[INFO][0m   h1: I [../src/deptran/s_main.cc:919] 2026-03-18 15:18:04.202 | Cpu-usage-leaders ave 0.0000 count 8151
[0;32m[INFO][0m   h1: I [../src/deptran/s_main.cc:931] 2026-03-18 15:18:04.202 | Queue-depth ave 67.4073 count 8151
[0;32m[INFO][0m   h2: I [../src/deptran/s_main.cc:893] 2026-03-18 15:18:05.679 | All-efficient-attempts           statistics   count     2924   0pct    40.25  50pct    40.75  90pct    42.89  99pct    89.26    ave    44.96
[0;32m[INFO][0m   h2: I [../src/deptran/s_main.cc:901] 2026-03-18 15:18:05.682 | All-efficient-attempts           distribution     40.25    40.41    40.49    40.57    40.66    40.75    40.86    41.02    41.29    42.89   119.34
[0;32m[INFO][0m   h2: I [../src/deptran/s_main.cc:904] 2026-03-18 15:18:05.683 | Mid throughput is 292.40
[0;32m[INFO][0m   h2: I [../src/deptran/s_main.cc:905] 2026-03-18 15:18:05.683 | Fastpath statistics attempted 2659 successed 2659 rate(pct) 100.00 efficient_successed 2659 efficient_rate(pct) 100.00
[0;32m[INFO][0m   h2: I [../src/deptran/s_main.cc:919] 2026-03-18 15:18:05.683 | Cpu-usage-leaders ave 0.0000 count 8196
[0;32m[INFO][0m   h2: I [../src/deptran/s_main.cc:931] 2026-03-18 15:18:05.683 | Queue-depth ave 65.4063 count 8196
[0;32m[INFO][0m   h3: I [../src/deptran/s_main.cc:893] 2026-03-18 15:18:05.686 | All-efficient-attempts           statistics   count     2926   0pct    40.26  50pct    40.75  90pct    43.11  99pct    89.15    ave    45.16
[0;32m[INFO][0m   h3: I [../src/deptran/s_main.cc:901] 2026-03-18 15:18:05.689 | All-efficient-attempts           distribution     40.26    40.41    40.48    40.56    40.65    40.75    40.86    41.02    41.26    43.11   124.63
[0;32m[INFO][0m   h3: I [../src/deptran/s_main.cc:904] 2026-03-18 15:18:05.690 | Mid throughput is 292.60
[0;32m[INFO][0m   h3: I [../src/deptran/s_main.cc:905] 2026-03-18 15:18:05.690 | Fastpath statistics attempted 2648 successed 2648 rate(pct) 100.00 efficient_successed 2648 efficient_rate(pct) 100.00
[0;32m[INFO][0m   h3: I [../src/deptran/s_main.cc:919] 2026-03-18 15:18:05.690 | Cpu-usage-leaders ave 0.0000 count 8172
[0;32m[INFO][0m   h3: I [../src/deptran/s_main.cc:931] 2026-03-18 15:18:05.690 | Queue-depth ave 65.3438 count 8172
[0;32m[INFO][0m   h4: I [../src/deptran/s_main.cc:893] 2026-03-18 15:18:04.684 | All-efficient-attempts           statistics   count     2941   0pct    40.26  50pct    40.75  90pct    44.09  99pct    89.81    ave    45.16
[0;32m[INFO][0m   h4: I [../src/deptran/s_main.cc:901] 2026-03-18 15:18:04.687 | All-efficient-attempts           distribution     40.26    40.41    40.49    40.57    40.64    40.75    40.86    41.01    41.28    44.09   159.83
[0;32m[INFO][0m   h4: I [../src/deptran/s_main.cc:904] 2026-03-18 15:18:04.688 | Mid throughput is 294.10
[0;32m[INFO][0m   h4: I [../src/deptran/s_main.cc:905] 2026-03-18 15:18:04.688 | Fastpath statistics attempted 2666 successed 2666 rate(pct) 100.00 efficient_successed 2666 efficient_rate(pct) 100.00
[0;32m[INFO][0m   h4: I [../src/deptran/s_main.cc:919] 2026-03-18 15:18:04.688 | Cpu-usage-leaders ave 0.0000 count 8184
[0;32m[INFO][0m   h4: I [../src/deptran/s_main.cc:931] 2026-03-18 15:18:04.688 | Queue-depth ave 66.7985 count 8184
[0;32m[INFO][0m   h5: I [../src/deptran/s_main.cc:893] 2026-03-18 15:18:04.685 | All-efficient-attempts           statistics   count     2906   0pct    40.27  50pct    40.76  90pct    42.77  99pct    88.70    ave    44.94
[0;32m[INFO][0m   h5: I [../src/deptran/s_main.cc:901] 2026-03-18 15:18:04.687 | All-efficient-attempts           distribution     40.27    40.42    40.50    40.58    40.66    40.76    40.87    41.04    41.29    42.77   136.98
[0;32m[INFO][0m   h5: I [../src/deptran/s_main.cc:904] 2026-03-18 15:18:04.688 | Mid throughput is 290.60
[0;32m[INFO][0m   h5: I [../src/deptran/s_main.cc:905] 2026-03-18 15:18:04.688 | Fastpath statistics attempted 2643 successed 2643 rate(pct) 100.00 efficient_successed 2643 efficient_rate(pct) 100.00
[0;32m[INFO][0m   h5: I [../src/deptran/s_main.cc:919] 2026-03-18 15:18:04.689 | Cpu-usage-leaders ave 0.0000 count 8151
[0;32m[INFO][0m   h5: I [../src/deptran/s_main.cc:931] 2026-03-18 15:18:04.689 | Queue-depth ave 66.8034 count 8151
[0;32m[INFO][0m === Benchmark PASSED ===
[0;32m[INFO][0m Cleaning up...
