# Attempt: 0 of 2
# Concurrency: 5
# Docker exit code: 0
# Timestamp: 2026-03-18T15:15:35Z
---
[0;32m[INFO][0m === Benchmark Mode ===
[0;32m[INFO][0m Site config:       60c1s5r5p.yml
[0;32m[INFO][0m Mode config:       rule_zookeeper.yml
[0;32m[INFO][0m Client config:     client_open.yml
[0;32m[INFO][0m Concurrent config: concurrent_5.yml
[0;32m[INFO][0m Latency:           20ms +/- 0ms
[0;32m[INFO][0m Duration:          30s
[0;32m[INFO][0m Starting 3-node ZooKeeper ensemble...
[0;32m[INFO][0m   Node myid=3: ip=127.0.0.1, port=2181, pid=26
[0;32m[INFO][0m   Node myid=2: ip=127.0.0.2, port=2182, pid=89
[0;32m[INFO][0m   Node myid=1: ip=127.0.0.3, port=2183, pid=157
[0;32m[INFO][0m Waiting for ZooKeeper ensemble to stabilize...
[0;32m[INFO][0m ZooKeeper ensemble ready (leader at 127.0.0.1)
[0;32m[INFO][0m Setting up latency: 20ms +/- 0ms
[0;32m[INFO][0m   127.0.0.2: 20ms +/- 0ms delay
[0;32m[INFO][0m   127.0.0.3: 20ms +/- 0ms delay
[0;32m[INFO][0m   127.0.0.4: 20ms +/- 0ms delay
[0;32m[INFO][0m   127.0.0.5: 20ms +/- 0ms delay
[0;32m[INFO][0m   ZK peer port 2888: 20ms delay (ZAB replication)
[0;32m[INFO][0m Latency simulation active on loopback
[0;32m[INFO][0m Starting process h1
[0;32m[INFO][0m Starting process h2
[0;32m[INFO][0m Starting process h3
[0;32m[INFO][0m Starting process h4
[0;32m[INFO][0m Starting process h5
[0;32m[INFO][0m Waiting for 5 processes to complete (timeout: 90s)...
[0;32m[INFO][0m --- Benchmark Results ---
[0;32m[INFO][0m   h1: I [../src/deptran/s_main.cc:893] 2026-03-18 15:15:33.832 | All-efficient-attempts           statistics   count      541   0pct    40.19  50pct    40.30  90pct    40.42  99pct    40.59    ave    40.32
[0;32m[INFO][0m   h1: I [../src/deptran/s_main.cc:901] 2026-03-18 15:15:33.832 | All-efficient-attempts           distribution     40.19    40.24    40.25    40.27    40.28    40.30    40.31    40.33    40.36    40.42    42.60
[0;32m[INFO][0m   h1: I [../src/deptran/s_main.cc:904] 2026-03-18 15:15:33.833 | Mid throughput is 54.10
[0;32m[INFO][0m   h1: I [../src/deptran/s_main.cc:905] 2026-03-18 15:15:33.833 | Fastpath statistics attempted 541 successed 541 rate(pct) 100.00 efficient_successed 540 efficient_rate(pct) 99.82
[0;32m[INFO][0m   h1: I [../src/deptran/s_main.cc:919] 2026-03-18 15:15:33.833 | Cpu-usage-leaders ave 0.0000 count 1662
[0;32m[INFO][0m   h1: I [../src/deptran/s_main.cc:931] 2026-03-18 15:15:33.833 | Queue-depth ave 12.5763 count 1662
[0;32m[INFO][0m   h2: I [../src/deptran/s_main.cc:893] 2026-03-18 15:15:35.315 | All-efficient-attempts           statistics   count      541   0pct    40.24  50pct    40.38  90pct    40.54  99pct    40.69    ave    40.41
[0;32m[INFO][0m   h2: I [../src/deptran/s_main.cc:901] 2026-03-18 15:15:35.315 | All-efficient-attempts           distribution     40.24    40.30    40.32    40.34    40.36    40.38    40.40    40.44    40.49    40.54    43.06
[0;32m[INFO][0m   h2: I [../src/deptran/s_main.cc:904] 2026-03-18 15:15:35.316 | Mid throughput is 54.10
[0;32m[INFO][0m   h2: I [../src/deptran/s_main.cc:905] 2026-03-18 15:15:35.316 | Fastpath statistics attempted 541 successed 541 rate(pct) 100.00 efficient_successed 541 efficient_rate(pct) 100.00
[0;32m[INFO][0m   h2: I [../src/deptran/s_main.cc:919] 2026-03-18 15:15:35.316 | Cpu-usage-leaders ave 0.0000 count 1664
[0;32m[INFO][0m   h2: I [../src/deptran/s_main.cc:931] 2026-03-18 15:15:35.316 | Queue-depth ave 12.4620 count 1664
[0;32m[INFO][0m   h3: I [../src/deptran/s_main.cc:893] 2026-03-18 15:15:34.312 | All-efficient-attempts           statistics   count      544   0pct    40.25  50pct    40.39  90pct    40.57  99pct    40.83    ave    40.41
[0;32m[INFO][0m   h3: I [../src/deptran/s_main.cc:901] 2026-03-18 15:15:34.313 | All-efficient-attempts           distribution     40.25    40.30    40.32    40.34    40.36    40.39    40.41    40.44    40.49    40.57    41.06
[0;32m[INFO][0m   h3: I [../src/deptran/s_main.cc:904] 2026-03-18 15:15:34.313 | Mid throughput is 54.40
[0;32m[INFO][0m   h3: I [../src/deptran/s_main.cc:905] 2026-03-18 15:15:34.313 | Fastpath statistics attempted 544 successed 544 rate(pct) 100.00 efficient_successed 544 efficient_rate(pct) 100.00
[0;32m[INFO][0m   h3: I [../src/deptran/s_main.cc:919] 2026-03-18 15:15:34.313 | Cpu-usage-leaders ave 0.0000 count 1675
[0;32m[INFO][0m   h3: I [../src/deptran/s_main.cc:931] 2026-03-18 15:15:34.313 | Queue-depth ave 12.5580 count 1675
[0;32m[INFO][0m   h4: I [../src/deptran/s_main.cc:893] 2026-03-18 15:15:34.325 | All-efficient-attempts           statistics   count      538   0pct    40.25  50pct    40.40  90pct    40.56  99pct    40.75    ave    40.42
[0;32m[INFO][0m   h4: I [../src/deptran/s_main.cc:901] 2026-03-18 15:15:34.326 | All-efficient-attempts           distribution     40.25    40.31    40.33    40.35    40.38    40.40    40.43    40.46    40.50    40.56    41.67
[0;32m[INFO][0m   h4: I [../src/deptran/s_main.cc:904] 2026-03-18 15:15:34.326 | Mid throughput is 53.80
[0;32m[INFO][0m   h4: I [../src/deptran/s_main.cc:905] 2026-03-18 15:15:34.326 | Fastpath statistics attempted 538 successed 538 rate(pct) 100.00 efficient_successed 538 efficient_rate(pct) 100.00
[0;32m[INFO][0m   h4: I [../src/deptran/s_main.cc:919] 2026-03-18 15:15:34.326 | Cpu-usage-leaders ave 0.0000 count 1671
[0;32m[INFO][0m   h4: I [../src/deptran/s_main.cc:931] 2026-03-18 15:15:34.326 | Queue-depth ave 12.5236 count 1671
[0;32m[INFO][0m   h5: I [../src/deptran/s_main.cc:893] 2026-03-18 15:15:34.312 | All-efficient-attempts           statistics   count      545   0pct    40.26  50pct    40.38  90pct    40.55  99pct    40.90    ave    40.42
[0;32m[INFO][0m   h5: I [../src/deptran/s_main.cc:901] 2026-03-18 15:15:34.313 | All-efficient-attempts           distribution     40.26    40.30    40.33    40.34    40.36    40.38    40.40    40.43    40.48    40.55    43.02
[0;32m[INFO][0m   h5: I [../src/deptran/s_main.cc:904] 2026-03-18 15:15:34.313 | Mid throughput is 54.50
[0;32m[INFO][0m   h5: I [../src/deptran/s_main.cc:905] 2026-03-18 15:15:34.313 | Fastpath statistics attempted 545 successed 545 rate(pct) 100.00 efficient_successed 545 efficient_rate(pct) 100.00
[0;32m[INFO][0m   h5: I [../src/deptran/s_main.cc:919] 2026-03-18 15:15:34.313 | Cpu-usage-leaders ave 0.0000 count 1669
[0;32m[INFO][0m   h5: I [../src/deptran/s_main.cc:931] 2026-03-18 15:15:34.313 | Queue-depth ave 12.5555 count 1669
[0;32m[INFO][0m === Benchmark PASSED ===
[0;32m[INFO][0m Cleaning up...
