# Attempt: 0 of 2
# Concurrency: 150
# Docker exit code: 0
# Timestamp: 2026-03-02T22:07:07Z
---
[0;32m[INFO][0m === Benchmark Mode ===
[0;32m[INFO][0m Site config:       60c1s5r5p.yml
[0;32m[INFO][0m Mode config:       rule_zookeeper.yml
[0;32m[INFO][0m Client config:     client_open.yml
[0;32m[INFO][0m Concurrent config: concurrent_150.yml
[0;32m[INFO][0m Latency:           20ms +/- 0ms
[0;32m[INFO][0m Duration:          30s
[0;32m[INFO][0m Starting 3-node ZooKeeper ensemble...
[0;32m[INFO][0m   Node myid=3: ip=127.0.0.1, port=2181, pid=26
[0;32m[INFO][0m   Node myid=2: ip=127.0.0.2, port=2182, pid=89
[0;32m[INFO][0m   Node myid=1: ip=127.0.0.3, port=2183, pid=157
[0;32m[INFO][0m Waiting for ZooKeeper ensemble to stabilize...
[0;32m[INFO][0m ZooKeeper ensemble ready (leader at 127.0.0.1)
[0;32m[INFO][0m Setting up latency: 20ms +/- 0ms
[0;32m[INFO][0m   127.0.0.2: 20ms +/- 0ms delay
[0;32m[INFO][0m   127.0.0.3: 20ms +/- 0ms delay
[0;32m[INFO][0m   127.0.0.4: 20ms +/- 0ms delay
[0;32m[INFO][0m   127.0.0.5: 20ms +/- 0ms delay
[0;32m[INFO][0m   ZK peer port 2888: 20ms delay (ZAB replication)
[0;32m[INFO][0m Latency simulation active on loopback
[0;32m[INFO][0m Starting process h1
[0;32m[INFO][0m Starting process h2
[0;32m[INFO][0m Starting process h3
[0;32m[INFO][0m Starting process h4
[0;32m[INFO][0m Starting process h5
[0;32m[INFO][0m Waiting for 5 processes to complete (timeout: 90s)...
[0;32m[INFO][0m --- Benchmark Results ---
[0;32m[INFO][0m   h1: I [../src/deptran/s_main.cc:893] 2026-03-02 22:07:05.810 | All-efficient-attempts           statistics   count    10975   0pct  2114.39  50pct  2167.59  90pct  2186.27  99pct  2206.15    ave  2168.15
[0;32m[INFO][0m   h1: I [../src/deptran/s_main.cc:901] 2026-03-02 22:07:05.817 | All-efficient-attempts           distribution   2114.39  2150.12  2155.71  2159.91  2163.83  2167.59  2171.48  2175.70  2180.03  2186.27  2263.20
[0;32m[INFO][0m   h1: I [../src/deptran/s_main.cc:904] 2026-03-02 22:07:05.822 | Mid throughput is 1097.50
[0;32m[INFO][0m   h1: I [../src/deptran/s_main.cc:905] 2026-03-02 22:07:05.822 | Fastpath statistics attempted 0 successed 0 rate(pct) -nan efficient_successed 0 efficient_rate(pct) -nan
[0;32m[INFO][0m   h1: I [../src/deptran/s_main.cc:919] 2026-03-02 22:07:05.822 | Cpu-usage-leaders ave 0.0000 count 1831
[0;32m[INFO][0m   h1: I [../src/deptran/s_main.cc:931] 2026-03-02 22:07:05.822 | Queue-depth ave 1372.0032 count 1831
[0;32m[INFO][0m   h2: I [../src/deptran/s_main.cc:893] 2026-03-02 22:07:06.586 | All-efficient-attempts           statistics   count    10906   0pct  2153.35  50pct  2207.21  90pct  2226.06  99pct  2241.03    ave  2207.94
[0;32m[INFO][0m   h2: I [../src/deptran/s_main.cc:901] 2026-03-02 22:07:06.593 | All-efficient-attempts           distribution   2153.35  2190.40  2195.84  2199.88  2203.71  2207.21  2210.78  2215.01  2219.46  2226.06  2295.73
[0;32m[INFO][0m   h2: I [../src/deptran/s_main.cc:904] 2026-03-02 22:07:06.597 | Mid throughput is 1090.60
[0;32m[INFO][0m   h2: I [../src/deptran/s_main.cc:905] 2026-03-02 22:07:06.597 | Fastpath statistics attempted 0 successed 0 rate(pct) -nan efficient_successed 0 efficient_rate(pct) -nan
[0;32m[INFO][0m   h2: I [../src/deptran/s_main.cc:919] 2026-03-02 22:07:06.597 | Cpu-usage-leaders ave 0.0000 count 1800
[0;32m[INFO][0m   h2: I [../src/deptran/s_main.cc:931] 2026-03-02 22:07:06.597 | Queue-depth ave 2446.5122 count 1800
[0;32m[INFO][0m   h3: I [../src/deptran/s_main.cc:893] 2026-03-02 22:07:06.196 | All-efficient-attempts           statistics   count    10922   0pct  2156.76  50pct  2207.02  90pct  2226.47  99pct  2243.41    ave  2207.96
[0;32m[INFO][0m   h3: I [../src/deptran/s_main.cc:901] 2026-03-02 22:07:06.203 | All-efficient-attempts           distribution   2156.76  2190.08  2195.43  2199.54  2203.12  2207.02  2210.85  2215.38  2219.63  2226.47  2296.96
[0;32m[INFO][0m   h3: I [../src/deptran/s_main.cc:904] 2026-03-02 22:07:06.207 | Mid throughput is 1092.20
[0;32m[INFO][0m   h3: I [../src/deptran/s_main.cc:905] 2026-03-02 22:07:06.207 | Fastpath statistics attempted 0 successed 0 rate(pct) -nan efficient_successed 0 efficient_rate(pct) -nan
[0;32m[INFO][0m   h3: I [../src/deptran/s_main.cc:919] 2026-03-02 22:07:06.207 | Cpu-usage-leaders ave 0.0000 count 1800
[0;32m[INFO][0m   h3: I [../src/deptran/s_main.cc:931] 2026-03-02 22:07:06.207 | Queue-depth ave 2389.9331 count 1800
[0;32m[INFO][0m   h4: I [../src/deptran/s_main.cc:893] 2026-03-02 22:07:07.384 | All-efficient-attempts           statistics   count    11187   0pct  2149.13  50pct  2206.26  90pct  2228.46  99pct  2279.59    ave  2209.44
[0;32m[INFO][0m   h4: I [../src/deptran/s_main.cc:901] 2026-03-02 22:07:07.391 | All-efficient-attempts           distribution   2149.13  2190.62  2195.76  2199.66  2202.86  2206.26  2210.11  2214.66  2220.06  2228.46  2297.06
[0;32m[INFO][0m   h4: I [../src/deptran/s_main.cc:904] 2026-03-02 22:07:07.395 | Mid throughput is 1118.70
[0;32m[INFO][0m   h4: I [../src/deptran/s_main.cc:905] 2026-03-02 22:07:07.395 | Fastpath statistics attempted 0 successed 0 rate(pct) -nan efficient_successed 0 efficient_rate(pct) -nan
[0;32m[INFO][0m   h4: I [../src/deptran/s_main.cc:919] 2026-03-02 22:07:07.395 | Cpu-usage-leaders ave 0.0000 count 1799
[0;32m[INFO][0m   h4: I [../src/deptran/s_main.cc:931] 2026-03-02 22:07:07.395 | Queue-depth ave 6652.5249 count 1799
[0;32m[INFO][0m   h5: I [../src/deptran/s_main.cc:893] 2026-03-02 22:07:06.190 | All-efficient-attempts           statistics   count    10870   0pct  2154.63  50pct  2206.99  90pct  2226.03  99pct  2239.57    ave  2207.76
[0;32m[INFO][0m   h5: I [../src/deptran/s_main.cc:901] 2026-03-02 22:07:06.196 | All-efficient-attempts           distribution   2154.63  2190.16  2195.46  2199.63  2203.43  2206.99  2210.80  2214.71  2219.35  2226.03  2296.98
[0;32m[INFO][0m   h5: I [../src/deptran/s_main.cc:904] 2026-03-02 22:07:06.201 | Mid throughput is 1087.00
[0;32m[INFO][0m   h5: I [../src/deptran/s_main.cc:905] 2026-03-02 22:07:06.201 | Fastpath statistics attempted 0 successed 0 rate(pct) -nan efficient_successed 0 efficient_rate(pct) -nan
[0;32m[INFO][0m   h5: I [../src/deptran/s_main.cc:919] 2026-03-02 22:07:06.201 | Cpu-usage-leaders ave 0.0000 count 1799
[0;32m[INFO][0m   h5: I [../src/deptran/s_main.cc:931] 2026-03-02 22:07:06.201 | Queue-depth ave 2563.6575 count 1799
[0;32m[INFO][0m === Benchmark PASSED ===
[0;32m[INFO][0m Cleaning up...
