# Attempt: 0 of 2
# Concurrency: 400
# Docker exit code: 0
# Timestamp: 2026-03-10T22:18:38Z
---
[0;32m[INFO][0m === Benchmark Mode ===
[0;32m[INFO][0m Site config:       60c1s5r5p.yml
[0;32m[INFO][0m Mode config:       none_mongodb.yml
[0;32m[INFO][0m Client config:     client_open.yml
[0;32m[INFO][0m Concurrent config: concurrent_400.yml
[0;32m[INFO][0m Latency:           20ms +/- 0ms
[0;32m[INFO][0m Duration:          30s
[0;32m[INFO][0m Starting 3-member MongoDB replica set...
about to fork child process, waiting until server is ready for connections.
forked process: 10
child process started successfully, parent exiting
[0;32m[INFO][0m   mongod0 (127.0.0.1:27017) PID=10
about to fork child process, waiting until server is ready for connections.
forked process: 73
child process started successfully, parent exiting
[0;32m[INFO][0m   mongod1 (127.0.0.2:27017) PID=73
about to fork child process, waiting until server is ready for connections.
forked process: 136
child process started successfully, parent exiting
[0;32m[INFO][0m   mongod2 (127.0.0.3:27017) PID=136
[0;32m[INFO][0m Initiating replica set 'jetpack-rs'...
[0;32m[INFO][0m Replica set is ready (primary=127.0.0.1)
[0;32m[INFO][0m Verifying MongoDB read/write at mongodb://127.0.0.1:27017,127.0.0.2:27017,127.0.0.3:27017/?replicaSet=jetpack-rs ...
[0;32m[INFO][0m MongoDB read/write verification passed
[0;32m[INFO][0m Setting up network latency: 20ms +/- 0ms on lo
[0;32m[INFO][0m   127.0.0.2: 20ms +/- 0ms delay
[0;32m[INFO][0m   127.0.0.3: 20ms +/- 0ms delay
[0;32m[INFO][0m   127.0.0.4: 20ms +/- 0ms delay
[0;32m[INFO][0m   127.0.0.5: 20ms +/- 0ms delay
[0;32m[INFO][0m Latency simulation active
[0;32m[INFO][0m Starting process h1
[0;32m[INFO][0m Starting process h2
[0;32m[INFO][0m Starting process h3
[0;32m[INFO][0m Starting process h4
[0;32m[INFO][0m Starting process h5
[0;32m[INFO][0m Waiting for 5 processes to complete (timeout: 90s)...
[0;32m[INFO][0m --- Benchmark Results ---
[0;32m[INFO][0m   h1: I [../src/deptran/s_main.cc:893] 2026-03-10 22:16:54.092 | All-efficient-attempts           statistics   count     6395   0pct  1874.57  50pct  3579.95  90pct  3723.51  99pct  5116.37    ave  3593.05
[0;32m[INFO][0m   h1: I [../src/deptran/s_main.cc:901] 2026-03-10 22:16:54.097 | All-efficient-attempts           distribution   1874.57  3504.71  3559.01  3566.90  3572.83  3579.95  3582.03  3588.89  3656.40  3723.51  5121.09
[0;32m[INFO][0m   h1: I [../src/deptran/s_main.cc:904] 2026-03-10 22:16:54.101 | Mid throughput is 639.50
[0;32m[INFO][0m   h1: I [../src/deptran/s_main.cc:905] 2026-03-10 22:16:54.101 | Fastpath statistics attempted 0 successed 0 rate(pct) -nan efficient_successed 0 efficient_rate(pct) -nan
[0;32m[INFO][0m   h1: I [../src/deptran/s_main.cc:919] 2026-03-10 22:16:54.101 | Cpu-usage-leaders ave -1.0000 count 0
[0;32m[INFO][0m   h1: I [../src/deptran/s_main.cc:931] 2026-03-10 22:16:54.101 | Queue-depth ave 1.0000 count 1
[0;32m[INFO][0m   h2: I [../src/deptran/s_main.cc:893] 2026-03-10 22:16:55.351 | All-efficient-attempts           statistics   count     6600   0pct  3456.72  50pct  3587.75  90pct  3699.58  99pct  4370.52    ave  3631.73
[0;32m[INFO][0m   h2: I [../src/deptran/s_main.cc:901] 2026-03-10 22:16:55.355 | All-efficient-attempts           distribution   3456.72  3538.25  3551.05  3556.77  3585.18  3587.75  3617.68  3681.13  3696.45  3699.58  4373.30
[0;32m[INFO][0m   h2: I [../src/deptran/s_main.cc:904] 2026-03-10 22:16:55.359 | Mid throughput is 660.00
[0;32m[INFO][0m   h2: I [../src/deptran/s_main.cc:905] 2026-03-10 22:16:55.359 | Fastpath statistics attempted 0 successed 0 rate(pct) -nan efficient_successed 0 efficient_rate(pct) -nan
[0;32m[INFO][0m   h2: I [../src/deptran/s_main.cc:919] 2026-03-10 22:16:55.359 | Cpu-usage-leaders ave -1.0000 count 0
[0;32m[INFO][0m   h2: I [../src/deptran/s_main.cc:931] 2026-03-10 22:16:55.359 | Queue-depth ave 0.0000 count 1
[0;32m[INFO][0m   h3: I [../src/deptran/s_main.cc:893] 2026-03-10 22:16:55.555 | All-efficient-attempts           statistics   count     6800   0pct  3456.96  50pct  3587.36  90pct  3700.00  99pct  4247.48    ave  3626.04
[0;32m[INFO][0m   h3: I [../src/deptran/s_main.cc:901] 2026-03-10 22:16:55.559 | All-efficient-attempts           distribution   3456.96  3541.01  3554.09  3574.49  3585.47  3587.36  3594.18  3642.73  3697.38  3700.00  4249.86
[0;32m[INFO][0m   h3: I [../src/deptran/s_main.cc:904] 2026-03-10 22:16:55.563 | Mid throughput is 680.00
[0;32m[INFO][0m   h3: I [../src/deptran/s_main.cc:905] 2026-03-10 22:16:55.563 | Fastpath statistics attempted 0 successed 0 rate(pct) -nan efficient_successed 0 efficient_rate(pct) -nan
[0;32m[INFO][0m   h3: I [../src/deptran/s_main.cc:919] 2026-03-10 22:16:55.563 | Cpu-usage-leaders ave -1.0000 count 0
[0;32m[INFO][0m   h3: I [../src/deptran/s_main.cc:931] 2026-03-10 22:16:55.563 | Queue-depth ave 0.0000 count 1
[0;32m[INFO][0m   h4: I [../src/deptran/s_main.cc:893] 2026-03-10 22:16:55.552 | All-efficient-attempts           statistics   count     6795   0pct  2593.93  50pct  3586.57  90pct  3700.35  99pct  4546.45    ave  3623.66
[0;32m[INFO][0m   h4: I [../src/deptran/s_main.cc:901] 2026-03-10 22:16:55.556 | All-efficient-attempts           distribution   2593.93  3501.70  3552.00  3554.61  3585.08  3586.57  3640.32  3679.02  3697.74  3700.35  4549.19
[0;32m[INFO][0m   h4: I [../src/deptran/s_main.cc:904] 2026-03-10 22:16:55.560 | Mid throughput is 679.50
[0;32m[INFO][0m   h4: I [../src/deptran/s_main.cc:905] 2026-03-10 22:16:55.560 | Fastpath statistics attempted 0 successed 0 rate(pct) -nan efficient_successed 0 efficient_rate(pct) -nan
[0;32m[INFO][0m   h4: I [../src/deptran/s_main.cc:919] 2026-03-10 22:16:55.560 | Cpu-usage-leaders ave -1.0000 count 0
[0;32m[INFO][0m   h4: I [../src/deptran/s_main.cc:931] 2026-03-10 22:16:55.560 | Queue-depth ave 0.0000 count 1
[0;32m[INFO][0m   h5: I [../src/deptran/s_main.cc:893] 2026-03-10 22:16:55.563 | All-efficient-attempts           statistics   count     6800   0pct  3456.56  50pct  3586.76  90pct  3700.62  99pct  3743.12    ave  3604.61
[0;32m[INFO][0m   h5: I [../src/deptran/s_main.cc:901] 2026-03-10 22:16:55.569 | All-efficient-attempts           distribution   3456.56  3539.96  3551.05  3554.40  3585.07  3586.76  3602.93  3640.95  3683.60  3700.62  3744.03
[0;32m[INFO][0m   h5: I [../src/deptran/s_main.cc:904] 2026-03-10 22:16:55.574 | Mid throughput is 680.00
[0;32m[INFO][0m   h5: I [../src/deptran/s_main.cc:905] 2026-03-10 22:16:55.574 | Fastpath statistics attempted 0 successed 0 rate(pct) -nan efficient_successed 0 efficient_rate(pct) -nan
[0;32m[INFO][0m   h5: I [../src/deptran/s_main.cc:919] 2026-03-10 22:16:55.574 | Cpu-usage-leaders ave -1.0000 count 0
[0;32m[INFO][0m   h5: I [../src/deptran/s_main.cc:931] 2026-03-10 22:16:55.574 | Queue-depth ave 0.0000 count 1
[0;32m[INFO][0m === Benchmark PASSED ===
[0;32m[INFO][0m Cleaning up...
