# Attempt: 0 of 2
# Concurrency: 100
# Docker exit code: 0
# Timestamp: 2026-03-10T22:03:33Z
---
[0;32m[INFO][0m === Benchmark Mode ===
[0;32m[INFO][0m Site config:       60c1s5r5p.yml
[0;32m[INFO][0m Mode config:       none_mongodb.yml
[0;32m[INFO][0m Client config:     client_open.yml
[0;32m[INFO][0m Concurrent config: concurrent_100.yml
[0;32m[INFO][0m Latency:           20ms +/- 0ms
[0;32m[INFO][0m Duration:          30s
[0;32m[INFO][0m Starting 3-member MongoDB replica set...
about to fork child process, waiting until server is ready for connections.
forked process: 11
child process started successfully, parent exiting
[0;32m[INFO][0m   mongod0 (127.0.0.1:27017) PID=11
about to fork child process, waiting until server is ready for connections.
forked process: 74
child process started successfully, parent exiting
[0;32m[INFO][0m   mongod1 (127.0.0.2:27017) PID=74
about to fork child process, waiting until server is ready for connections.
forked process: 137
child process started successfully, parent exiting
[0;32m[INFO][0m   mongod2 (127.0.0.3:27017) PID=137
[0;32m[INFO][0m Initiating replica set 'jetpack-rs'...
[0;32m[INFO][0m Replica set is ready (primary=127.0.0.1)
[0;32m[INFO][0m Verifying MongoDB read/write at mongodb://127.0.0.1:27017,127.0.0.2:27017,127.0.0.3:27017/?replicaSet=jetpack-rs ...
[0;32m[INFO][0m MongoDB read/write verification passed
[0;32m[INFO][0m Setting up network latency: 20ms +/- 0ms on lo
[0;32m[INFO][0m   127.0.0.2: 20ms +/- 0ms delay
[0;32m[INFO][0m   127.0.0.3: 20ms +/- 0ms delay
[0;32m[INFO][0m   127.0.0.4: 20ms +/- 0ms delay
[0;32m[INFO][0m   127.0.0.5: 20ms +/- 0ms delay
[0;32m[INFO][0m Latency simulation active
[0;32m[INFO][0m Starting process h1
[0;32m[INFO][0m Starting process h2
[0;32m[INFO][0m Starting process h3
[0;32m[INFO][0m Starting process h4
[0;32m[INFO][0m Starting process h5
[0;32m[INFO][0m Waiting for 5 processes to complete (timeout: 90s)...
[0;32m[INFO][0m --- Benchmark Results ---
[0;32m[INFO][0m   h1: I [../src/deptran/s_main.cc:893] 2026-03-10 22:01:48.390 | All-efficient-attempts           statistics   count     8078   0pct    61.42  50pct  2162.18  90pct  4067.09  99pct  4769.73    ave  2296.50
[0;32m[INFO][0m   h1: I [../src/deptran/s_main.cc:901] 2026-03-10 22:01:48.395 | All-efficient-attempts           distribution     61.42   874.68  1308.28  1643.93  1883.30  2162.18  2469.60  2758.11  3177.87  4067.09  4773.92
[0;32m[INFO][0m   h1: I [../src/deptran/s_main.cc:904] 2026-03-10 22:01:48.398 | Mid throughput is 807.80
[0;32m[INFO][0m   h1: I [../src/deptran/s_main.cc:905] 2026-03-10 22:01:48.398 | Fastpath statistics attempted 0 successed 0 rate(pct) -nan efficient_successed 0 efficient_rate(pct) -nan
[0;32m[INFO][0m   h1: I [../src/deptran/s_main.cc:919] 2026-03-10 22:01:48.398 | Cpu-usage-leaders ave -1.0000 count 0
[0;32m[INFO][0m   h1: I [../src/deptran/s_main.cc:931] 2026-03-10 22:01:48.398 | Queue-depth ave 1.0000 count 1
[0;32m[INFO][0m   h2: I [../src/deptran/s_main.cc:893] 2026-03-10 22:01:47.325 | All-efficient-attempts           statistics   count     7975   0pct   301.88  50pct  2369.97  90pct  4305.79  99pct  5109.22    ave  2588.44
[0;32m[INFO][0m   h2: I [../src/deptran/s_main.cc:901] 2026-03-10 22:01:47.330 | All-efficient-attempts           distribution    301.88  1312.97  1680.67  1990.87  2236.13  2369.97  2634.40  2822.78  3456.82  4305.79  5111.78
[0;32m[INFO][0m   h2: I [../src/deptran/s_main.cc:904] 2026-03-10 22:01:47.334 | Mid throughput is 797.50
[0;32m[INFO][0m   h2: I [../src/deptran/s_main.cc:905] 2026-03-10 22:01:47.334 | Fastpath statistics attempted 0 successed 0 rate(pct) -nan efficient_successed 0 efficient_rate(pct) -nan
[0;32m[INFO][0m   h2: I [../src/deptran/s_main.cc:919] 2026-03-10 22:01:47.334 | Cpu-usage-leaders ave -1.0000 count 0
[0;32m[INFO][0m   h2: I [../src/deptran/s_main.cc:931] 2026-03-10 22:01:47.334 | Queue-depth ave 0.0000 count 1
[0;32m[INFO][0m   h3: I [../src/deptran/s_main.cc:893] 2026-03-10 22:01:48.737 | All-efficient-attempts           statistics   count     7763   0pct    79.93  50pct  2265.35  90pct  4010.40  99pct  5110.64    ave  2354.64
[0;32m[INFO][0m   h3: I [../src/deptran/s_main.cc:901] 2026-03-10 22:01:48.741 | All-efficient-attempts           distribution     79.93  1021.18  1332.86  1669.46  2018.05  2265.35  2473.20  2837.31  3332.68  4010.40  5112.92
[0;32m[INFO][0m   h3: I [../src/deptran/s_main.cc:904] 2026-03-10 22:01:48.745 | Mid throughput is 776.30
[0;32m[INFO][0m   h3: I [../src/deptran/s_main.cc:905] 2026-03-10 22:01:48.745 | Fastpath statistics attempted 0 successed 0 rate(pct) -nan efficient_successed 0 efficient_rate(pct) -nan
[0;32m[INFO][0m   h3: I [../src/deptran/s_main.cc:919] 2026-03-10 22:01:48.745 | Cpu-usage-leaders ave -1.0000 count 0
[0;32m[INFO][0m   h3: I [../src/deptran/s_main.cc:931] 2026-03-10 22:01:48.745 | Queue-depth ave 0.0000 count 1
[0;32m[INFO][0m   h4: I [../src/deptran/s_main.cc:893] 2026-03-10 22:01:48.535 | All-efficient-attempts           statistics   count     8456   0pct    76.43  50pct  2355.90  90pct  3970.76  99pct  4861.80    ave  2365.14
[0;32m[INFO][0m   h4: I [../src/deptran/s_main.cc:901] 2026-03-10 22:01:48.540 | All-efficient-attempts           distribution     76.43   897.60  1239.77  1650.75  2021.75  2355.90  2552.47  2887.28  3418.89  3970.76  4862.14
[0;32m[INFO][0m   h4: I [../src/deptran/s_main.cc:904] 2026-03-10 22:01:48.544 | Mid throughput is 845.60
[0;32m[INFO][0m   h4: I [../src/deptran/s_main.cc:905] 2026-03-10 22:01:48.544 | Fastpath statistics attempted 0 successed 0 rate(pct) -nan efficient_successed 0 efficient_rate(pct) -nan
[0;32m[INFO][0m   h4: I [../src/deptran/s_main.cc:919] 2026-03-10 22:01:48.544 | Cpu-usage-leaders ave -1.0000 count 0
[0;32m[INFO][0m   h4: I [../src/deptran/s_main.cc:931] 2026-03-10 22:01:48.544 | Queue-depth ave 0.0000 count 1
[0;32m[INFO][0m   h5: I [../src/deptran/s_main.cc:893] 2026-03-10 22:01:46.919 | All-efficient-attempts           statistics   count     7589   0pct    96.16  50pct  2635.90  90pct  4499.93  99pct  4951.91    ave  2823.28
[0;32m[INFO][0m   h5: I [../src/deptran/s_main.cc:901] 2026-03-10 22:01:46.923 | All-efficient-attempts           distribution     96.16  1533.01  1847.04  2211.54  2448.53  2635.90  2929.60  3333.18  3844.60  4499.93  4956.81
[0;32m[INFO][0m   h5: I [../src/deptran/s_main.cc:904] 2026-03-10 22:01:46.927 | Mid throughput is 758.90
[0;32m[INFO][0m   h5: I [../src/deptran/s_main.cc:905] 2026-03-10 22:01:46.927 | Fastpath statistics attempted 0 successed 0 rate(pct) -nan efficient_successed 0 efficient_rate(pct) -nan
[0;32m[INFO][0m   h5: I [../src/deptran/s_main.cc:919] 2026-03-10 22:01:46.927 | Cpu-usage-leaders ave -1.0000 count 0
[0;32m[INFO][0m   h5: I [../src/deptran/s_main.cc:931] 2026-03-10 22:01:46.927 | Queue-depth ave 0.0000 count 1
[0;32m[INFO][0m === Benchmark PASSED ===
[0;32m[INFO][0m Cleaning up...
