# Attempt: 0 of 2
# Concurrency: 150
# Docker exit code: 0
# Timestamp: 2026-03-10T22:06:50Z
---
[0;32m[INFO][0m === Benchmark Mode ===
[0;32m[INFO][0m Site config:       60c1s5r5p.yml
[0;32m[INFO][0m Mode config:       none_mongodb.yml
[0;32m[INFO][0m Client config:     client_open.yml
[0;32m[INFO][0m Concurrent config: concurrent_150.yml
[0;32m[INFO][0m Latency:           20ms +/- 0ms
[0;32m[INFO][0m Duration:          30s
[0;32m[INFO][0m Starting 3-member MongoDB replica set...
about to fork child process, waiting until server is ready for connections.
forked process: 11
child process started successfully, parent exiting
[0;32m[INFO][0m   mongod0 (127.0.0.1:27017) PID=11
about to fork child process, waiting until server is ready for connections.
forked process: 74
child process started successfully, parent exiting
[0;32m[INFO][0m   mongod1 (127.0.0.2:27017) PID=74
about to fork child process, waiting until server is ready for connections.
forked process: 137
child process started successfully, parent exiting
[0;32m[INFO][0m   mongod2 (127.0.0.3:27017) PID=137
[0;32m[INFO][0m Initiating replica set 'jetpack-rs'...
[0;32m[INFO][0m Replica set is ready (primary=127.0.0.1)
[0;32m[INFO][0m Verifying MongoDB read/write at mongodb://127.0.0.1:27017,127.0.0.2:27017,127.0.0.3:27017/?replicaSet=jetpack-rs ...
[0;32m[INFO][0m MongoDB read/write verification passed
[0;32m[INFO][0m Setting up network latency: 20ms +/- 0ms on lo
[0;32m[INFO][0m   127.0.0.2: 20ms +/- 0ms delay
[0;32m[INFO][0m   127.0.0.3: 20ms +/- 0ms delay
[0;32m[INFO][0m   127.0.0.4: 20ms +/- 0ms delay
[0;32m[INFO][0m   127.0.0.5: 20ms +/- 0ms delay
[0;32m[INFO][0m Latency simulation active
[0;32m[INFO][0m Starting process h1
[0;32m[INFO][0m Starting process h2
[0;32m[INFO][0m Starting process h3
[0;32m[INFO][0m Starting process h4
[0;32m[INFO][0m Starting process h5
[0;32m[INFO][0m Waiting for 5 processes to complete (timeout: 90s)...
[0;32m[INFO][0m --- Benchmark Results ---
[0;32m[INFO][0m   h1: I [../src/deptran/s_main.cc:893] 2026-03-10 22:05:06.601 | All-efficient-attempts           statistics   count     8349   0pct    98.97  50pct  2640.02  90pct  3940.10  99pct  4704.79    ave  2444.43
[0;32m[INFO][0m   h1: I [../src/deptran/s_main.cc:901] 2026-03-10 22:05:06.607 | All-efficient-attempts           distribution     98.97   817.04  1244.74  1776.06  2150.57  2640.02  2793.05  3208.26  3303.82  3940.10  4707.54
[0;32m[INFO][0m   h1: I [../src/deptran/s_main.cc:904] 2026-03-10 22:05:06.611 | Mid throughput is 834.90
[0;32m[INFO][0m   h1: I [../src/deptran/s_main.cc:905] 2026-03-10 22:05:06.611 | Fastpath statistics attempted 0 successed 0 rate(pct) -nan efficient_successed 0 efficient_rate(pct) -nan
[0;32m[INFO][0m   h1: I [../src/deptran/s_main.cc:919] 2026-03-10 22:05:06.611 | Cpu-usage-leaders ave -1.0000 count 0
[0;32m[INFO][0m   h1: I [../src/deptran/s_main.cc:931] 2026-03-10 22:05:06.611 | Queue-depth ave 1.0000 count 1
[0;32m[INFO][0m   h2: I [../src/deptran/s_main.cc:893] 2026-03-10 22:05:07.998 | All-efficient-attempts           statistics   count     8073   0pct   131.50  50pct  2718.68  90pct  3949.77  99pct  4521.58    ave  2631.44
[0;32m[INFO][0m   h2: I [../src/deptran/s_main.cc:901] 2026-03-10 22:05:08.003 | All-efficient-attempts           distribution    131.50  1285.67  1692.37  2011.51  2499.61  2718.68  2902.02  3311.07  3511.54  3949.77  4522.71
[0;32m[INFO][0m   h2: I [../src/deptran/s_main.cc:904] 2026-03-10 22:05:08.007 | Mid throughput is 807.30
[0;32m[INFO][0m   h2: I [../src/deptran/s_main.cc:905] 2026-03-10 22:05:08.007 | Fastpath statistics attempted 0 successed 0 rate(pct) -nan efficient_successed 0 efficient_rate(pct) -nan
[0;32m[INFO][0m   h2: I [../src/deptran/s_main.cc:919] 2026-03-10 22:05:08.007 | Cpu-usage-leaders ave -1.0000 count 0
[0;32m[INFO][0m   h2: I [../src/deptran/s_main.cc:931] 2026-03-10 22:05:08.007 | Queue-depth ave 0.0000 count 1
[0;32m[INFO][0m   h3: I [../src/deptran/s_main.cc:893] 2026-03-10 22:05:09.996 | All-efficient-attempts           statistics   count     6992   0pct   654.96  50pct  2889.07  90pct  4124.36  99pct  4768.81    ave  2966.92
[0;32m[INFO][0m   h3: I [../src/deptran/s_main.cc:901] 2026-03-10 22:05:10.000 | All-efficient-attempts           distribution    654.96  2016.18  2392.22  2719.12  2722.87  2889.07  3053.21  3316.28  3319.25  4124.36  4770.04
[0;32m[INFO][0m   h3: I [../src/deptran/s_main.cc:904] 2026-03-10 22:05:10.005 | Mid throughput is 699.20
[0;32m[INFO][0m   h3: I [../src/deptran/s_main.cc:905] 2026-03-10 22:05:10.005 | Fastpath statistics attempted 0 successed 0 rate(pct) -nan efficient_successed 0 efficient_rate(pct) -nan
[0;32m[INFO][0m   h3: I [../src/deptran/s_main.cc:919] 2026-03-10 22:05:10.005 | Cpu-usage-leaders ave -1.0000 count 0
[0;32m[INFO][0m   h3: I [../src/deptran/s_main.cc:931] 2026-03-10 22:05:10.005 | Queue-depth ave 0.0000 count 1
[0;32m[INFO][0m   h4: I [../src/deptran/s_main.cc:893] 2026-03-10 22:05:07.985 | All-efficient-attempts           statistics   count     6930   0pct  1044.21  50pct  2936.03  90pct  3966.63  99pct  4796.57    ave  3036.09
[0;32m[INFO][0m   h4: I [../src/deptran/s_main.cc:901] 2026-03-10 22:05:07.989 | All-efficient-attempts           distribution   1044.21  2064.26  2541.40  2719.13  2825.47  2936.03  3201.94  3315.82  3659.60  3966.63  4800.52
[0;32m[INFO][0m   h4: I [../src/deptran/s_main.cc:904] 2026-03-10 22:05:07.992 | Mid throughput is 693.00
[0;32m[INFO][0m   h4: I [../src/deptran/s_main.cc:905] 2026-03-10 22:05:07.992 | Fastpath statistics attempted 0 successed 0 rate(pct) -nan efficient_successed 0 efficient_rate(pct) -nan
[0;32m[INFO][0m   h4: I [../src/deptran/s_main.cc:919] 2026-03-10 22:05:07.992 | Cpu-usage-leaders ave -1.0000 count 0
[0;32m[INFO][0m   h4: I [../src/deptran/s_main.cc:931] 2026-03-10 22:05:07.992 | Queue-depth ave 0.0000 count 1
[0;32m[INFO][0m   h5: I [../src/deptran/s_main.cc:893] 2026-03-10 22:05:07.796 | All-efficient-attempts           statistics   count     7656   0pct   127.92  50pct  2981.40  90pct  4212.78  99pct  4797.17    ave  2860.47
[0;32m[INFO][0m   h5: I [../src/deptran/s_main.cc:901] 2026-03-10 22:05:07.801 | All-efficient-attempts           distribution    127.92  1412.33  1761.34  2332.42  2595.92  2981.40  3260.30  3498.48  3653.17  4212.78  4799.77
[0;32m[INFO][0m   h5: I [../src/deptran/s_main.cc:904] 2026-03-10 22:05:07.805 | Mid throughput is 765.60
[0;32m[INFO][0m   h5: I [../src/deptran/s_main.cc:905] 2026-03-10 22:05:07.805 | Fastpath statistics attempted 0 successed 0 rate(pct) -nan efficient_successed 0 efficient_rate(pct) -nan
[0;32m[INFO][0m   h5: I [../src/deptran/s_main.cc:919] 2026-03-10 22:05:07.805 | Cpu-usage-leaders ave -1.0000 count 0
[0;32m[INFO][0m   h5: I [../src/deptran/s_main.cc:931] 2026-03-10 22:05:07.805 | Queue-depth ave 0.0000 count 1
[0;32m[INFO][0m === Benchmark PASSED ===
[0;32m[INFO][0m Cleaning up...
