# Attempt: 0 of 2
# Concurrency: 10
# Docker exit code: 0
# Timestamp: 2026-03-10T21:48:46Z
---
[0;32m[INFO][0m === Benchmark Mode ===
[0;32m[INFO][0m Site config:       60c1s5r5p.yml
[0;32m[INFO][0m Mode config:       none_mongodb.yml
[0;32m[INFO][0m Client config:     client_open.yml
[0;32m[INFO][0m Concurrent config: concurrent_10.yml
[0;32m[INFO][0m Latency:           20ms +/- 0ms
[0;32m[INFO][0m Duration:          30s
[0;32m[INFO][0m Starting 3-member MongoDB replica set...
about to fork child process, waiting until server is ready for connections.
forked process: 11
child process started successfully, parent exiting
[0;32m[INFO][0m   mongod0 (127.0.0.1:27017) PID=11
about to fork child process, waiting until server is ready for connections.
forked process: 74
child process started successfully, parent exiting
[0;32m[INFO][0m   mongod1 (127.0.0.2:27017) PID=74
about to fork child process, waiting until server is ready for connections.
forked process: 137
child process started successfully, parent exiting
[0;32m[INFO][0m   mongod2 (127.0.0.3:27017) PID=137
[0;32m[INFO][0m Initiating replica set 'jetpack-rs'...
[0;32m[INFO][0m Replica set is ready (primary=127.0.0.1)
[0;32m[INFO][0m Verifying MongoDB read/write at mongodb://127.0.0.1:27017,127.0.0.2:27017,127.0.0.3:27017/?replicaSet=jetpack-rs ...
[0;32m[INFO][0m MongoDB read/write verification passed
[0;32m[INFO][0m Setting up network latency: 20ms +/- 0ms on lo
[0;32m[INFO][0m   127.0.0.2: 20ms +/- 0ms delay
[0;32m[INFO][0m   127.0.0.3: 20ms +/- 0ms delay
[0;32m[INFO][0m   127.0.0.4: 20ms +/- 0ms delay
[0;32m[INFO][0m   127.0.0.5: 20ms +/- 0ms delay
[0;32m[INFO][0m Latency simulation active
[0;32m[INFO][0m Starting process h1
[0;32m[INFO][0m Starting process h2
[0;32m[INFO][0m Starting process h3
[0;32m[INFO][0m Starting process h4
[0;32m[INFO][0m Starting process h5
[0;32m[INFO][0m Waiting for 5 processes to complete (timeout: 90s)...
[0;32m[INFO][0m --- Benchmark Results ---
[0;32m[INFO][0m   h1: I [../src/deptran/s_main.cc:893] 2026-03-10 21:47:02.474 | All-efficient-attempts           statistics   count     1139   0pct     4.10  50pct     6.55  90pct     9.38  99pct    28.87    ave     7.38
[0;32m[INFO][0m   h1: I [../src/deptran/s_main.cc:901] 2026-03-10 21:47:02.475 | All-efficient-attempts           distribution      4.10     5.39     5.67     5.94     6.21     6.55     7.15     7.42     8.09     9.38    43.10
[0;32m[INFO][0m   h1: I [../src/deptran/s_main.cc:904] 2026-03-10 21:47:02.475 | Mid throughput is 113.90
[0;32m[INFO][0m   h1: I [../src/deptran/s_main.cc:905] 2026-03-10 21:47:02.475 | Fastpath statistics attempted 0 successed 0 rate(pct) -nan efficient_successed 0 efficient_rate(pct) -nan
[0;32m[INFO][0m   h1: I [../src/deptran/s_main.cc:919] 2026-03-10 21:47:02.475 | Cpu-usage-leaders ave -1.0000 count 0
[0;32m[INFO][0m   h1: I [../src/deptran/s_main.cc:931] 2026-03-10 21:47:02.475 | Queue-depth ave 1.0000 count 1
[0;32m[INFO][0m   h2: I [../src/deptran/s_main.cc:893] 2026-03-10 21:47:02.949 | All-efficient-attempts           statistics   count     1140   0pct    43.43  50pct    45.78  90pct    48.82  99pct    56.26    ave    46.46
[0;32m[INFO][0m   h2: I [../src/deptran/s_main.cc:901] 2026-03-10 21:47:02.949 | All-efficient-attempts           distribution     43.43    44.51    44.81    45.17    45.46    45.78    46.17    46.59    47.35    48.82    83.01
[0;32m[INFO][0m   h2: I [../src/deptran/s_main.cc:904] 2026-03-10 21:47:02.950 | Mid throughput is 114.00
[0;32m[INFO][0m   h2: I [../src/deptran/s_main.cc:905] 2026-03-10 21:47:02.950 | Fastpath statistics attempted 0 successed 0 rate(pct) -nan efficient_successed 0 efficient_rate(pct) -nan
[0;32m[INFO][0m   h2: I [../src/deptran/s_main.cc:919] 2026-03-10 21:47:02.950 | Cpu-usage-leaders ave -1.0000 count 0
[0;32m[INFO][0m   h2: I [../src/deptran/s_main.cc:931] 2026-03-10 21:47:02.950 | Queue-depth ave 0.0000 count 1
[0;32m[INFO][0m   h3: I [../src/deptran/s_main.cc:893] 2026-03-10 21:47:02.948 | All-efficient-attempts           statistics   count     1151   0pct    43.49  50pct    45.78  90pct    48.70  99pct    59.34    ave    46.49
[0;32m[INFO][0m   h3: I [../src/deptran/s_main.cc:901] 2026-03-10 21:47:02.949 | All-efficient-attempts           distribution     43.49    44.47    44.87    45.11    45.41    45.78    46.12    46.62    47.34    48.70    85.18
[0;32m[INFO][0m   h3: I [../src/deptran/s_main.cc:904] 2026-03-10 21:47:02.950 | Mid throughput is 115.10
[0;32m[INFO][0m   h3: I [../src/deptran/s_main.cc:905] 2026-03-10 21:47:02.950 | Fastpath statistics attempted 0 successed 0 rate(pct) -nan efficient_successed 0 efficient_rate(pct) -nan
[0;32m[INFO][0m   h3: I [../src/deptran/s_main.cc:919] 2026-03-10 21:47:02.950 | Cpu-usage-leaders ave -1.0000 count 0
[0;32m[INFO][0m   h3: I [../src/deptran/s_main.cc:931] 2026-03-10 21:47:02.950 | Queue-depth ave 0.0000 count 1
[0;32m[INFO][0m   h4: I [../src/deptran/s_main.cc:893] 2026-03-10 21:47:02.948 | All-efficient-attempts           statistics   count     1134   0pct    43.69  50pct    45.67  90pct    48.27  99pct    59.37    ave    46.31
[0;32m[INFO][0m   h4: I [../src/deptran/s_main.cc:901] 2026-03-10 21:47:02.949 | All-efficient-attempts           distribution     43.69    44.49    44.80    45.15    45.37    45.67    45.99    46.36    46.92    48.27    79.23
[0;32m[INFO][0m   h4: I [../src/deptran/s_main.cc:904] 2026-03-10 21:47:02.949 | Mid throughput is 113.40
[0;32m[INFO][0m   h4: I [../src/deptran/s_main.cc:905] 2026-03-10 21:47:02.949 | Fastpath statistics attempted 0 successed 0 rate(pct) -nan efficient_successed 0 efficient_rate(pct) -nan
[0;32m[INFO][0m   h4: I [../src/deptran/s_main.cc:919] 2026-03-10 21:47:02.949 | Cpu-usage-leaders ave -1.0000 count 0
[0;32m[INFO][0m   h4: I [../src/deptran/s_main.cc:931] 2026-03-10 21:47:02.949 | Queue-depth ave 0.0000 count 1
[0;32m[INFO][0m   h5: I [../src/deptran/s_main.cc:893] 2026-03-10 21:47:02.948 | All-efficient-attempts           statistics   count     1137   0pct    43.40  50pct    45.72  90pct    48.51  99pct    57.75    ave    46.32
[0;32m[INFO][0m   h5: I [../src/deptran/s_main.cc:901] 2026-03-10 21:47:02.949 | All-efficient-attempts           distribution     43.40    44.44    44.80    45.09    45.38    45.72    46.09    46.55    47.22    48.51    79.73
[0;32m[INFO][0m   h5: I [../src/deptran/s_main.cc:904] 2026-03-10 21:47:02.950 | Mid throughput is 113.70
[0;32m[INFO][0m   h5: I [../src/deptran/s_main.cc:905] 2026-03-10 21:47:02.950 | Fastpath statistics attempted 0 successed 0 rate(pct) -nan efficient_successed 0 efficient_rate(pct) -nan
[0;32m[INFO][0m   h5: I [../src/deptran/s_main.cc:919] 2026-03-10 21:47:02.950 | Cpu-usage-leaders ave -1.0000 count 0
[0;32m[INFO][0m   h5: I [../src/deptran/s_main.cc:931] 2026-03-10 21:47:02.950 | Queue-depth ave 0.0000 count 1
[0;32m[INFO][0m === Benchmark PASSED ===
[0;32m[INFO][0m Cleaning up...
