# Attempt: 0 of 2
# Dataset: mongodb_adaptive
# Concurrency: 200
# Docker exit code: 0
# Image: jetpack-mongodb
# Mode: rule_mongodb.yml
# Extra args: 
# Timestamp: 2026-03-02T14:54:05Z
---
[0;32m[INFO][0m === Benchmark Mode ===
[0;32m[INFO][0m Site config:       60c1s5r5p.yml
[0;32m[INFO][0m Mode config:       rule_mongodb.yml
[0;32m[INFO][0m Client config:     client_open.yml
[0;32m[INFO][0m Concurrent config: concurrent_200.yml
[0;32m[INFO][0m Latency:           20ms +/- 0ms
[0;32m[INFO][0m Duration:          30s
[0;32m[INFO][0m Starting 3-member MongoDB replica set...
about to fork child process, waiting until server is ready for connections.
forked process: 11
child process started successfully, parent exiting
[0;32m[INFO][0m   mongod0 (127.0.0.1:27017) PID=11
about to fork child process, waiting until server is ready for connections.
forked process: 74
child process started successfully, parent exiting
[0;32m[INFO][0m   mongod1 (127.0.0.2:27017) PID=74
about to fork child process, waiting until server is ready for connections.
forked process: 137
child process started successfully, parent exiting
[0;32m[INFO][0m   mongod2 (127.0.0.3:27017) PID=137
[0;32m[INFO][0m Initiating replica set 'jetpack-rs'...
[0;32m[INFO][0m Replica set is ready (primary=127.0.0.1)
[0;32m[INFO][0m Verifying MongoDB read/write at mongodb://127.0.0.1:27017 ...
[0;32m[INFO][0m MongoDB read/write verification passed
[0;32m[INFO][0m Setting up network latency: 20ms +/- 0ms on lo
[0;32m[INFO][0m   127.0.0.2: 20ms +/- 0ms delay
[0;32m[INFO][0m   127.0.0.3: 20ms +/- 0ms delay
[0;32m[INFO][0m   127.0.0.4: 20ms +/- 0ms delay
[0;32m[INFO][0m   127.0.0.5: 20ms +/- 0ms delay
[0;32m[INFO][0m Latency simulation active
[0;32m[INFO][0m Starting process h1
[0;32m[INFO][0m Starting process h2
[0;32m[INFO][0m Starting process h3
[0;32m[INFO][0m Starting process h4
[0;32m[INFO][0m Starting process h5
[0;32m[INFO][0m Waiting for 5 processes to complete (timeout: 90s)...
[0;32m[INFO][0m --- Benchmark Results ---
[0;32m[INFO][0m   h1: I [../src/deptran/s_main.cc:885] 2026-03-02 14:52:13.531 | All-efficient-attempts           statistics   count     7441   0pct  1105.78  50pct  3370.29  90pct  3553.22  99pct  3673.36    ave  3310.98
[0;32m[INFO][0m   h1: I [../src/deptran/s_main.cc:893] 2026-03-02 14:52:13.536 | All-efficient-attempts           distribution   1105.78  3118.07  3262.17  3295.54  3358.84  3370.29  3406.31  3415.87  3450.23  3553.22  3675.98
[0;32m[INFO][0m   h1: I [../src/deptran/s_main.cc:896] 2026-03-02 14:52:13.540 | Mid throughput is 744.10
[0;32m[INFO][0m   h1: I [../src/deptran/s_main.cc:897] 2026-03-02 14:52:13.540 | Fastpath statistics attempted 404 successed 335 rate(pct) 82.92 efficient_successed 41 efficient_rate(pct) 10.15
[0;32m[INFO][0m   h1: I [../src/deptran/s_main.cc:899] 2026-03-02 14:52:13.540 | Cpu-usage-leaders ave 79.2821 count 4428
[0;32m[INFO][0m   h1: I [../src/deptran/s_main.cc:900] 2026-03-02 14:52:13.540 | Queue-depth ave 1.0135 count 3720
[0;32m[INFO][0m   h2: I [../src/deptran/s_main.cc:885] 2026-03-02 14:52:13.842 | All-efficient-attempts           statistics   count     7395   0pct  1235.93  50pct  3473.43  90pct  3663.44  99pct  3677.98    ave  3405.61
[0;32m[INFO][0m   h2: I [../src/deptran/s_main.cc:893] 2026-03-02 14:52:13.847 | All-efficient-attempts           distribution   1235.93  3320.75  3390.94  3448.47  3458.22  3473.43  3475.98  3516.52  3614.66  3663.44  3681.64
[0;32m[INFO][0m   h2: I [../src/deptran/s_main.cc:896] 2026-03-02 14:52:13.850 | Mid throughput is 739.50
[0;32m[INFO][0m   h2: I [../src/deptran/s_main.cc:897] 2026-03-02 14:52:13.850 | Fastpath statistics attempted 440 successed 354 rate(pct) 80.45 efficient_successed 29 efficient_rate(pct) 6.59
[0;32m[INFO][0m   h2: I [../src/deptran/s_main.cc:899] 2026-03-02 14:52:13.850 | Cpu-usage-leaders ave 83.5512 count 3982
[0;32m[INFO][0m   h2: I [../src/deptran/s_main.cc:900] 2026-03-02 14:52:13.850 | Queue-depth ave 1.0177 count 3528
[0;32m[INFO][0m   h3: I [../src/deptran/s_main.cc:885] 2026-03-02 14:52:14.444 | All-efficient-attempts           statistics   count     7378   0pct  1024.78  50pct  3472.22  90pct  3663.34  99pct  3675.87    ave  3396.43
[0;32m[INFO][0m   h3: I [../src/deptran/s_main.cc:893] 2026-03-02 14:52:14.448 | All-efficient-attempts           distribution   1024.78  3314.21  3356.01  3455.29  3458.70  3472.22  3475.87  3530.57  3617.22  3663.34  3684.52
[0;32m[INFO][0m   h3: I [../src/deptran/s_main.cc:896] 2026-03-02 14:52:14.452 | Mid throughput is 737.80
[0;32m[INFO][0m   h3: I [../src/deptran/s_main.cc:897] 2026-03-02 14:52:14.452 | Fastpath statistics attempted 399 successed 349 rate(pct) 87.47 efficient_successed 30 efficient_rate(pct) 7.52
[0;32m[INFO][0m   h3: I [../src/deptran/s_main.cc:899] 2026-03-02 14:52:14.452 | Cpu-usage-leaders ave 87.5278 count 3955
[0;32m[INFO][0m   h3: I [../src/deptran/s_main.cc:900] 2026-03-02 14:52:14.452 | Queue-depth ave 1.0102 count 3524
[0;32m[INFO][0m   h4: I [../src/deptran/s_main.cc:885] 2026-03-02 14:52:15.452 | All-efficient-attempts           statistics   count     7200   0pct  2900.80  50pct  3472.97  90pct  3660.84  99pct  3674.23    ave  3505.16
[0;32m[INFO][0m   h4: I [../src/deptran/s_main.cc:893] 2026-03-02 14:52:15.456 | All-efficient-attempts           distribution   2900.80  3415.60  3449.16  3453.22  3459.94  3472.97  3476.29  3608.02  3617.05  3660.84  3675.67
[0;32m[INFO][0m   h4: I [../src/deptran/s_main.cc:896] 2026-03-02 14:52:15.459 | Mid throughput is 720.00
[0;32m[INFO][0m   h4: I [../src/deptran/s_main.cc:897] 2026-03-02 14:52:15.459 | Fastpath statistics attempted 380 successed 340 rate(pct) 89.47 efficient_successed 11 efficient_rate(pct) 2.89
[0;32m[INFO][0m   h4: I [../src/deptran/s_main.cc:899] 2026-03-02 14:52:15.459 | Cpu-usage-leaders ave 92.2387 count 3470
[0;32m[INFO][0m   h4: I [../src/deptran/s_main.cc:900] 2026-03-02 14:52:15.459 | Queue-depth ave 1.0206 count 3202
[0;32m[INFO][0m   h5: I [../src/deptran/s_main.cc:885] 2026-03-02 14:52:14.243 | All-efficient-attempts           statistics   count     7383   0pct  1109.99  50pct  3458.49  90pct  3642.87  99pct  3726.28    ave  3390.50
[0;32m[INFO][0m   h5: I [../src/deptran/s_main.cc:893] 2026-03-02 14:52:14.248 | All-efficient-attempts           distribution   1109.99  3193.00  3320.08  3412.04  3444.68  3458.49  3503.35  3559.39  3611.89  3642.87  3728.75
[0;32m[INFO][0m   h5: I [../src/deptran/s_main.cc:896] 2026-03-02 14:52:14.252 | Mid throughput is 738.30
[0;32m[INFO][0m   h5: I [../src/deptran/s_main.cc:897] 2026-03-02 14:52:14.252 | Fastpath statistics attempted 514 successed 417 rate(pct) 81.13 efficient_successed 135 efficient_rate(pct) 26.26
[0;32m[INFO][0m   h5: I [../src/deptran/s_main.cc:899] 2026-03-02 14:52:14.252 | Cpu-usage-leaders ave 81.8440 count 4155
[0;32m[INFO][0m   h5: I [../src/deptran/s_main.cc:900] 2026-03-02 14:52:14.252 | Queue-depth ave 1.0179 count 3602
[0;32m[INFO][0m === Benchmark PASSED ===
[0;32m[INFO][0m Cleaning up...
