# Attempt: 0 of 2
# Dataset: mongodb_adaptive
# Concurrency: 5
# Docker exit code: 0
# Image: jetpack-mongodb
# Mode: rule_mongodb.yml
# Extra args: 
# Timestamp: 2026-03-02T14:50:33Z
---
[0;32m[INFO][0m === Benchmark Mode ===
[0;32m[INFO][0m Site config:       60c1s5r5p.yml
[0;32m[INFO][0m Mode config:       rule_mongodb.yml
[0;32m[INFO][0m Client config:     client_open.yml
[0;32m[INFO][0m Concurrent config: concurrent_5.yml
[0;32m[INFO][0m Latency:           20ms +/- 0ms
[0;32m[INFO][0m Duration:          30s
[0;32m[INFO][0m Starting 3-member MongoDB replica set...
about to fork child process, waiting until server is ready for connections.
forked process: 11
child process started successfully, parent exiting
[0;32m[INFO][0m   mongod0 (127.0.0.1:27017) PID=11
about to fork child process, waiting until server is ready for connections.
forked process: 74
child process started successfully, parent exiting
[0;32m[INFO][0m   mongod1 (127.0.0.2:27017) PID=74
about to fork child process, waiting until server is ready for connections.
forked process: 137
child process started successfully, parent exiting
[0;32m[INFO][0m   mongod2 (127.0.0.3:27017) PID=137
[0;32m[INFO][0m Initiating replica set 'jetpack-rs'...
[0;32m[INFO][0m Replica set is ready (primary=127.0.0.1)
[0;32m[INFO][0m Verifying MongoDB read/write at mongodb://127.0.0.1:27017 ...
[0;32m[INFO][0m MongoDB read/write verification passed
[0;32m[INFO][0m Setting up network latency: 20ms +/- 0ms on lo
[0;32m[INFO][0m   127.0.0.2: 20ms +/- 0ms delay
[0;32m[INFO][0m   127.0.0.3: 20ms +/- 0ms delay
[0;32m[INFO][0m   127.0.0.4: 20ms +/- 0ms delay
[0;32m[INFO][0m   127.0.0.5: 20ms +/- 0ms delay
[0;32m[INFO][0m Latency simulation active
[0;32m[INFO][0m Starting process h1
[0;32m[INFO][0m Starting process h2
[0;32m[INFO][0m Starting process h3
[0;32m[INFO][0m Starting process h4
[0;32m[INFO][0m Starting process h5
[0;32m[INFO][0m Waiting for 5 processes to complete (timeout: 90s)...
[0;32m[INFO][0m --- Benchmark Results ---
[0;32m[INFO][0m   h1: I [../src/deptran/s_main.cc:885] 2026-03-02 14:48:42.276 | All-efficient-attempts           statistics   count      532   0pct     4.79  50pct     7.51  90pct    11.27  99pct    21.98    ave     8.64
[0;32m[INFO][0m   h1: I [../src/deptran/s_main.cc:893] 2026-03-02 14:48:42.277 | All-efficient-attempts           distribution      4.79     5.98     6.35     7.07     7.29     7.51     7.97     8.67     9.30    11.27    67.24
[0;32m[INFO][0m   h1: I [../src/deptran/s_main.cc:896] 2026-03-02 14:48:42.277 | Mid throughput is 53.20
[0;32m[INFO][0m   h1: I [../src/deptran/s_main.cc:897] 2026-03-02 14:48:42.277 | Fastpath statistics attempted 46 successed 46 rate(pct) 100.00 efficient_successed 0 efficient_rate(pct) 0.00
[0;32m[INFO][0m   h1: I [../src/deptran/s_main.cc:899] 2026-03-02 14:48:42.277 | Cpu-usage-leaders ave 81.1001 count 287
[0;32m[INFO][0m   h1: I [../src/deptran/s_main.cc:900] 2026-03-02 14:48:42.277 | Queue-depth ave 1.0000 count 287
[0;32m[INFO][0m   h2: I [../src/deptran/s_main.cc:885] 2026-03-02 14:48:42.766 | All-efficient-attempts           statistics   count      544   0pct    41.00  50pct    41.92  90pct    42.70  99pct    44.37    ave    42.01
[0;32m[INFO][0m   h2: I [../src/deptran/s_main.cc:893] 2026-03-02 14:48:42.767 | All-efficient-attempts           distribution     41.00    41.38    41.55    41.64    41.80    41.92    42.04    42.18    42.38    42.70    45.71
[0;32m[INFO][0m   h2: I [../src/deptran/s_main.cc:896] 2026-03-02 14:48:42.767 | Mid throughput is 54.40
[0;32m[INFO][0m   h2: I [../src/deptran/s_main.cc:897] 2026-03-02 14:48:42.767 | Fastpath statistics attempted 544 successed 544 rate(pct) 100.00 efficient_successed 544 efficient_rate(pct) 100.00
[0;32m[INFO][0m   h2: I [../src/deptran/s_main.cc:899] 2026-03-02 14:48:42.767 | Cpu-usage-leaders ave 84.3511 count 1663
[0;32m[INFO][0m   h2: I [../src/deptran/s_main.cc:900] 2026-03-02 14:48:42.767 | Queue-depth ave 1.0000 count 1663
[0;32m[INFO][0m   h3: I [../src/deptran/s_main.cc:885] 2026-03-02 14:48:42.764 | All-efficient-attempts           statistics   count      546   0pct    40.80  50pct    41.93  90pct    42.73  99pct    43.93    ave    42.00
[0;32m[INFO][0m   h3: I [../src/deptran/s_main.cc:893] 2026-03-02 14:48:42.764 | All-efficient-attempts           distribution     40.80    41.36    41.55    41.70    41.81    41.93    42.06    42.21    42.38    42.73    45.46
[0;32m[INFO][0m   h3: I [../src/deptran/s_main.cc:896] 2026-03-02 14:48:42.764 | Mid throughput is 54.60
[0;32m[INFO][0m   h3: I [../src/deptran/s_main.cc:897] 2026-03-02 14:48:42.764 | Fastpath statistics attempted 546 successed 546 rate(pct) 100.00 efficient_successed 546 efficient_rate(pct) 100.00
[0;32m[INFO][0m   h3: I [../src/deptran/s_main.cc:899] 2026-03-02 14:48:42.765 | Cpu-usage-leaders ave 84.4209 count 1658
[0;32m[INFO][0m   h3: I [../src/deptran/s_main.cc:900] 2026-03-02 14:48:42.765 | Queue-depth ave 1.0000 count 1658
[0;32m[INFO][0m   h4: I [../src/deptran/s_main.cc:885] 2026-03-02 14:48:42.769 | All-efficient-attempts           statistics   count      542   0pct    40.95  50pct    41.92  90pct    42.76  99pct    44.42    ave    42.03
[0;32m[INFO][0m   h4: I [../src/deptran/s_main.cc:893] 2026-03-02 14:48:42.769 | All-efficient-attempts           distribution     40.95    41.39    41.57    41.71    41.80    41.92    42.06    42.19    42.40    42.76    46.37
[0;32m[INFO][0m   h4: I [../src/deptran/s_main.cc:896] 2026-03-02 14:48:42.770 | Mid throughput is 54.20
[0;32m[INFO][0m   h4: I [../src/deptran/s_main.cc:897] 2026-03-02 14:48:42.770 | Fastpath statistics attempted 542 successed 542 rate(pct) 100.00 efficient_successed 542 efficient_rate(pct) 100.00
[0;32m[INFO][0m   h4: I [../src/deptran/s_main.cc:899] 2026-03-02 14:48:42.770 | Cpu-usage-leaders ave 84.4970 count 1646
[0;32m[INFO][0m   h4: I [../src/deptran/s_main.cc:900] 2026-03-02 14:48:42.770 | Queue-depth ave 1.0000 count 1646
[0;32m[INFO][0m   h5: I [../src/deptran/s_main.cc:885] 2026-03-02 14:48:42.768 | All-efficient-attempts           statistics   count      551   0pct    40.87  50pct    41.94  90pct    42.64  99pct    44.11    ave    42.02
[0;32m[INFO][0m   h5: I [../src/deptran/s_main.cc:893] 2026-03-02 14:48:42.768 | All-efficient-attempts           distribution     40.87    41.41    41.56    41.70    41.83    41.94    42.06    42.21    42.41    42.64    45.70
[0;32m[INFO][0m   h5: I [../src/deptran/s_main.cc:896] 2026-03-02 14:48:42.769 | Mid throughput is 55.10
[0;32m[INFO][0m   h5: I [../src/deptran/s_main.cc:897] 2026-03-02 14:48:42.769 | Fastpath statistics attempted 551 successed 551 rate(pct) 100.00 efficient_successed 551 efficient_rate(pct) 100.00
[0;32m[INFO][0m   h5: I [../src/deptran/s_main.cc:899] 2026-03-02 14:48:42.769 | Cpu-usage-leaders ave 84.3669 count 1669
[0;32m[INFO][0m   h5: I [../src/deptran/s_main.cc:900] 2026-03-02 14:48:42.769 | Queue-depth ave 1.0000 count 1669
[0;32m[INFO][0m === Benchmark PASSED ===
[0;32m[INFO][0m Cleaning up...
