# Attempt: 0 of 2
# Concurrency: 150
# Docker exit code: 0
# Timestamp: 2026-03-10T21:30:05Z
---
[0;32m[INFO][0m === Benchmark Mode ===
[0;32m[INFO][0m Site config:       60c1s5r5p.yml
[0;32m[INFO][0m Mode config:       rule_etcd.yml
[0;32m[INFO][0m Client config:     client_open.yml
[0;32m[INFO][0m Concurrent config: concurrent_150.yml
[0;32m[INFO][0m Latency:           20ms +/- 0ms
[0;32m[INFO][0m Duration:          30s
[0;32m[INFO][0m Starting 3-node etcd cluster...
[0;32m[INFO][0m   etcd0 (127.0.0.1:2379) PID=9
[0;32m[INFO][0m   etcd1 (127.0.0.2:2379) PID=16
[0;32m[INFO][0m   etcd2 (127.0.0.3:2379) PID=23
[0;32m[INFO][0m etcd cluster is ready (3/3 nodes healthy)
[0;32m[INFO][0m Verifying etcd read/write at http://127.0.0.1:2379 ...
[0;32m[INFO][0m etcd read/write verification passed
[0;32m[INFO][0m Setting up network latency: 20ms +/- 0ms on lo
[0;32m[INFO][0m   127.0.0.2: 20ms +/- 0ms delay
[0;32m[INFO][0m   127.0.0.3: 20ms +/- 0ms delay
[0;32m[INFO][0m   127.0.0.4: 20ms +/- 0ms delay
[0;32m[INFO][0m   127.0.0.5: 20ms +/- 0ms delay
[0;32m[INFO][0m Latency simulation active
[0;32m[INFO][0m Starting process h1
[0;32m[INFO][0m Starting process h2
[0;32m[INFO][0m Starting process h3
[0;32m[INFO][0m Starting process h4
[0;32m[INFO][0m Starting process h5
[0;32m[INFO][0m Waiting for 5 processes to complete (timeout: 90s)...
[0;32m[INFO][0m --- Benchmark Results ---
[0;32m[INFO][0m   h1: I [../src/deptran/s_main.cc:893] 2026-03-10 21:29:55.962 | All-efficient-attempts           statistics   count    14230   0pct   488.08  50pct  1587.93  90pct  2021.80  99pct  2294.41    ave  1555.05
[0;32m[INFO][0m   h1: I [../src/deptran/s_main.cc:901] 2026-03-10 21:29:55.970 | All-efficient-attempts           distribution    488.08  1018.73  1228.64  1404.69  1506.36  1587.93  1663.00  1776.57  1850.69  2021.80  2315.70
[0;32m[INFO][0m   h1: I [../src/deptran/s_main.cc:904] 2026-03-10 21:29:55.977 | Mid throughput is 1423.00
[0;32m[INFO][0m   h1: I [../src/deptran/s_main.cc:905] 2026-03-10 21:29:55.977 | Fastpath statistics attempted 0 successed 0 rate(pct) -nan efficient_successed 0 efficient_rate(pct) -nan
[0;32m[INFO][0m   h1: I [../src/deptran/s_main.cc:919] 2026-03-10 21:29:55.977 | Cpu-usage-leaders ave 0.0000 count 2089
[0;32m[INFO][0m   h1: I [../src/deptran/s_main.cc:931] 2026-03-10 21:29:55.977 | Queue-depth ave 362.1495 count 2089
[0;32m[INFO][0m   h2: I [../src/deptran/s_main.cc:893] 2026-03-10 21:29:57.094 | All-efficient-attempts           statistics   count    13622   0pct   317.39  50pct  1732.69  90pct  2172.90  99pct  2339.28    ave  1662.02
[0;32m[INFO][0m   h2: I [../src/deptran/s_main.cc:901] 2026-03-10 21:29:57.105 | All-efficient-attempts           distribution    317.39   982.74  1319.07  1536.58  1660.83  1732.69  1814.76  1888.22  1992.59  2172.90  2347.37
[0;32m[INFO][0m   h2: I [../src/deptran/s_main.cc:904] 2026-03-10 21:29:57.111 | Mid throughput is 1362.20
[0;32m[INFO][0m   h2: I [../src/deptran/s_main.cc:905] 2026-03-10 21:29:57.111 | Fastpath statistics attempted 0 successed 0 rate(pct) -nan efficient_successed 0 efficient_rate(pct) -nan
[0;32m[INFO][0m   h2: I [../src/deptran/s_main.cc:919] 2026-03-10 21:29:57.111 | Cpu-usage-leaders ave 0.0000 count 1987
[0;32m[INFO][0m   h2: I [../src/deptran/s_main.cc:931] 2026-03-10 21:29:57.111 | Queue-depth ave 493.8223 count 1987
[0;32m[INFO][0m   h3: I [../src/deptran/s_main.cc:893] 2026-03-10 21:29:58.099 | All-efficient-attempts           statistics   count    14370   0pct   361.89  50pct  1589.86  90pct  2011.64  99pct  2204.00    ave  1523.99
[0;32m[INFO][0m   h3: I [../src/deptran/s_main.cc:901] 2026-03-10 21:29:58.108 | All-efficient-attempts           distribution    361.89   954.87  1158.14  1372.42  1496.98  1589.86  1646.93  1722.98  1824.94  2011.64  2311.54
[0;32m[INFO][0m   h3: I [../src/deptran/s_main.cc:904] 2026-03-10 21:29:58.114 | Mid throughput is 1437.00
[0;32m[INFO][0m   h3: I [../src/deptran/s_main.cc:905] 2026-03-10 21:29:58.114 | Fastpath statistics attempted 0 successed 0 rate(pct) -nan efficient_successed 0 efficient_rate(pct) -nan
[0;32m[INFO][0m   h3: I [../src/deptran/s_main.cc:919] 2026-03-10 21:29:58.114 | Cpu-usage-leaders ave 0.0000 count 2077
[0;32m[INFO][0m   h3: I [../src/deptran/s_main.cc:931] 2026-03-10 21:29:58.114 | Queue-depth ave 610.1329 count 2077
[0;32m[INFO][0m   h4: I [../src/deptran/s_main.cc:893] 2026-03-10 21:29:57.304 | All-efficient-attempts           statistics   count    14554   0pct   449.19  50pct  1568.56  90pct  1970.27  99pct  2247.16    ave  1533.15
[0;32m[INFO][0m   h4: I [../src/deptran/s_main.cc:901] 2026-03-10 21:29:57.312 | All-efficient-attempts           distribution    449.19   981.17  1234.42  1389.02  1507.42  1568.56  1613.21  1719.86  1826.47  1970.27  2333.75
[0;32m[INFO][0m   h4: I [../src/deptran/s_main.cc:904] 2026-03-10 21:29:57.319 | Mid throughput is 1455.40
[0;32m[INFO][0m   h4: I [../src/deptran/s_main.cc:905] 2026-03-10 21:29:57.319 | Fastpath statistics attempted 0 successed 0 rate(pct) -nan efficient_successed 0 efficient_rate(pct) -nan
[0;32m[INFO][0m   h4: I [../src/deptran/s_main.cc:919] 2026-03-10 21:29:57.319 | Cpu-usage-leaders ave 0.0000 count 2090
[0;32m[INFO][0m   h4: I [../src/deptran/s_main.cc:931] 2026-03-10 21:29:57.319 | Queue-depth ave 608.3745 count 2090
[0;32m[INFO][0m   h5: I [../src/deptran/s_main.cc:893] 2026-03-10 21:29:57.692 | All-efficient-attempts           statistics   count    14068   0pct   424.24  50pct  1604.74  90pct  2111.28  99pct  2341.67    ave  1587.74
[0;32m[INFO][0m   h5: I [../src/deptran/s_main.cc:901] 2026-03-10 21:29:57.700 | All-efficient-attempts           distribution    424.24   993.41  1258.01  1476.02  1548.42  1604.74  1676.42  1756.07  1912.01  2111.28  2353.22
[0;32m[INFO][0m   h5: I [../src/deptran/s_main.cc:904] 2026-03-10 21:29:57.706 | Mid throughput is 1406.80
[0;32m[INFO][0m   h5: I [../src/deptran/s_main.cc:905] 2026-03-10 21:29:57.706 | Fastpath statistics attempted 0 successed 0 rate(pct) -nan efficient_successed 0 efficient_rate(pct) -nan
[0;32m[INFO][0m   h5: I [../src/deptran/s_main.cc:919] 2026-03-10 21:29:57.706 | Cpu-usage-leaders ave 0.0000 count 2105
[0;32m[INFO][0m   h5: I [../src/deptran/s_main.cc:931] 2026-03-10 21:29:57.706 | Queue-depth ave 615.9354 count 2104
[0;32m[INFO][0m === Benchmark PASSED ===
[0;32m[INFO][0m Cleaning up...
