# Attempt: 0 of 2
# Concurrency: 300
# Docker exit code: 0
# Timestamp: 2026-03-10T21:32:59Z
---
[0;32m[INFO][0m === Benchmark Mode ===
[0;32m[INFO][0m Site config:       60c1s5r5p.yml
[0;32m[INFO][0m Mode config:       rule_etcd.yml
[0;32m[INFO][0m Client config:     client_open.yml
[0;32m[INFO][0m Concurrent config: concurrent_300.yml
[0;32m[INFO][0m Latency:           20ms +/- 0ms
[0;32m[INFO][0m Duration:          30s
[0;32m[INFO][0m Starting 3-node etcd cluster...
[0;32m[INFO][0m   etcd0 (127.0.0.1:2379) PID=9
[0;32m[INFO][0m   etcd1 (127.0.0.2:2379) PID=16
[0;32m[INFO][0m   etcd2 (127.0.0.3:2379) PID=23
[0;32m[INFO][0m etcd cluster is ready (3/3 nodes healthy)
[0;32m[INFO][0m Verifying etcd read/write at http://127.0.0.1:2379 ...
[0;32m[INFO][0m etcd read/write verification passed
[0;32m[INFO][0m Setting up network latency: 20ms +/- 0ms on lo
[0;32m[INFO][0m   127.0.0.2: 20ms +/- 0ms delay
[0;32m[INFO][0m   127.0.0.3: 20ms +/- 0ms delay
[0;32m[INFO][0m   127.0.0.4: 20ms +/- 0ms delay
[0;32m[INFO][0m   127.0.0.5: 20ms +/- 0ms delay
[0;32m[INFO][0m Latency simulation active
[0;32m[INFO][0m Starting process h1
[0;32m[INFO][0m Starting process h2
[0;32m[INFO][0m Starting process h3
[0;32m[INFO][0m Starting process h4
[0;32m[INFO][0m Starting process h5
[0;32m[INFO][0m Waiting for 5 processes to complete (timeout: 90s)...
[0;32m[INFO][0m --- Benchmark Results ---
[0;32m[INFO][0m   h1: I [../src/deptran/s_main.cc:893] 2026-03-10 21:32:50.440 | All-efficient-attempts           statistics   count    14355   0pct   906.34  50pct  1713.46  90pct  1807.29  99pct  1941.58    ave  1707.85
[0;32m[INFO][0m   h1: I [../src/deptran/s_main.cc:901] 2026-03-10 21:32:50.448 | All-efficient-attempts           distribution    906.34  1626.22  1650.15  1671.86  1699.88  1713.46  1730.18  1746.10  1773.30  1807.29  1942.93
[0;32m[INFO][0m   h1: I [../src/deptran/s_main.cc:904] 2026-03-10 21:32:50.455 | Mid throughput is 1435.50
[0;32m[INFO][0m   h1: I [../src/deptran/s_main.cc:905] 2026-03-10 21:32:50.455 | Fastpath statistics attempted 0 successed 0 rate(pct) -nan efficient_successed 0 efficient_rate(pct) -nan
[0;32m[INFO][0m   h1: I [../src/deptran/s_main.cc:919] 2026-03-10 21:32:50.455 | Cpu-usage-leaders ave 0.0000 count 2424
[0;32m[INFO][0m   h1: I [../src/deptran/s_main.cc:931] 2026-03-10 21:32:50.455 | Queue-depth ave 629.3966 count 2424
[0;32m[INFO][0m   h2: I [../src/deptran/s_main.cc:893] 2026-03-10 21:32:50.923 | All-efficient-attempts           statistics   count    13026   0pct   894.90  50pct  1783.61  90pct  1887.55  99pct  2036.13    ave  1787.95
[0;32m[INFO][0m   h2: I [../src/deptran/s_main.cc:901] 2026-03-10 21:32:50.931 | All-efficient-attempts           distribution    894.90  1723.26  1737.52  1761.04  1771.92  1783.61  1804.26  1826.13  1845.93  1887.55  2037.18
[0;32m[INFO][0m   h2: I [../src/deptran/s_main.cc:904] 2026-03-10 21:32:50.937 | Mid throughput is 1302.60
[0;32m[INFO][0m   h2: I [../src/deptran/s_main.cc:905] 2026-03-10 21:32:50.937 | Fastpath statistics attempted 0 successed 0 rate(pct) -nan efficient_successed 0 efficient_rate(pct) -nan
[0;32m[INFO][0m   h2: I [../src/deptran/s_main.cc:919] 2026-03-10 21:32:50.937 | Cpu-usage-leaders ave 0.0000 count 2515
[0;32m[INFO][0m   h2: I [../src/deptran/s_main.cc:931] 2026-03-10 21:32:50.937 | Queue-depth ave 626.1202 count 2515
[0;32m[INFO][0m   h3: I [../src/deptran/s_main.cc:893] 2026-03-10 21:32:50.740 | All-efficient-attempts           statistics   count    13012   0pct  1074.37  50pct  1788.22  90pct  1897.54  99pct  2074.26    ave  1805.90
[0;32m[INFO][0m   h3: I [../src/deptran/s_main.cc:901] 2026-03-10 21:32:50.747 | All-efficient-attempts           distribution   1074.37  1729.78  1750.75  1761.54  1775.05  1788.22  1822.02  1840.01  1860.62  1897.54  2075.31
[0;32m[INFO][0m   h3: I [../src/deptran/s_main.cc:904] 2026-03-10 21:32:50.753 | Mid throughput is 1301.20
[0;32m[INFO][0m   h3: I [../src/deptran/s_main.cc:905] 2026-03-10 21:32:50.753 | Fastpath statistics attempted 0 successed 0 rate(pct) -nan efficient_successed 0 efficient_rate(pct) -nan
[0;32m[INFO][0m   h3: I [../src/deptran/s_main.cc:919] 2026-03-10 21:32:50.754 | Cpu-usage-leaders ave 0.0000 count 2400
[0;32m[INFO][0m   h3: I [../src/deptran/s_main.cc:931] 2026-03-10 21:32:50.754 | Queue-depth ave 623.4721 count 2397
[0;32m[INFO][0m   h4: I [../src/deptran/s_main.cc:893] 2026-03-10 21:32:50.733 | All-efficient-attempts           statistics   count    13114   0pct  1510.10  50pct  1796.08  90pct  1920.85  99pct  2013.62    ave  1802.17
[0;32m[INFO][0m   h4: I [../src/deptran/s_main.cc:901] 2026-03-10 21:32:50.741 | All-efficient-attempts           distribution   1510.10  1721.62  1731.08  1759.04  1773.14  1796.08  1807.11  1824.38  1864.88  1920.85  2014.98
[0;32m[INFO][0m   h4: I [../src/deptran/s_main.cc:904] 2026-03-10 21:32:50.747 | Mid throughput is 1311.40
[0;32m[INFO][0m   h4: I [../src/deptran/s_main.cc:905] 2026-03-10 21:32:50.747 | Fastpath statistics attempted 0 successed 0 rate(pct) -nan efficient_successed 0 efficient_rate(pct) -nan
[0;32m[INFO][0m   h4: I [../src/deptran/s_main.cc:919] 2026-03-10 21:32:50.747 | Cpu-usage-leaders ave 0.0000 count 2411
[0;32m[INFO][0m   h4: I [../src/deptran/s_main.cc:931] 2026-03-10 21:32:50.747 | Queue-depth ave 625.5884 count 2411
[0;32m[INFO][0m   h5: I [../src/deptran/s_main.cc:893] 2026-03-10 21:32:50.922 | All-efficient-attempts           statistics   count    12695   0pct  1580.63  50pct  1771.73  90pct  1899.35  99pct  2035.30    ave  1791.52
[0;32m[INFO][0m   h5: I [../src/deptran/s_main.cc:901] 2026-03-10 21:32:50.930 | All-efficient-attempts           distribution   1580.63  1710.71  1727.57  1745.29  1754.77  1771.73  1797.25  1814.24  1843.36  1899.35  2038.20
[0;32m[INFO][0m   h5: I [../src/deptran/s_main.cc:904] 2026-03-10 21:32:50.936 | Mid throughput is 1269.50
[0;32m[INFO][0m   h5: I [../src/deptran/s_main.cc:905] 2026-03-10 21:32:50.936 | Fastpath statistics attempted 0 successed 0 rate(pct) -nan efficient_successed 0 efficient_rate(pct) -nan
[0;32m[INFO][0m   h5: I [../src/deptran/s_main.cc:919] 2026-03-10 21:32:50.936 | Cpu-usage-leaders ave 0.0000 count 2400
[0;32m[INFO][0m   h5: I [../src/deptran/s_main.cc:931] 2026-03-10 21:32:50.936 | Queue-depth ave 588.9207 count 2400
[0;32m[INFO][0m === Benchmark PASSED ===
[0;32m[INFO][0m Cleaning up...
