# Attempt: 0 of 2
# Concurrency: 100
# Docker exit code: 0
# Timestamp: 2026-03-10T20:56:49Z
---
[0;32m[INFO][0m === Benchmark Mode ===
[0;32m[INFO][0m Site config:       60c1s5r5p.yml
[0;32m[INFO][0m Mode config:       none_etcd.yml
[0;32m[INFO][0m Client config:     client_open.yml
[0;32m[INFO][0m Concurrent config: concurrent_100.yml
[0;32m[INFO][0m Latency:           20ms +/- 0ms
[0;32m[INFO][0m Duration:          30s
[0;32m[INFO][0m Starting 3-node etcd cluster...
[0;32m[INFO][0m   etcd0 (127.0.0.1:2379) PID=9
[0;32m[INFO][0m   etcd1 (127.0.0.2:2379) PID=16
[0;32m[INFO][0m   etcd2 (127.0.0.3:2379) PID=23
[0;32m[INFO][0m etcd cluster is ready (3/3 nodes healthy)
[0;32m[INFO][0m Verifying etcd read/write at http://127.0.0.1:2379 ...
[0;32m[INFO][0m etcd read/write verification passed
[0;32m[INFO][0m Setting up network latency: 20ms +/- 0ms on lo
[0;32m[INFO][0m   127.0.0.2: 20ms +/- 0ms delay
[0;32m[INFO][0m   127.0.0.3: 20ms +/- 0ms delay
[0;32m[INFO][0m   127.0.0.4: 20ms +/- 0ms delay
[0;32m[INFO][0m   127.0.0.5: 20ms +/- 0ms delay
[0;32m[INFO][0m Latency simulation active
[0;32m[INFO][0m Starting process h1
[0;32m[INFO][0m Starting process h2
[0;32m[INFO][0m Starting process h3
[0;32m[INFO][0m Starting process h4
[0;32m[INFO][0m Starting process h5
[0;32m[INFO][0m Waiting for 5 processes to complete (timeout: 90s)...
[0;32m[INFO][0m --- Benchmark Results ---
[0;32m[INFO][0m   h1: I [../src/deptran/s_main.cc:893] 2026-03-10 20:56:41.348 | All-efficient-attempts           statistics   count    11945   0pct    38.80  50pct    83.47  90pct   130.18  99pct   177.65    ave    90.53
[0;32m[INFO][0m   h1: I [../src/deptran/s_main.cc:901] 2026-03-10 20:56:41.355 | All-efficient-attempts           distribution     38.80    63.64    69.47    74.24    78.62    83.47    89.29    96.83   108.19   130.18   207.51
[0;32m[INFO][0m   h1: I [../src/deptran/s_main.cc:904] 2026-03-10 20:56:41.360 | Mid throughput is 1194.50
[0;32m[INFO][0m   h1: I [../src/deptran/s_main.cc:905] 2026-03-10 20:56:41.360 | Fastpath statistics attempted 0 successed 0 rate(pct) -nan efficient_successed 0 efficient_rate(pct) -nan
[0;32m[INFO][0m   h1: I [../src/deptran/s_main.cc:919] 2026-03-10 20:56:41.360 | Cpu-usage-leaders ave -1.0000 count 0
[0;32m[INFO][0m   h1: I [../src/deptran/s_main.cc:931] 2026-03-10 20:56:41.360 | Queue-depth ave 13.0200 count 1
[0;32m[INFO][0m   h2: I [../src/deptran/s_main.cc:893] 2026-03-10 20:56:42.488 | All-efficient-attempts           statistics   count    11863   0pct    80.06  50pct   123.23  90pct   169.62  99pct   219.85    ave   130.42
[0;32m[INFO][0m   h2: I [../src/deptran/s_main.cc:901] 2026-03-10 20:56:42.495 | All-efficient-attempts           distribution     80.06   103.76   109.41   114.17   118.53   123.23   128.75   136.27   147.79   169.62   249.15
[0;32m[INFO][0m   h2: I [../src/deptran/s_main.cc:904] 2026-03-10 20:56:42.499 | Mid throughput is 1186.30
[0;32m[INFO][0m   h2: I [../src/deptran/s_main.cc:905] 2026-03-10 20:56:42.499 | Fastpath statistics attempted 0 successed 0 rate(pct) -nan efficient_successed 0 efficient_rate(pct) -nan
[0;32m[INFO][0m   h2: I [../src/deptran/s_main.cc:919] 2026-03-10 20:56:42.499 | Cpu-usage-leaders ave -1.0000 count 0
[0;32m[INFO][0m   h2: I [../src/deptran/s_main.cc:931] 2026-03-10 20:56:42.499 | Queue-depth ave 0.0000 count 1
[0;32m[INFO][0m   h3: I [../src/deptran/s_main.cc:893] 2026-03-10 20:56:42.278 | All-efficient-attempts           statistics   count    11833   0pct    78.52  50pct   123.05  90pct   168.97  99pct   219.51    ave   130.39
[0;32m[INFO][0m   h3: I [../src/deptran/s_main.cc:901] 2026-03-10 20:56:42.285 | All-efficient-attempts           distribution     78.52   103.84   109.52   114.28   118.38   123.05   128.69   136.53   147.85   168.97   251.57
[0;32m[INFO][0m   h3: I [../src/deptran/s_main.cc:904] 2026-03-10 20:56:42.289 | Mid throughput is 1183.30
[0;32m[INFO][0m   h3: I [../src/deptran/s_main.cc:905] 2026-03-10 20:56:42.289 | Fastpath statistics attempted 0 successed 0 rate(pct) -nan efficient_successed 0 efficient_rate(pct) -nan
[0;32m[INFO][0m   h3: I [../src/deptran/s_main.cc:919] 2026-03-10 20:56:42.289 | Cpu-usage-leaders ave -1.0000 count 0
[0;32m[INFO][0m   h3: I [../src/deptran/s_main.cc:931] 2026-03-10 20:56:42.289 | Queue-depth ave 0.0000 count 1
[0;32m[INFO][0m   h4: I [../src/deptran/s_main.cc:893] 2026-03-10 20:56:42.079 | All-efficient-attempts           statistics   count    11824   0pct    80.37  50pct   123.30  90pct   169.02  99pct   218.06    ave   130.28
[0;32m[INFO][0m   h4: I [../src/deptran/s_main.cc:901] 2026-03-10 20:56:42.086 | All-efficient-attempts           distribution     80.37   103.29   108.85   113.75   118.40   123.30   129.04   136.94   148.00   169.02   253.79
[0;32m[INFO][0m   h4: I [../src/deptran/s_main.cc:904] 2026-03-10 20:56:42.091 | Mid throughput is 1182.40
[0;32m[INFO][0m   h4: I [../src/deptran/s_main.cc:905] 2026-03-10 20:56:42.091 | Fastpath statistics attempted 0 successed 0 rate(pct) -nan efficient_successed 0 efficient_rate(pct) -nan
[0;32m[INFO][0m   h4: I [../src/deptran/s_main.cc:919] 2026-03-10 20:56:42.091 | Cpu-usage-leaders ave -1.0000 count 0
[0;32m[INFO][0m   h4: I [../src/deptran/s_main.cc:931] 2026-03-10 20:56:42.091 | Queue-depth ave 0.0000 count 1
[0;32m[INFO][0m   h5: I [../src/deptran/s_main.cc:893] 2026-03-10 20:56:42.475 | All-efficient-attempts           statistics   count    11904   0pct    79.58  50pct   122.79  90pct   170.54  99pct   219.35    ave   130.38
[0;32m[INFO][0m   h5: I [../src/deptran/s_main.cc:901] 2026-03-10 20:56:42.483 | All-efficient-attempts           distribution     79.58   103.09   108.72   113.54   118.09   122.79   128.72   136.83   148.92   170.54   245.28
[0;32m[INFO][0m   h5: I [../src/deptran/s_main.cc:904] 2026-03-10 20:56:42.487 | Mid throughput is 1190.40
[0;32m[INFO][0m   h5: I [../src/deptran/s_main.cc:905] 2026-03-10 20:56:42.487 | Fastpath statistics attempted 0 successed 0 rate(pct) -nan efficient_successed 0 efficient_rate(pct) -nan
[0;32m[INFO][0m   h5: I [../src/deptran/s_main.cc:919] 2026-03-10 20:56:42.487 | Cpu-usage-leaders ave -1.0000 count 0
[0;32m[INFO][0m   h5: I [../src/deptran/s_main.cc:931] 2026-03-10 20:56:42.487 | Queue-depth ave 0.0000 count 1
[0;32m[INFO][0m === Benchmark PASSED ===
[0;32m[INFO][0m Cleaning up...
