# Attempt: 0 of 2
# Concurrency: 5
# Docker exit code: 0
# Timestamp: 2026-03-10T20:49:53Z
---
[0;32m[INFO][0m === Benchmark Mode ===
[0;32m[INFO][0m Site config:       60c1s5r5p.yml
[0;32m[INFO][0m Mode config:       none_etcd.yml
[0;32m[INFO][0m Client config:     client_open.yml
[0;32m[INFO][0m Concurrent config: concurrent_5.yml
[0;32m[INFO][0m Latency:           20ms +/- 0ms
[0;32m[INFO][0m Duration:          30s
[0;32m[INFO][0m Starting 3-node etcd cluster...
[0;32m[INFO][0m   etcd0 (127.0.0.1:2379) PID=9
[0;32m[INFO][0m   etcd1 (127.0.0.2:2379) PID=12
[0;32m[INFO][0m   etcd2 (127.0.0.3:2379) PID=23
[0;32m[INFO][0m etcd cluster is ready (3/3 nodes healthy)
[0;32m[INFO][0m Verifying etcd read/write at http://127.0.0.1:2379 ...
[0;32m[INFO][0m etcd read/write verification passed
[0;32m[INFO][0m Setting up network latency: 20ms +/- 0ms on lo
[0;32m[INFO][0m   127.0.0.2: 20ms +/- 0ms delay
[0;32m[INFO][0m   127.0.0.3: 20ms +/- 0ms delay
[0;32m[INFO][0m   127.0.0.4: 20ms +/- 0ms delay
[0;32m[INFO][0m   127.0.0.5: 20ms +/- 0ms delay
[0;32m[INFO][0m Latency simulation active
[0;32m[INFO][0m Starting process h1
[0;32m[INFO][0m Starting process h2
[0;32m[INFO][0m Starting process h3
[0;32m[INFO][0m Starting process h4
[0;32m[INFO][0m Starting process h5
[0;32m[INFO][0m Waiting for 5 processes to complete (timeout: 90s)...
[0;32m[INFO][0m --- Benchmark Results ---
[0;32m[INFO][0m   h1: I [../src/deptran/s_main.cc:893] 2026-03-10 20:49:45.273 | All-efficient-attempts           statistics   count      544   0pct    41.72  50pct    43.93  90pct    47.91  99pct    66.71    ave    45.03
[0;32m[INFO][0m   h1: I [../src/deptran/s_main.cc:901] 2026-03-10 20:49:45.273 | All-efficient-attempts           distribution     41.72    42.51    42.75    43.10    43.53    43.93    44.54    45.11    46.08    47.91    79.40
[0;32m[INFO][0m   h1: I [../src/deptran/s_main.cc:904] 2026-03-10 20:49:45.273 | Mid throughput is 54.40
[0;32m[INFO][0m   h1: I [../src/deptran/s_main.cc:905] 2026-03-10 20:49:45.273 | Fastpath statistics attempted 0 successed 0 rate(pct) -nan efficient_successed 0 efficient_rate(pct) -nan
[0;32m[INFO][0m   h1: I [../src/deptran/s_main.cc:919] 2026-03-10 20:49:45.273 | Cpu-usage-leaders ave -1.0000 count 0
[0;32m[INFO][0m   h1: I [../src/deptran/s_main.cc:931] 2026-03-10 20:49:45.273 | Queue-depth ave 5.4000 count 1
[0;32m[INFO][0m   h2: I [../src/deptran/s_main.cc:893] 2026-03-10 20:49:45.747 | All-efficient-attempts           statistics   count      539   0pct    81.84  50pct    84.06  90pct    87.20  99pct    92.35    ave    84.63
[0;32m[INFO][0m   h2: I [../src/deptran/s_main.cc:901] 2026-03-10 20:49:45.748 | All-efficient-attempts           distribution     81.84    82.55    82.82    83.11    83.59    84.06    84.48    85.05    85.96    87.20   119.19
[0;32m[INFO][0m   h2: I [../src/deptran/s_main.cc:904] 2026-03-10 20:49:45.748 | Mid throughput is 53.90
[0;32m[INFO][0m   h2: I [../src/deptran/s_main.cc:905] 2026-03-10 20:49:45.748 | Fastpath statistics attempted 0 successed 0 rate(pct) -nan efficient_successed 0 efficient_rate(pct) -nan
[0;32m[INFO][0m   h2: I [../src/deptran/s_main.cc:919] 2026-03-10 20:49:45.748 | Cpu-usage-leaders ave -1.0000 count 0
[0;32m[INFO][0m   h2: I [../src/deptran/s_main.cc:931] 2026-03-10 20:49:45.748 | Queue-depth ave 0.0000 count 1
[0;32m[INFO][0m   h3: I [../src/deptran/s_main.cc:893] 2026-03-10 20:49:45.743 | All-efficient-attempts           statistics   count      554   0pct    81.70  50pct    83.92  90pct    88.10  99pct    99.60    ave    84.92
[0;32m[INFO][0m   h3: I [../src/deptran/s_main.cc:901] 2026-03-10 20:49:45.743 | All-efficient-attempts           distribution     81.70    82.44    82.74    83.07    83.51    83.92    84.54    85.36    86.24    88.10   114.09
[0;32m[INFO][0m   h3: I [../src/deptran/s_main.cc:904] 2026-03-10 20:49:45.744 | Mid throughput is 55.40
[0;32m[INFO][0m   h3: I [../src/deptran/s_main.cc:905] 2026-03-10 20:49:45.744 | Fastpath statistics attempted 0 successed 0 rate(pct) -nan efficient_successed 0 efficient_rate(pct) -nan
[0;32m[INFO][0m   h3: I [../src/deptran/s_main.cc:919] 2026-03-10 20:49:45.744 | Cpu-usage-leaders ave -1.0000 count 0
[0;32m[INFO][0m   h3: I [../src/deptran/s_main.cc:931] 2026-03-10 20:49:45.744 | Queue-depth ave 0.0000 count 1
[0;32m[INFO][0m   h4: I [../src/deptran/s_main.cc:893] 2026-03-10 20:49:45.745 | All-efficient-attempts           statistics   count      545   0pct    81.61  50pct    83.91  90pct    87.72  99pct   104.60    ave    84.80
[0;32m[INFO][0m   h4: I [../src/deptran/s_main.cc:901] 2026-03-10 20:49:45.745 | All-efficient-attempts           distribution     81.61    82.44    82.70    82.97    83.47    83.91    84.48    85.05    85.88    87.72   120.38
[0;32m[INFO][0m   h4: I [../src/deptran/s_main.cc:904] 2026-03-10 20:49:45.745 | Mid throughput is 54.50
[0;32m[INFO][0m   h4: I [../src/deptran/s_main.cc:905] 2026-03-10 20:49:45.745 | Fastpath statistics attempted 0 successed 0 rate(pct) -nan efficient_successed 0 efficient_rate(pct) -nan
[0;32m[INFO][0m   h4: I [../src/deptran/s_main.cc:919] 2026-03-10 20:49:45.745 | Cpu-usage-leaders ave -1.0000 count 0
[0;32m[INFO][0m   h4: I [../src/deptran/s_main.cc:931] 2026-03-10 20:49:45.745 | Queue-depth ave 0.0000 count 1
[0;32m[INFO][0m   h5: I [../src/deptran/s_main.cc:893] 2026-03-10 20:49:45.747 | All-efficient-attempts           statistics   count      545   0pct    81.64  50pct    83.83  90pct    87.42  99pct   103.29    ave    84.72
[0;32m[INFO][0m   h5: I [../src/deptran/s_main.cc:901] 2026-03-10 20:49:45.747 | All-efficient-attempts           distribution     81.64    82.51    82.74    83.01    83.43    83.83    84.35    85.10    85.88    87.42   120.35
[0;32m[INFO][0m   h5: I [../src/deptran/s_main.cc:904] 2026-03-10 20:49:45.748 | Mid throughput is 54.50
[0;32m[INFO][0m   h5: I [../src/deptran/s_main.cc:905] 2026-03-10 20:49:45.748 | Fastpath statistics attempted 0 successed 0 rate(pct) -nan efficient_successed 0 efficient_rate(pct) -nan
[0;32m[INFO][0m   h5: I [../src/deptran/s_main.cc:919] 2026-03-10 20:49:45.748 | Cpu-usage-leaders ave -1.0000 count 0
[0;32m[INFO][0m   h5: I [../src/deptran/s_main.cc:931] 2026-03-10 20:49:45.748 | Queue-depth ave 0.0000 count 1
[0;32m[INFO][0m === Benchmark PASSED ===
[0;32m[INFO][0m Cleaning up...
