# Attempt: 0 of 2
# Concurrency: 100
# Docker exit code: 0
# Timestamp: 2026-03-18T12:39:31Z
---
[0;32m[INFO][0m === Benchmark Mode ===
[0;32m[INFO][0m Site config:       60c1s5r5p.yml
[0;32m[INFO][0m Mode config:       rule_etcd.yml
[0;32m[INFO][0m Client config:     client_open.yml
[0;32m[INFO][0m Concurrent config: concurrent_100.yml
[0;32m[INFO][0m Latency:           20ms +/- 0ms
[0;32m[INFO][0m Duration:          30s
[0;32m[INFO][0m Starting 3-node etcd cluster...
[0;32m[INFO][0m   etcd0 (127.0.0.1:2379) PID=9
[0;32m[INFO][0m   etcd1 (127.0.0.2:2379) PID=12
[0;32m[INFO][0m   etcd2 (127.0.0.3:2379) PID=23
[0;32m[INFO][0m etcd cluster is ready (3/3 nodes healthy)
[0;32m[INFO][0m Verifying etcd read/write at http://127.0.0.1:2379 ...
[0;32m[INFO][0m etcd read/write verification passed
[0;32m[INFO][0m Setting up network latency: 20ms +/- 0ms on lo
[0;32m[INFO][0m   127.0.0.2: 20ms +/- 0ms delay
[0;32m[INFO][0m   127.0.0.3: 20ms +/- 0ms delay
[0;32m[INFO][0m   127.0.0.4: 20ms +/- 0ms delay
[0;32m[INFO][0m   127.0.0.5: 20ms +/- 0ms delay
[0;32m[INFO][0m Latency simulation active
[0;32m[INFO][0m Starting process h1
[0;32m[INFO][0m Starting process h2
[0;32m[INFO][0m Starting process h3
[0;32m[INFO][0m Starting process h4
[0;32m[INFO][0m Starting process h5
[0;32m[INFO][0m Waiting for 5 processes to complete (timeout: 90s)...
[0;32m[INFO][0m --- Benchmark Results ---
[0;32m[INFO][0m   h1: I [../src/deptran/s_main.cc:893] 2026-03-18 12:39:23.783 | All-efficient-attempts           statistics   count    11892   0pct    41.98  50pct   143.71  90pct   213.05  99pct   280.39    ave   148.55
[0;32m[INFO][0m   h1: I [../src/deptran/s_main.cc:901] 2026-03-18 12:39:23.790 | All-efficient-attempts           distribution     41.98    90.56   106.76   119.71   131.83   143.71   155.95   169.97   187.05   213.05   343.39
[0;32m[INFO][0m   h1: I [../src/deptran/s_main.cc:904] 2026-03-18 12:39:23.795 | Mid throughput is 1189.20
[0;32m[INFO][0m   h1: I [../src/deptran/s_main.cc:905] 2026-03-18 12:39:23.795 | Fastpath statistics attempted 0 successed 0 rate(pct) -nan efficient_successed 0 efficient_rate(pct) -nan
[0;32m[INFO][0m   h1: I [../src/deptran/s_main.cc:919] 2026-03-18 12:39:23.795 | Cpu-usage-leaders ave 0.0000 count 1754
[0;32m[INFO][0m   h1: I [../src/deptran/s_main.cc:931] 2026-03-18 12:39:23.795 | Queue-depth ave 231.2754 count 1696
[0;32m[INFO][0m   h2: I [../src/deptran/s_main.cc:893] 2026-03-18 12:39:24.253 | All-efficient-attempts           statistics   count    11842   0pct    64.48  50pct   181.01  90pct   251.91  99pct   324.90    ave   186.98
[0;32m[INFO][0m   h2: I [../src/deptran/s_main.cc:901] 2026-03-18 12:39:24.262 | All-efficient-attempts           distribution     64.48   129.40   144.49   157.67   169.14   181.01   193.34   207.79   224.75   251.91   405.65
[0;32m[INFO][0m   h2: I [../src/deptran/s_main.cc:904] 2026-03-18 12:39:24.267 | Mid throughput is 1184.20
[0;32m[INFO][0m   h2: I [../src/deptran/s_main.cc:905] 2026-03-18 12:39:24.267 | Fastpath statistics attempted 2 successed 2 rate(pct) 100.00 efficient_successed 2 efficient_rate(pct) 100.00
[0;32m[INFO][0m   h2: I [../src/deptran/s_main.cc:919] 2026-03-18 12:39:24.267 | Cpu-usage-leaders ave 0.0000 count 1446
[0;32m[INFO][0m   h2: I [../src/deptran/s_main.cc:931] 2026-03-18 12:39:24.267 | Queue-depth ave 233.2840 count 1446
[0;32m[INFO][0m   h3: I [../src/deptran/s_main.cc:893] 2026-03-18 12:39:22.854 | All-efficient-attempts           statistics   count    11907   0pct    53.32  50pct   180.63  90pct   252.23  99pct   318.31    ave   186.20
[0;32m[INFO][0m   h3: I [../src/deptran/s_main.cc:901] 2026-03-18 12:39:22.862 | All-efficient-attempts           distribution     53.32   129.68   144.82   157.40   168.60   180.63   192.46   205.99   224.15   252.23   403.20
[0;32m[INFO][0m   h3: I [../src/deptran/s_main.cc:904] 2026-03-18 12:39:22.867 | Mid throughput is 1190.70
[0;32m[INFO][0m   h3: I [../src/deptran/s_main.cc:905] 2026-03-18 12:39:22.867 | Fastpath statistics attempted 13 successed 13 rate(pct) 100.00 efficient_successed 11 efficient_rate(pct) 84.62
[0;32m[INFO][0m   h3: I [../src/deptran/s_main.cc:919] 2026-03-18 12:39:22.867 | Cpu-usage-leaders ave 0.0000 count 1642
[0;32m[INFO][0m   h3: I [../src/deptran/s_main.cc:931] 2026-03-18 12:39:22.867 | Queue-depth ave 228.7603 count 1641
[0;32m[INFO][0m   h4: I [../src/deptran/s_main.cc:893] 2026-03-18 12:39:23.643 | All-efficient-attempts           statistics   count    11846   0pct    81.01  50pct   181.88  90pct   250.96  99pct   313.49    ave   186.83
[0;32m[INFO][0m   h4: I [../src/deptran/s_main.cc:901] 2026-03-18 12:39:23.650 | All-efficient-attempts           distribution     81.01   130.56   145.80   158.43   170.07   181.88   194.47   207.73   224.92   250.96   385.70
[0;32m[INFO][0m   h4: I [../src/deptran/s_main.cc:904] 2026-03-18 12:39:23.655 | Mid throughput is 1184.60
[0;32m[INFO][0m   h4: I [../src/deptran/s_main.cc:905] 2026-03-18 12:39:23.655 | Fastpath statistics attempted 0 successed 0 rate(pct) -nan efficient_successed 0 efficient_rate(pct) -nan
[0;32m[INFO][0m   h4: I [../src/deptran/s_main.cc:919] 2026-03-18 12:39:23.655 | Cpu-usage-leaders ave 0.0000 count 1464
[0;32m[INFO][0m   h4: I [../src/deptran/s_main.cc:931] 2026-03-18 12:39:23.655 | Queue-depth ave 242.1599 count 1463
[0;32m[INFO][0m   h5: I [../src/deptran/s_main.cc:893] 2026-03-18 12:39:24.253 | All-efficient-attempts           statistics   count    11949   0pct    45.65  50pct   182.14  90pct   251.49  99pct   314.29    ave   187.07
[0;32m[INFO][0m   h5: I [../src/deptran/s_main.cc:901] 2026-03-18 12:39:24.261 | All-efficient-attempts           distribution     45.65   130.00   145.86   158.82   170.89   182.14   194.57   208.07   224.96   251.49   391.15
[0;32m[INFO][0m   h5: I [../src/deptran/s_main.cc:904] 2026-03-18 12:39:24.267 | Mid throughput is 1194.90
[0;32m[INFO][0m   h5: I [../src/deptran/s_main.cc:905] 2026-03-18 12:39:24.267 | Fastpath statistics attempted 10 successed 10 rate(pct) 100.00 efficient_successed 7 efficient_rate(pct) 70.00
[0;32m[INFO][0m   h5: I [../src/deptran/s_main.cc:919] 2026-03-18 12:39:24.267 | Cpu-usage-leaders ave 0.0000 count 1515
[0;32m[INFO][0m   h5: I [../src/deptran/s_main.cc:931] 2026-03-18 12:39:24.267 | Queue-depth ave 237.4226 count 1515
[0;32m[INFO][0m === Benchmark PASSED ===
[0;32m[INFO][0m Cleaning up...
