# Attempt: 0 of 2
# Concurrency: 75
# Docker exit code: 0
# Timestamp: 2026-03-18T12:38:06Z
---
[0;32m[INFO][0m === Benchmark Mode ===
[0;32m[INFO][0m Site config:       60c1s5r5p.yml
[0;32m[INFO][0m Mode config:       rule_etcd.yml
[0;32m[INFO][0m Client config:     client_open.yml
[0;32m[INFO][0m Concurrent config: concurrent_75.yml
[0;32m[INFO][0m Latency:           20ms +/- 0ms
[0;32m[INFO][0m Duration:          30s
[0;32m[INFO][0m Starting 3-node etcd cluster...
[0;32m[INFO][0m   etcd0 (127.0.0.1:2379) PID=9
[0;32m[INFO][0m   etcd1 (127.0.0.2:2379) PID=16
[0;32m[INFO][0m   etcd2 (127.0.0.3:2379) PID=23
[0;32m[INFO][0m etcd cluster is ready (3/3 nodes healthy)
[0;32m[INFO][0m Verifying etcd read/write at http://127.0.0.1:2379 ...
[0;32m[INFO][0m etcd read/write verification passed
[0;32m[INFO][0m Setting up network latency: 20ms +/- 0ms on lo
[0;32m[INFO][0m   127.0.0.2: 20ms +/- 0ms delay
[0;32m[INFO][0m   127.0.0.3: 20ms +/- 0ms delay
[0;32m[INFO][0m   127.0.0.4: 20ms +/- 0ms delay
[0;32m[INFO][0m   127.0.0.5: 20ms +/- 0ms delay
[0;32m[INFO][0m Latency simulation active
[0;32m[INFO][0m Starting process h1
[0;32m[INFO][0m Starting process h2
[0;32m[INFO][0m Starting process h3
[0;32m[INFO][0m Starting process h4
[0;32m[INFO][0m Starting process h5
[0;32m[INFO][0m Waiting for 5 processes to complete (timeout: 90s)...
[0;32m[INFO][0m --- Benchmark Results ---
[0;32m[INFO][0m   h1: I [../src/deptran/s_main.cc:893] 2026-03-18 12:37:58.995 | All-efficient-attempts           statistics   count     8889   0pct    72.91  50pct    96.36  90pct   111.46  99pct   170.26    ave    99.46
[0;32m[INFO][0m   h1: I [../src/deptran/s_main.cc:901] 2026-03-18 12:37:58.001 | All-efficient-attempts           distribution     72.91    88.68    90.97    92.79    94.58    96.36    98.31   100.81   104.51   111.46   229.70
[0;32m[INFO][0m   h1: I [../src/deptran/s_main.cc:904] 2026-03-18 12:37:59.004 | Mid throughput is 888.90
[0;32m[INFO][0m   h1: I [../src/deptran/s_main.cc:905] 2026-03-18 12:37:59.004 | Fastpath statistics attempted 0 successed 0 rate(pct) -nan efficient_successed 0 efficient_rate(pct) -nan
[0;32m[INFO][0m   h1: I [../src/deptran/s_main.cc:919] 2026-03-18 12:37:59.004 | Cpu-usage-leaders ave 0.0000 count 1142
[0;32m[INFO][0m   h1: I [../src/deptran/s_main.cc:931] 2026-03-18 12:37:59.004 | Queue-depth ave 275.8256 count 1142
[0;32m[INFO][0m   h2: I [../src/deptran/s_main.cc:893] 2026-03-18 12:37:58.271 | All-efficient-attempts           statistics   count     8962   0pct    43.28  50pct   136.41  90pct   150.49  99pct   206.60    ave   139.23
[0;32m[INFO][0m   h2: I [../src/deptran/s_main.cc:901] 2026-03-18 12:37:58.276 | All-efficient-attempts           distribution     43.28   128.74   131.10   132.88   134.65   136.41   138.36   140.62   144.09   150.49   267.76
[0;32m[INFO][0m   h2: I [../src/deptran/s_main.cc:904] 2026-03-18 12:37:58.280 | Mid throughput is 896.20
[0;32m[INFO][0m   h2: I [../src/deptran/s_main.cc:905] 2026-03-18 12:37:58.280 | Fastpath statistics attempted 1 successed 1 rate(pct) 100.00 efficient_successed 1 efficient_rate(pct) 100.00
[0;32m[INFO][0m   h2: I [../src/deptran/s_main.cc:919] 2026-03-18 12:37:58.280 | Cpu-usage-leaders ave 0.0000 count 1114
[0;32m[INFO][0m   h2: I [../src/deptran/s_main.cc:931] 2026-03-18 12:37:58.280 | Queue-depth ave 275.4594 count 1114
[0;32m[INFO][0m   h3: I [../src/deptran/s_main.cc:893] 2026-03-18 12:37:59.480 | All-efficient-attempts           statistics   count     8848   0pct   111.09  50pct   136.29  90pct   151.48  99pct   208.31    ave   139.31
[0;32m[INFO][0m   h3: I [../src/deptran/s_main.cc:901] 2026-03-18 12:37:59.485 | All-efficient-attempts           distribution    111.09   128.69   130.97   132.75   134.47   136.29   138.32   140.78   144.15   151.48   261.52
[0;32m[INFO][0m   h3: I [../src/deptran/s_main.cc:904] 2026-03-18 12:37:59.489 | Mid throughput is 884.80
[0;32m[INFO][0m   h3: I [../src/deptran/s_main.cc:905] 2026-03-18 12:37:59.489 | Fastpath statistics attempted 0 successed 0 rate(pct) -nan efficient_successed 0 efficient_rate(pct) -nan
[0;32m[INFO][0m   h3: I [../src/deptran/s_main.cc:919] 2026-03-18 12:37:59.489 | Cpu-usage-leaders ave 0.0000 count 1045
[0;32m[INFO][0m   h3: I [../src/deptran/s_main.cc:931] 2026-03-18 12:37:59.489 | Queue-depth ave 283.9479 count 1045
[0;32m[INFO][0m   h4: I [../src/deptran/s_main.cc:893] 2026-03-18 12:37:59.477 | All-efficient-attempts           statistics   count     8926   0pct   111.81  50pct   136.56  90pct   151.31  99pct   202.36    ave   139.41
[0;32m[INFO][0m   h4: I [../src/deptran/s_main.cc:901] 2026-03-18 12:37:59.482 | All-efficient-attempts           distribution    111.81   128.74   131.14   133.01   134.73   136.56   138.59   141.03   144.21   151.31   256.05
[0;32m[INFO][0m   h4: I [../src/deptran/s_main.cc:904] 2026-03-18 12:37:59.486 | Mid throughput is 892.60
[0;32m[INFO][0m   h4: I [../src/deptran/s_main.cc:905] 2026-03-18 12:37:59.486 | Fastpath statistics attempted 0 successed 0 rate(pct) -nan efficient_successed 0 efficient_rate(pct) -nan
[0;32m[INFO][0m   h4: I [../src/deptran/s_main.cc:919] 2026-03-18 12:37:59.486 | Cpu-usage-leaders ave 0.0000 count 1163
[0;32m[INFO][0m   h4: I [../src/deptran/s_main.cc:931] 2026-03-18 12:37:59.486 | Queue-depth ave 268.2247 count 1163
[0;32m[INFO][0m   h5: I [../src/deptran/s_main.cc:893] 2026-03-18 12:37:59.084 | All-efficient-attempts           statistics   count     8913   0pct   110.24  50pct   136.45  90pct   151.05  99pct   200.92    ave   139.26
[0;32m[INFO][0m   h5: I [../src/deptran/s_main.cc:901] 2026-03-18 12:37:59.089 | All-efficient-attempts           distribution    110.24   128.71   130.92   132.74   134.51   136.45   138.46   140.84   144.29   151.05   267.68
[0;32m[INFO][0m   h5: I [../src/deptran/s_main.cc:904] 2026-03-18 12:37:59.093 | Mid throughput is 891.30
[0;32m[INFO][0m   h5: I [../src/deptran/s_main.cc:905] 2026-03-18 12:37:59.093 | Fastpath statistics attempted 0 successed 0 rate(pct) -nan efficient_successed 0 efficient_rate(pct) -nan
[0;32m[INFO][0m   h5: I [../src/deptran/s_main.cc:919] 2026-03-18 12:37:59.093 | Cpu-usage-leaders ave 0.0000 count 1028
[0;32m[INFO][0m   h5: I [../src/deptran/s_main.cc:931] 2026-03-18 12:37:59.093 | Queue-depth ave 281.9064 count 1028
[0;32m[INFO][0m === Benchmark PASSED ===
[0;32m[INFO][0m Cleaning up...
