# Attempt: 0 of 2
# Concurrency: 10
# Docker exit code: 0
# Timestamp: 2026-03-18T12:33:53Z
---
[0;32m[INFO][0m === Benchmark Mode ===
[0;32m[INFO][0m Site config:       60c1s5r5p.yml
[0;32m[INFO][0m Mode config:       rule_etcd.yml
[0;32m[INFO][0m Client config:     client_open.yml
[0;32m[INFO][0m Concurrent config: concurrent_10.yml
[0;32m[INFO][0m Latency:           20ms +/- 0ms
[0;32m[INFO][0m Duration:          30s
[0;32m[INFO][0m Starting 3-node etcd cluster...
[0;32m[INFO][0m   etcd0 (127.0.0.1:2379) PID=9
[0;32m[INFO][0m   etcd1 (127.0.0.2:2379) PID=16
[0;32m[INFO][0m   etcd2 (127.0.0.3:2379) PID=23
[0;32m[INFO][0m etcd cluster is ready (3/3 nodes healthy)
[0;32m[INFO][0m Verifying etcd read/write at http://127.0.0.1:2379 ...
[0;32m[INFO][0m etcd read/write verification passed
[0;32m[INFO][0m Setting up network latency: 20ms +/- 0ms on lo
[0;32m[INFO][0m   127.0.0.2: 20ms +/- 0ms delay
[0;32m[INFO][0m   127.0.0.3: 20ms +/- 0ms delay
[0;32m[INFO][0m   127.0.0.4: 20ms +/- 0ms delay
[0;32m[INFO][0m   127.0.0.5: 20ms +/- 0ms delay
[0;32m[INFO][0m Latency simulation active
[0;32m[INFO][0m Starting process h1
[0;32m[INFO][0m Starting process h2
[0;32m[INFO][0m Starting process h3
[0;32m[INFO][0m Starting process h4
[0;32m[INFO][0m Starting process h5
[0;32m[INFO][0m Waiting for 5 processes to complete (timeout: 90s)...
[0;32m[INFO][0m --- Benchmark Results ---
[0;32m[INFO][0m   h1: I [../src/deptran/s_main.cc:893] 2026-03-18 12:33:45.812 | All-efficient-attempts           statistics   count     1113   0pct    40.20  50pct    40.32  90pct    40.51  99pct    40.89    ave    40.36
[0;32m[INFO][0m   h1: I [../src/deptran/s_main.cc:901] 2026-03-18 12:33:45.813 | All-efficient-attempts           distribution     40.20    40.25    40.26    40.28    40.30    40.32    40.34    40.37    40.42    40.51    43.80
[0;32m[INFO][0m   h1: I [../src/deptran/s_main.cc:904] 2026-03-18 12:33:45.814 | Mid throughput is 111.30
[0;32m[INFO][0m   h1: I [../src/deptran/s_main.cc:905] 2026-03-18 12:33:45.814 | Fastpath statistics attempted 1113 successed 1113 rate(pct) 100.00 efficient_successed 1113 efficient_rate(pct) 100.00
[0;32m[INFO][0m   h1: I [../src/deptran/s_main.cc:919] 2026-03-18 12:33:45.814 | Cpu-usage-leaders ave 0.0000 count 3480
[0;32m[INFO][0m   h1: I [../src/deptran/s_main.cc:931] 2026-03-18 12:33:45.814 | Queue-depth ave 26.2989 count 3480
[0;32m[INFO][0m   h2: I [../src/deptran/s_main.cc:893] 2026-03-18 12:33:45.293 | All-efficient-attempts           statistics   count     1129   0pct    40.31  50pct    40.59  90pct    40.99  99pct    41.84    ave    40.67
[0;32m[INFO][0m   h2: I [../src/deptran/s_main.cc:901] 2026-03-18 12:33:45.294 | All-efficient-attempts           distribution     40.31    40.42    40.46    40.50    40.53    40.59    40.65    40.72    40.81    40.99    44.28
[0;32m[INFO][0m   h2: I [../src/deptran/s_main.cc:904] 2026-03-18 12:33:45.294 | Mid throughput is 112.90
[0;32m[INFO][0m   h2: I [../src/deptran/s_main.cc:905] 2026-03-18 12:33:45.294 | Fastpath statistics attempted 1129 successed 1129 rate(pct) 100.00 efficient_successed 1129 efficient_rate(pct) 100.00
[0;32m[INFO][0m   h2: I [../src/deptran/s_main.cc:919] 2026-03-18 12:33:45.294 | Cpu-usage-leaders ave 0.0000 count 3474
[0;32m[INFO][0m   h2: I [../src/deptran/s_main.cc:931] 2026-03-18 12:33:45.294 | Queue-depth ave 26.3724 count 3474
[0;32m[INFO][0m   h3: I [../src/deptran/s_main.cc:893] 2026-03-18 12:33:45.300 | All-efficient-attempts           statistics   count     1139   0pct    40.28  50pct    40.59  90pct    41.01  99pct    41.66    ave    40.67
[0;32m[INFO][0m   h3: I [../src/deptran/s_main.cc:901] 2026-03-18 12:33:45.301 | All-efficient-attempts           distribution     40.28    40.42    40.46    40.51    40.54    40.59    40.65    40.72    40.83    41.01    50.69
[0;32m[INFO][0m   h3: I [../src/deptran/s_main.cc:904] 2026-03-18 12:33:45.301 | Mid throughput is 113.90
[0;32m[INFO][0m   h3: I [../src/deptran/s_main.cc:905] 2026-03-18 12:33:45.301 | Fastpath statistics attempted 1139 successed 1139 rate(pct) 100.00 efficient_successed 1139 efficient_rate(pct) 100.00
[0;32m[INFO][0m   h3: I [../src/deptran/s_main.cc:919] 2026-03-18 12:33:45.301 | Cpu-usage-leaders ave 0.0000 count 3457
[0;32m[INFO][0m   h3: I [../src/deptran/s_main.cc:931] 2026-03-18 12:33:45.301 | Queue-depth ave 26.3316 count 3457
[0;32m[INFO][0m   h4: I [../src/deptran/s_main.cc:893] 2026-03-18 12:33:45.298 | All-efficient-attempts           statistics   count     1152   0pct    40.32  50pct    40.59  90pct    40.99  99pct    41.68    ave    40.67
[0;32m[INFO][0m   h4: I [../src/deptran/s_main.cc:901] 2026-03-18 12:33:45.299 | All-efficient-attempts           distribution     40.32    40.42    40.46    40.50    40.55    40.59    40.65    40.71    40.81    40.99    45.83
[0;32m[INFO][0m   h4: I [../src/deptran/s_main.cc:904] 2026-03-18 12:33:45.300 | Mid throughput is 115.20
[0;32m[INFO][0m   h4: I [../src/deptran/s_main.cc:905] 2026-03-18 12:33:45.300 | Fastpath statistics attempted 1152 successed 1152 rate(pct) 100.00 efficient_successed 1152 efficient_rate(pct) 100.00
[0;32m[INFO][0m   h4: I [../src/deptran/s_main.cc:919] 2026-03-18 12:33:45.300 | Cpu-usage-leaders ave 0.0000 count 3503
[0;32m[INFO][0m   h4: I [../src/deptran/s_main.cc:931] 2026-03-18 12:33:45.300 | Queue-depth ave 26.3219 count 3503
[0;32m[INFO][0m   h5: I [../src/deptran/s_main.cc:893] 2026-03-18 12:33:45.293 | All-efficient-attempts           statistics   count     1137   0pct    40.33  50pct    40.59  90pct    40.98  99pct    41.52    ave    40.66
[0;32m[INFO][0m   h5: I [../src/deptran/s_main.cc:901] 2026-03-18 12:33:45.294 | All-efficient-attempts           distribution     40.33    40.42    40.46    40.50    40.54    40.59    40.64    40.72    40.81    40.98    43.46
[0;32m[INFO][0m   h5: I [../src/deptran/s_main.cc:904] 2026-03-18 12:33:45.294 | Mid throughput is 113.70
[0;32m[INFO][0m   h5: I [../src/deptran/s_main.cc:905] 2026-03-18 12:33:45.294 | Fastpath statistics attempted 1137 successed 1137 rate(pct) 100.00 efficient_successed 1137 efficient_rate(pct) 100.00
[0;32m[INFO][0m   h5: I [../src/deptran/s_main.cc:919] 2026-03-18 12:33:45.294 | Cpu-usage-leaders ave 0.0000 count 3448
[0;32m[INFO][0m   h5: I [../src/deptran/s_main.cc:931] 2026-03-18 12:33:45.294 | Queue-depth ave 26.2509 count 3448
[0;32m[INFO][0m === Benchmark PASSED ===
[0;32m[INFO][0m Cleaning up...
