# Attempt: 0 of 2
# Concurrency: 50
# Docker exit code: 0
# Timestamp: 2026-03-18T12:36:42Z
---
[0;32m[INFO][0m === Benchmark Mode ===
[0;32m[INFO][0m Site config:       60c1s5r5p.yml
[0;32m[INFO][0m Mode config:       rule_etcd.yml
[0;32m[INFO][0m Client config:     client_open.yml
[0;32m[INFO][0m Concurrent config: concurrent_50.yml
[0;32m[INFO][0m Latency:           20ms +/- 0ms
[0;32m[INFO][0m Duration:          30s
[0;32m[INFO][0m Starting 3-node etcd cluster...
[0;32m[INFO][0m   etcd0 (127.0.0.1:2379) PID=9
[0;32m[INFO][0m   etcd1 (127.0.0.2:2379) PID=16
[0;32m[INFO][0m   etcd2 (127.0.0.3:2379) PID=23
[0;32m[INFO][0m etcd cluster is ready (3/3 nodes healthy)
[0;32m[INFO][0m Verifying etcd read/write at http://127.0.0.1:2379 ...
[0;32m[INFO][0m etcd read/write verification passed
[0;32m[INFO][0m Setting up network latency: 20ms +/- 0ms on lo
[0;32m[INFO][0m   127.0.0.2: 20ms +/- 0ms delay
[0;32m[INFO][0m   127.0.0.3: 20ms +/- 0ms delay
[0;32m[INFO][0m   127.0.0.4: 20ms +/- 0ms delay
[0;32m[INFO][0m   127.0.0.5: 20ms +/- 0ms delay
[0;32m[INFO][0m Latency simulation active
[0;32m[INFO][0m Starting process h1
[0;32m[INFO][0m Starting process h2
[0;32m[INFO][0m Starting process h3
[0;32m[INFO][0m Starting process h4
[0;32m[INFO][0m Starting process h5
[0;32m[INFO][0m Waiting for 5 processes to complete (timeout: 90s)...
[0;32m[INFO][0m --- Benchmark Results ---
[0;32m[INFO][0m   h1: I [../src/deptran/s_main.cc:893] 2026-03-18 12:36:29.186 | All-efficient-attempts           statistics   count     5971   0pct    40.27  50pct    91.18  90pct   109.66  99pct   151.03    ave    94.31
[0;32m[INFO][0m   h1: I [../src/deptran/s_main.cc:901] 2026-03-18 12:36:29.190 | All-efficient-attempts           distribution     40.27    82.94    85.48    87.52    89.38    91.18    93.22    95.63    99.51   109.66   182.55
[0;32m[INFO][0m   h1: I [../src/deptran/s_main.cc:904] 2026-03-18 12:36:29.192 | Mid throughput is 597.10
[0;32m[INFO][0m   h1: I [../src/deptran/s_main.cc:905] 2026-03-18 12:36:29.192 | Fastpath statistics attempted 38 successed 38 rate(pct) 100.00 efficient_successed 38 efficient_rate(pct) 100.00
[0;32m[INFO][0m   h1: I [../src/deptran/s_main.cc:919] 2026-03-18 12:36:29.192 | Cpu-usage-leaders ave 0.0000 count 1559
[0;32m[INFO][0m   h1: I [../src/deptran/s_main.cc:931] 2026-03-18 12:36:29.192 | Queue-depth ave 208.3312 count 1559
[0;32m[INFO][0m   h2: I [../src/deptran/s_main.cc:893] 2026-03-18 12:36:33.861 | All-efficient-attempts           statistics   count     5952   0pct    40.34  50pct   131.28  90pct   149.54  99pct   193.35    ave   133.91
[0;32m[INFO][0m   h2: I [../src/deptran/s_main.cc:901] 2026-03-18 12:36:33.864 | All-efficient-attempts           distribution     40.34   122.95   125.53   127.43   129.41   131.28   133.43   136.02   139.55   149.54   221.80
[0;32m[INFO][0m   h2: I [../src/deptran/s_main.cc:904] 2026-03-18 12:36:33.867 | Mid throughput is 595.20
[0;32m[INFO][0m   h2: I [../src/deptran/s_main.cc:905] 2026-03-18 12:36:33.867 | Fastpath statistics attempted 62 successed 62 rate(pct) 100.00 efficient_successed 62 efficient_rate(pct) 100.00
[0;32m[INFO][0m   h2: I [../src/deptran/s_main.cc:919] 2026-03-18 12:36:33.867 | Cpu-usage-leaders ave 0.0000 count 1459
[0;32m[INFO][0m   h2: I [../src/deptran/s_main.cc:931] 2026-03-18 12:36:33.867 | Queue-depth ave 211.5744 count 1459
[0;32m[INFO][0m   h3: I [../src/deptran/s_main.cc:893] 2026-03-18 12:36:29.670 | All-efficient-attempts           statistics   count     5952   0pct    40.37  50pct   131.03  90pct   150.16  99pct   191.07    ave   133.86
[0;32m[INFO][0m   h3: I [../src/deptran/s_main.cc:901] 2026-03-18 12:36:29.673 | All-efficient-attempts           distribution     40.37   123.03   125.45   127.45   129.23   131.03   133.02   135.75   139.26   150.16   221.59
[0;32m[INFO][0m   h3: I [../src/deptran/s_main.cc:904] 2026-03-18 12:36:29.676 | Mid throughput is 595.20
[0;32m[INFO][0m   h3: I [../src/deptran/s_main.cc:905] 2026-03-18 12:36:29.676 | Fastpath statistics attempted 51 successed 51 rate(pct) 100.00 efficient_successed 51 efficient_rate(pct) 100.00
[0;32m[INFO][0m   h3: I [../src/deptran/s_main.cc:919] 2026-03-18 12:36:29.676 | Cpu-usage-leaders ave 0.0000 count 1505
[0;32m[INFO][0m   h3: I [../src/deptran/s_main.cc:931] 2026-03-18 12:36:29.676 | Queue-depth ave 210.3738 count 1505
[0;32m[INFO][0m   h4: I [../src/deptran/s_main.cc:893] 2026-03-18 12:36:33.058 | All-efficient-attempts           statistics   count     5916   0pct    40.35  50pct   131.25  90pct   148.25  99pct   188.94    ave   133.50
[0;32m[INFO][0m   h4: I [../src/deptran/s_main.cc:901] 2026-03-18 12:36:33.062 | All-efficient-attempts           distribution     40.35   122.98   125.66   127.61   129.50   131.25   133.18   135.64   138.90   148.25   222.58
[0;32m[INFO][0m   h4: I [../src/deptran/s_main.cc:904] 2026-03-18 12:36:33.064 | Mid throughput is 591.60
[0;32m[INFO][0m   h4: I [../src/deptran/s_main.cc:905] 2026-03-18 12:36:33.064 | Fastpath statistics attempted 59 successed 59 rate(pct) 100.00 efficient_successed 59 efficient_rate(pct) 100.00
[0;32m[INFO][0m   h4: I [../src/deptran/s_main.cc:919] 2026-03-18 12:36:33.064 | Cpu-usage-leaders ave 0.0000 count 1369
[0;32m[INFO][0m   h4: I [../src/deptran/s_main.cc:931] 2026-03-18 12:36:33.064 | Queue-depth ave 217.0539 count 1369
[0;32m[INFO][0m   h5: I [../src/deptran/s_main.cc:893] 2026-03-18 12:36:35.275 | All-efficient-attempts           statistics   count     5934   0pct    40.36  50pct   131.33  90pct   147.81  99pct   185.68    ave   133.72
[0;32m[INFO][0m   h5: I [../src/deptran/s_main.cc:901] 2026-03-18 12:36:35.278 | All-efficient-attempts           distribution     40.36   123.27   125.78   127.80   129.62   131.33   133.34   135.78   139.46   147.81   222.90
[0;32m[INFO][0m   h5: I [../src/deptran/s_main.cc:904] 2026-03-18 12:36:35.281 | Mid throughput is 593.40
[0;32m[INFO][0m   h5: I [../src/deptran/s_main.cc:905] 2026-03-18 12:36:35.281 | Fastpath statistics attempted 53 successed 53 rate(pct) 100.00 efficient_successed 53 efficient_rate(pct) 100.00
[0;32m[INFO][0m   h5: I [../src/deptran/s_main.cc:919] 2026-03-18 12:36:35.281 | Cpu-usage-leaders ave 0.0000 count 1211
[0;32m[INFO][0m   h5: I [../src/deptran/s_main.cc:931] 2026-03-18 12:36:35.281 | Queue-depth ave 233.9930 count 1211
[0;32m[INFO][0m === Benchmark PASSED ===
[0;32m[INFO][0m Cleaning up...
