# Attempt: 0 of 2
# Concurrency: 150
# Docker exit code: 0
# Timestamp: 2026-03-18T12:40:56Z
---
[0;32m[INFO][0m === Benchmark Mode ===
[0;32m[INFO][0m Site config:       60c1s5r5p.yml
[0;32m[INFO][0m Mode config:       rule_etcd.yml
[0;32m[INFO][0m Client config:     client_open.yml
[0;32m[INFO][0m Concurrent config: concurrent_150.yml
[0;32m[INFO][0m Latency:           20ms +/- 0ms
[0;32m[INFO][0m Duration:          30s
[0;32m[INFO][0m Starting 3-node etcd cluster...
[0;32m[INFO][0m   etcd0 (127.0.0.1:2379) PID=9
[0;32m[INFO][0m   etcd1 (127.0.0.2:2379) PID=16
[0;32m[INFO][0m   etcd2 (127.0.0.3:2379) PID=23
[0;32m[INFO][0m etcd cluster is ready (3/3 nodes healthy)
[0;32m[INFO][0m Verifying etcd read/write at http://127.0.0.1:2379 ...
[0;32m[INFO][0m etcd read/write verification passed
[0;32m[INFO][0m Setting up network latency: 20ms +/- 0ms on lo
[0;32m[INFO][0m   127.0.0.2: 20ms +/- 0ms delay
[0;32m[INFO][0m   127.0.0.3: 20ms +/- 0ms delay
[0;32m[INFO][0m   127.0.0.4: 20ms +/- 0ms delay
[0;32m[INFO][0m   127.0.0.5: 20ms +/- 0ms delay
[0;32m[INFO][0m Latency simulation active
[0;32m[INFO][0m Starting process h1
[0;32m[INFO][0m Starting process h2
[0;32m[INFO][0m Starting process h3
[0;32m[INFO][0m Starting process h4
[0;32m[INFO][0m Starting process h5
[0;32m[INFO][0m Waiting for 5 processes to complete (timeout: 90s)...
[0;32m[INFO][0m --- Benchmark Results ---
[0;32m[INFO][0m   h1: I [../src/deptran/s_main.cc:893] 2026-03-18 12:40:48.788 | All-efficient-attempts           statistics   count    14271   0pct   316.36  50pct  1506.78  90pct  2048.82  99pct  2460.54    ave  1519.62
[0;32m[INFO][0m   h1: I [../src/deptran/s_main.cc:901] 2026-03-18 12:40:48.797 | All-efficient-attempts           distribution    316.36   932.03  1139.38  1296.72  1437.58  1506.78  1586.60  1758.92  1881.93  2048.82  2484.56
[0;32m[INFO][0m   h1: I [../src/deptran/s_main.cc:904] 2026-03-18 12:40:48.803 | Mid throughput is 1427.10
[0;32m[INFO][0m   h1: I [../src/deptran/s_main.cc:905] 2026-03-18 12:40:48.803 | Fastpath statistics attempted 0 successed 0 rate(pct) -nan efficient_successed 0 efficient_rate(pct) -nan
[0;32m[INFO][0m   h1: I [../src/deptran/s_main.cc:919] 2026-03-18 12:40:48.803 | Cpu-usage-leaders ave 0.0000 count 2150
[0;32m[INFO][0m   h1: I [../src/deptran/s_main.cc:931] 2026-03-18 12:40:48.803 | Queue-depth ave 585.6328 count 2150
[0;32m[INFO][0m   h2: I [../src/deptran/s_main.cc:893] 2026-03-18 12:40:48.517 | All-efficient-attempts           statistics   count    14041   0pct   302.16  50pct  1613.55  90pct  2134.98  99pct  2513.96    ave  1596.52
[0;32m[INFO][0m   h2: I [../src/deptran/s_main.cc:901] 2026-03-18 12:40:48.526 | All-efficient-attempts           distribution    302.16   992.09  1202.33  1410.50  1515.61  1613.55  1695.11  1797.66  2016.21  2134.98  2537.57
[0;32m[INFO][0m   h2: I [../src/deptran/s_main.cc:904] 2026-03-18 12:40:48.532 | Mid throughput is 1404.10
[0;32m[INFO][0m   h2: I [../src/deptran/s_main.cc:905] 2026-03-18 12:40:48.532 | Fastpath statistics attempted 0 successed 0 rate(pct) -nan efficient_successed 0 efficient_rate(pct) -nan
[0;32m[INFO][0m   h2: I [../src/deptran/s_main.cc:919] 2026-03-18 12:40:48.532 | Cpu-usage-leaders ave 0.0000 count 2065
[0;32m[INFO][0m   h2: I [../src/deptran/s_main.cc:931] 2026-03-18 12:40:48.532 | Queue-depth ave 427.8916 count 2065
[0;32m[INFO][0m   h3: I [../src/deptran/s_main.cc:893] 2026-03-18 12:40:48.937 | All-efficient-attempts           statistics   count    13854   0pct   498.62  50pct  1645.76  90pct  2091.65  99pct  2506.84    ave  1610.90
[0;32m[INFO][0m   h3: I [../src/deptran/s_main.cc:901] 2026-03-18 12:40:48.946 | All-efficient-attempts           distribution    498.62   990.02  1230.92  1447.81  1555.83  1645.76  1744.77  1877.42  1974.92  2091.65  2522.86
[0;32m[INFO][0m   h3: I [../src/deptran/s_main.cc:904] 2026-03-18 12:40:48.952 | Mid throughput is 1385.40
[0;32m[INFO][0m   h3: I [../src/deptran/s_main.cc:905] 2026-03-18 12:40:48.952 | Fastpath statistics attempted 0 successed 0 rate(pct) -nan efficient_successed 0 efficient_rate(pct) -nan
[0;32m[INFO][0m   h3: I [../src/deptran/s_main.cc:919] 2026-03-18 12:40:48.952 | Cpu-usage-leaders ave 0.0000 count 1991
[0;32m[INFO][0m   h3: I [../src/deptran/s_main.cc:931] 2026-03-18 12:40:48.952 | Queue-depth ave 474.5786 count 1991
[0;32m[INFO][0m   h4: I [../src/deptran/s_main.cc:893] 2026-03-18 12:40:48.908 | All-efficient-attempts           statistics   count    14005   0pct   606.04  50pct  1589.28  90pct  2078.11  99pct  2510.40    ave  1594.65
[0;32m[INFO][0m   h4: I [../src/deptran/s_main.cc:901] 2026-03-18 12:40:48.916 | All-efficient-attempts           distribution    606.04   988.75  1273.38  1439.85  1520.39  1589.28  1686.46  1775.41  2004.58  2078.11  2535.35
[0;32m[INFO][0m   h4: I [../src/deptran/s_main.cc:904] 2026-03-18 12:40:48.923 | Mid throughput is 1400.50
[0;32m[INFO][0m   h4: I [../src/deptran/s_main.cc:905] 2026-03-18 12:40:48.923 | Fastpath statistics attempted 0 successed 0 rate(pct) -nan efficient_successed 0 efficient_rate(pct) -nan
[0;32m[INFO][0m   h4: I [../src/deptran/s_main.cc:919] 2026-03-18 12:40:48.923 | Cpu-usage-leaders ave 0.0000 count 2013
[0;32m[INFO][0m   h4: I [../src/deptran/s_main.cc:931] 2026-03-18 12:40:48.923 | Queue-depth ave 461.2096 count 2013
[0;32m[INFO][0m   h5: I [../src/deptran/s_main.cc:893] 2026-03-18 12:40:48.711 | All-efficient-attempts           statistics   count    13932   0pct   539.36  50pct  1571.18  90pct  2011.63  99pct  2442.89    ave  1522.89
[0;32m[INFO][0m   h5: I [../src/deptran/s_main.cc:901] 2026-03-18 12:40:48.720 | All-efficient-attempts           distribution    539.36   968.15  1160.73  1384.96  1484.43  1571.18  1624.85  1733.20  1808.79  2011.63  2523.65
[0;32m[INFO][0m   h5: I [../src/deptran/s_main.cc:904] 2026-03-18 12:40:48.726 | Mid throughput is 1393.20
[0;32m[INFO][0m   h5: I [../src/deptran/s_main.cc:905] 2026-03-18 12:40:48.726 | Fastpath statistics attempted 0 successed 0 rate(pct) -nan efficient_successed 0 efficient_rate(pct) -nan
[0;32m[INFO][0m   h5: I [../src/deptran/s_main.cc:919] 2026-03-18 12:40:48.726 | Cpu-usage-leaders ave 0.0000 count 1972
[0;32m[INFO][0m   h5: I [../src/deptran/s_main.cc:931] 2026-03-18 12:40:48.726 | Queue-depth ave 575.2969 count 1972
[0;32m[INFO][0m === Benchmark PASSED ===
[0;32m[INFO][0m Cleaning up...
