# Attempt: 0 of 2
# Concurrency: 75
# Docker exit code: 0
# Timestamp: 2026-03-02T18:43:44Z
---
[0;32m[INFO][0m === Benchmark Mode ===
[0;32m[INFO][0m Site config:       60c1s5r5p.yml
[0;32m[INFO][0m Mode config:       none_etcd.yml
[0;32m[INFO][0m Client config:     client_open.yml
[0;32m[INFO][0m Concurrent config: concurrent_75.yml
[0;32m[INFO][0m Latency:           20ms +/- 0ms
[0;32m[INFO][0m Duration:          30s
[0;32m[INFO][0m Starting 3-node etcd cluster...
[0;32m[INFO][0m   etcd0 (127.0.0.1:2379) PID=9
[0;32m[INFO][0m   etcd1 (127.0.0.2:2379) PID=17
[0;32m[INFO][0m   etcd2 (127.0.0.3:2379) PID=24
[0;32m[INFO][0m etcd cluster is ready (3/3 nodes healthy)
[0;32m[INFO][0m Verifying etcd read/write at http://127.0.0.1:2379 ...
[0;32m[INFO][0m etcd read/write verification passed
[0;32m[INFO][0m Setting up network latency: 20ms +/- 0ms on lo
[0;32m[INFO][0m   127.0.0.2: 20ms +/- 0ms delay
[0;32m[INFO][0m   127.0.0.3: 20ms +/- 0ms delay
[0;32m[INFO][0m   127.0.0.4: 20ms +/- 0ms delay
[0;32m[INFO][0m   127.0.0.5: 20ms +/- 0ms delay
[0;32m[INFO][0m Latency simulation active
[0;32m[INFO][0m Starting process h1
[0;32m[INFO][0m Starting process h2
[0;32m[INFO][0m Starting process h3
[0;32m[INFO][0m Starting process h4
[0;32m[INFO][0m Starting process h5
[0;32m[INFO][0m Waiting for 5 processes to complete (timeout: 90s)...
[0;32m[INFO][0m --- Benchmark Results ---
[0;32m[INFO][0m   h1: I [../src/deptran/s_main.cc:893] 2026-03-02 18:43:05.899 | All-efficient-attempts           statistics   count     8924   0pct   126.78  50pct   243.20  90pct   301.13  99pct   329.68    ave   243.18
[0;32m[INFO][0m   h1: I [../src/deptran/s_main.cc:901] 2026-03-02 18:43:05.904 | All-efficient-attempts           distribution    126.78   184.17   208.39   221.88   232.11   243.20   253.77   265.99   281.24   301.13   354.13
[0;32m[INFO][0m   h1: I [../src/deptran/s_main.cc:904] 2026-03-02 18:43:05.907 | Mid throughput is 892.40
[0;32m[INFO][0m   h1: I [../src/deptran/s_main.cc:905] 2026-03-02 18:43:05.908 | Fastpath statistics attempted 0 successed 0 rate(pct) -nan efficient_successed 0 efficient_rate(pct) -nan
[0;32m[INFO][0m   h1: I [../src/deptran/s_main.cc:919] 2026-03-02 18:43:05.908 | Cpu-usage-leaders ave -1.0000 count 0
[0;32m[INFO][0m   h1: I [../src/deptran/s_main.cc:931] 2026-03-02 18:43:05.908 | Queue-depth ave 22.3300 count 1
[0;32m[INFO][0m   h2: I [../src/deptran/s_main.cc:893] 2026-03-02 18:43:01.860 | All-efficient-attempts           statistics   count     8949   0pct   170.52  50pct   282.39  90pct   341.44  99pct   371.41    ave   282.95
[0;32m[INFO][0m   h2: I [../src/deptran/s_main.cc:901] 2026-03-02 18:43:01.865 | All-efficient-attempts           distribution    170.52   225.10   248.07   261.27   271.54   282.39   292.81   304.21   321.19   341.44   392.77
[0;32m[INFO][0m   h2: I [../src/deptran/s_main.cc:904] 2026-03-02 18:43:01.869 | Mid throughput is 894.90
[0;32m[INFO][0m   h2: I [../src/deptran/s_main.cc:905] 2026-03-02 18:43:01.869 | Fastpath statistics attempted 0 successed 0 rate(pct) -nan efficient_successed 0 efficient_rate(pct) -nan
[0;32m[INFO][0m   h2: I [../src/deptran/s_main.cc:919] 2026-03-02 18:43:01.869 | Cpu-usage-leaders ave -1.0000 count 0
[0;32m[INFO][0m   h2: I [../src/deptran/s_main.cc:931] 2026-03-02 18:43:01.869 | Queue-depth ave 0.0000 count 1
[0;32m[INFO][0m   h3: I [../src/deptran/s_main.cc:893] 2026-03-02 18:43:06.871 | All-efficient-attempts           statistics   count     8941   0pct   167.31  50pct   283.77  90pct   339.53  99pct   370.77    ave   283.36
[0;32m[INFO][0m   h3: I [../src/deptran/s_main.cc:901] 2026-03-02 18:43:06.881 | All-efficient-attempts           distribution    167.31   225.92   248.39   261.85   272.28   283.77   294.16   305.42   320.72   339.53   404.95
[0;32m[INFO][0m   h3: I [../src/deptran/s_main.cc:904] 2026-03-02 18:43:06.893 | Mid throughput is 894.10
[0;32m[INFO][0m   h3: I [../src/deptran/s_main.cc:905] 2026-03-02 18:43:06.893 | Fastpath statistics attempted 0 successed 0 rate(pct) -nan efficient_successed 0 efficient_rate(pct) -nan
[0;32m[INFO][0m   h3: I [../src/deptran/s_main.cc:919] 2026-03-02 18:43:06.893 | Cpu-usage-leaders ave -1.0000 count 0
[0;32m[INFO][0m   h3: I [../src/deptran/s_main.cc:931] 2026-03-02 18:43:06.893 | Queue-depth ave 0.0000 count 1
[0;32m[INFO][0m   h4: I [../src/deptran/s_main.cc:893] 2026-03-02 18:43:05.654 | All-efficient-attempts           statistics   count     8894   0pct   168.93  50pct   282.30  90pct   340.49  99pct   371.89    ave   282.85
[0;32m[INFO][0m   h4: I [../src/deptran/s_main.cc:901] 2026-03-02 18:43:05.659 | All-efficient-attempts           distribution    168.93   226.92   248.60   261.43   271.60   282.30   292.44   304.30   319.05   340.49   407.04
[0;32m[INFO][0m   h4: I [../src/deptran/s_main.cc:904] 2026-03-02 18:43:05.663 | Mid throughput is 889.40
[0;32m[INFO][0m   h4: I [../src/deptran/s_main.cc:905] 2026-03-02 18:43:05.663 | Fastpath statistics attempted 0 successed 0 rate(pct) -nan efficient_successed 0 efficient_rate(pct) -nan
[0;32m[INFO][0m   h4: I [../src/deptran/s_main.cc:919] 2026-03-02 18:43:05.663 | Cpu-usage-leaders ave -1.0000 count 0
[0;32m[INFO][0m   h4: I [../src/deptran/s_main.cc:931] 2026-03-02 18:43:05.663 | Queue-depth ave 0.0000 count 1
[0;32m[INFO][0m   h5: I [../src/deptran/s_main.cc:893] 2026-03-02 18:43:07.458 | All-efficient-attempts           statistics   count     8876   0pct   178.92  50pct   279.90  90pct   338.28  99pct   369.86    ave   282.23
[0;32m[INFO][0m   h5: I [../src/deptran/s_main.cc:901] 2026-03-02 18:43:07.465 | All-efficient-attempts           distribution    178.92   231.56   248.70   260.08   269.26   279.90   290.48   301.89   317.33   338.28   400.66
[0;32m[INFO][0m   h5: I [../src/deptran/s_main.cc:904] 2026-03-02 18:43:07.470 | Mid throughput is 887.60
[0;32m[INFO][0m   h5: I [../src/deptran/s_main.cc:905] 2026-03-02 18:43:07.470 | Fastpath statistics attempted 0 successed 0 rate(pct) -nan efficient_successed 0 efficient_rate(pct) -nan
[0;32m[INFO][0m   h5: I [../src/deptran/s_main.cc:919] 2026-03-02 18:43:07.470 | Cpu-usage-leaders ave -1.0000 count 0
[0;32m[INFO][0m   h5: I [../src/deptran/s_main.cc:931] 2026-03-02 18:43:07.470 | Queue-depth ave 0.0000 count 1
[0;32m[INFO][0m === Benchmark PASSED ===
[0;32m[INFO][0m Cleaning up...
