# Attempt: 0 of 2
# Concurrency: 5
# Docker exit code: 0
# Timestamp: 2026-03-02T18:35:58Z
---
[0;32m[INFO][0m === Benchmark Mode ===
[0;32m[INFO][0m Site config:       60c1s5r5p.yml
[0;32m[INFO][0m Mode config:       none_etcd.yml
[0;32m[INFO][0m Client config:     client_open.yml
[0;32m[INFO][0m Concurrent config: concurrent_5.yml
[0;32m[INFO][0m Latency:           20ms +/- 0ms
[0;32m[INFO][0m Duration:          30s
[0;32m[INFO][0m Starting 3-node etcd cluster...
[0;32m[INFO][0m   etcd0 (127.0.0.1:2379) PID=9
[0;32m[INFO][0m   etcd1 (127.0.0.2:2379) PID=16
[0;32m[INFO][0m   etcd2 (127.0.0.3:2379) PID=23
[0;32m[INFO][0m etcd cluster is ready (3/3 nodes healthy)
[0;32m[INFO][0m Verifying etcd read/write at http://127.0.0.1:2379 ...
[0;32m[INFO][0m etcd read/write verification passed
[0;32m[INFO][0m Setting up network latency: 20ms +/- 0ms on lo
[0;32m[INFO][0m   127.0.0.2: 20ms +/- 0ms delay
[0;32m[INFO][0m   127.0.0.3: 20ms +/- 0ms delay
[0;32m[INFO][0m   127.0.0.4: 20ms +/- 0ms delay
[0;32m[INFO][0m   127.0.0.5: 20ms +/- 0ms delay
[0;32m[INFO][0m Latency simulation active
[0;32m[INFO][0m Starting process h1
[0;32m[INFO][0m Starting process h2
[0;32m[INFO][0m Starting process h3
[0;32m[INFO][0m Starting process h4
[0;32m[INFO][0m Starting process h5
[0;32m[INFO][0m Waiting for 5 processes to complete (timeout: 90s)...
[0;32m[INFO][0m --- Benchmark Results ---
[0;32m[INFO][0m   h1: I [../src/deptran/s_main.cc:893] 2026-03-02 18:35:44.518 | All-efficient-attempts           statistics   count      546   0pct    29.04  50pct    54.79  90pct    75.55  99pct   105.62    ave    57.40
[0;32m[INFO][0m   h1: I [../src/deptran/s_main.cc:901] 2026-03-02 18:35:44.519 | All-efficient-attempts           distribution     29.04    42.24    47.11    49.49    51.80    54.79    57.72    61.84    66.72    75.55   133.11
[0;32m[INFO][0m   h1: I [../src/deptran/s_main.cc:904] 2026-03-02 18:35:44.519 | Mid throughput is 54.60
[0;32m[INFO][0m   h1: I [../src/deptran/s_main.cc:905] 2026-03-02 18:35:44.519 | Fastpath statistics attempted 0 successed 0 rate(pct) -nan efficient_successed 0 efficient_rate(pct) -nan
[0;32m[INFO][0m   h1: I [../src/deptran/s_main.cc:919] 2026-03-02 18:35:44.519 | Cpu-usage-leaders ave -1.0000 count 0
[0;32m[INFO][0m   h1: I [../src/deptran/s_main.cc:931] 2026-03-02 18:35:44.519 | Queue-depth ave 6.2500 count 1
[0;32m[INFO][0m   h2: I [../src/deptran/s_main.cc:893] 2026-03-02 18:35:44.996 | All-efficient-attempts           statistics   count      541   0pct    70.24  50pct    96.17  90pct   116.58  99pct   149.54    ave    98.95
[0;32m[INFO][0m   h2: I [../src/deptran/s_main.cc:901] 2026-03-02 18:35:44.997 | All-efficient-attempts           distribution     70.24    83.85    87.45    90.60    93.45    96.17    99.24   103.82   108.77   116.58   174.94
[0;32m[INFO][0m   h2: I [../src/deptran/s_main.cc:904] 2026-03-02 18:35:44.997 | Mid throughput is 54.10
[0;32m[INFO][0m   h2: I [../src/deptran/s_main.cc:905] 2026-03-02 18:35:44.997 | Fastpath statistics attempted 0 successed 0 rate(pct) -nan efficient_successed 0 efficient_rate(pct) -nan
[0;32m[INFO][0m   h2: I [../src/deptran/s_main.cc:919] 2026-03-02 18:35:44.997 | Cpu-usage-leaders ave -1.0000 count 0
[0;32m[INFO][0m   h2: I [../src/deptran/s_main.cc:931] 2026-03-02 18:35:44.997 | Queue-depth ave 0.0000 count 1
[0;32m[INFO][0m   h3: I [../src/deptran/s_main.cc:893] 2026-03-02 18:35:45.995 | All-efficient-attempts           statistics   count      550   0pct    72.05  50pct    93.93  90pct   113.49  99pct   136.92    ave    96.08
[0;32m[INFO][0m   h3: I [../src/deptran/s_main.cc:901] 2026-03-02 18:35:45.995 | All-efficient-attempts           distribution     72.05    82.02    85.98    88.13    91.55    93.93    96.59   100.29   104.67   113.49   165.07
[0;32m[INFO][0m   h3: I [../src/deptran/s_main.cc:904] 2026-03-02 18:35:45.995 | Mid throughput is 55.00
[0;32m[INFO][0m   h3: I [../src/deptran/s_main.cc:905] 2026-03-02 18:35:45.995 | Fastpath statistics attempted 0 successed 0 rate(pct) -nan efficient_successed 0 efficient_rate(pct) -nan
[0;32m[INFO][0m   h3: I [../src/deptran/s_main.cc:919] 2026-03-02 18:35:45.995 | Cpu-usage-leaders ave -1.0000 count 0
[0;32m[INFO][0m   h3: I [../src/deptran/s_main.cc:931] 2026-03-02 18:35:45.995 | Queue-depth ave 0.0000 count 1
[0;32m[INFO][0m   h4: I [../src/deptran/s_main.cc:893] 2026-03-02 18:35:44.996 | All-efficient-attempts           statistics   count      543   0pct    70.19  50pct    94.80  90pct   114.94  99pct   145.80    ave    97.64
[0;32m[INFO][0m   h4: I [../src/deptran/s_main.cc:901] 2026-03-02 18:35:44.996 | All-efficient-attempts           distribution     70.19    83.27    87.04    89.87    92.34    94.80    98.07   102.53   107.20   114.94   167.89
[0;32m[INFO][0m   h4: I [../src/deptran/s_main.cc:904] 2026-03-02 18:35:44.996 | Mid throughput is 54.30
[0;32m[INFO][0m   h4: I [../src/deptran/s_main.cc:905] 2026-03-02 18:35:44.996 | Fastpath statistics attempted 0 successed 0 rate(pct) -nan efficient_successed 0 efficient_rate(pct) -nan
[0;32m[INFO][0m   h4: I [../src/deptran/s_main.cc:919] 2026-03-02 18:35:44.996 | Cpu-usage-leaders ave -1.0000 count 0
[0;32m[INFO][0m   h4: I [../src/deptran/s_main.cc:931] 2026-03-02 18:35:44.996 | Queue-depth ave 0.0000 count 1
[0;32m[INFO][0m   h5: I [../src/deptran/s_main.cc:893] 2026-03-02 18:35:44.996 | All-efficient-attempts           statistics   count      544   0pct    68.78  50pct    95.57  90pct   117.65  99pct   145.68    ave    98.02
[0;32m[INFO][0m   h5: I [../src/deptran/s_main.cc:901] 2026-03-02 18:35:44.996 | All-efficient-attempts           distribution     68.78    82.99    86.31    89.04    92.10    95.57    98.74   102.21   108.89   117.65   159.25
[0;32m[INFO][0m   h5: I [../src/deptran/s_main.cc:904] 2026-03-02 18:35:44.997 | Mid throughput is 54.40
[0;32m[INFO][0m   h5: I [../src/deptran/s_main.cc:905] 2026-03-02 18:35:44.997 | Fastpath statistics attempted 0 successed 0 rate(pct) -nan efficient_successed 0 efficient_rate(pct) -nan
[0;32m[INFO][0m   h5: I [../src/deptran/s_main.cc:919] 2026-03-02 18:35:44.997 | Cpu-usage-leaders ave -1.0000 count 0
[0;32m[INFO][0m   h5: I [../src/deptran/s_main.cc:931] 2026-03-02 18:35:44.997 | Queue-depth ave 0.0000 count 1
[0;32m[INFO][0m === Benchmark PASSED ===
[0;32m[INFO][0m Cleaning up...
