# Attempt: 0 of 2
# Concurrency: 1
# Docker exit code: 0
# Timestamp: 2026-03-18T11:59:41Z
---
[0;32m[INFO][0m === Benchmark Mode ===
[0;32m[INFO][0m Site config:       60c1s5r5p.yml
[0;32m[INFO][0m Mode config:       none_etcd.yml
[0;32m[INFO][0m Client config:     client_open.yml
[0;32m[INFO][0m Concurrent config: concurrent_1.yml
[0;32m[INFO][0m Latency:           20ms +/- 0ms
[0;32m[INFO][0m Duration:          30s
[0;32m[INFO][0m Starting 3-node etcd cluster...
[0;32m[INFO][0m   etcd0 (127.0.0.1:2379) PID=9
[0;32m[INFO][0m   etcd1 (127.0.0.2:2379) PID=12
[0;32m[INFO][0m   etcd2 (127.0.0.3:2379) PID=23
[0;32m[INFO][0m etcd cluster is ready (3/3 nodes healthy)
[0;32m[INFO][0m Verifying etcd read/write at http://127.0.0.1:2379 ...
[0;32m[INFO][0m etcd read/write verification passed
[0;32m[INFO][0m Setting up network latency: 20ms +/- 0ms on lo
[0;32m[INFO][0m   127.0.0.2: 20ms +/- 0ms delay
[0;32m[INFO][0m   127.0.0.3: 20ms +/- 0ms delay
[0;32m[INFO][0m   127.0.0.4: 20ms +/- 0ms delay
[0;32m[INFO][0m   127.0.0.5: 20ms +/- 0ms delay
[0;32m[INFO][0m Latency simulation active
[0;32m[INFO][0m Starting process h1
[0;32m[INFO][0m Starting process h2
[0;32m[INFO][0m Starting process h3
[0;32m[INFO][0m Starting process h4
[0;32m[INFO][0m Starting process h5
[0;32m[INFO][0m Waiting for 5 processes to complete (timeout: 90s)...
[0;32m[INFO][0m --- Benchmark Results ---
[0;32m[INFO][0m   h1: I [../src/deptran/s_main.cc:893] 2026-03-18 11:59:32.448 | All-efficient-attempts           statistics   count       80   0pct    41.75  50pct    42.74  90pct    43.91  99pct    44.75    ave    42.89
[0;32m[INFO][0m   h1: I [../src/deptran/s_main.cc:901] 2026-03-18 11:59:32.448 | All-efficient-attempts           distribution     41.75    42.25    42.32    42.51    42.68    42.74    42.87    43.07    43.48    43.91    44.75
[0;32m[INFO][0m   h1: I [../src/deptran/s_main.cc:904] 2026-03-18 11:59:32.448 | Mid throughput is 8.00
[0;32m[INFO][0m   h1: I [../src/deptran/s_main.cc:905] 2026-03-18 11:59:32.448 | Fastpath statistics attempted 0 successed 0 rate(pct) -nan efficient_successed 0 efficient_rate(pct) -nan
[0;32m[INFO][0m   h1: I [../src/deptran/s_main.cc:919] 2026-03-18 11:59:32.448 | Cpu-usage-leaders ave -1.0000 count 0
[0;32m[INFO][0m   h1: I [../src/deptran/s_main.cc:931] 2026-03-18 11:59:32.448 | Queue-depth ave 2.1500 count 1
[0;32m[INFO][0m   h2: I [../src/deptran/s_main.cc:893] 2026-03-18 11:59:32.929 | All-efficient-attempts           statistics   count       81   0pct    81.87  50pct    82.80  90pct    84.62  99pct    97.90    ave    83.43
[0;32m[INFO][0m   h2: I [../src/deptran/s_main.cc:901] 2026-03-18 11:59:32.930 | All-efficient-attempts           distribution     81.87    82.22    82.42    82.60    82.68    82.80    82.98    83.21    83.47    84.62    97.90
[0;32m[INFO][0m   h2: I [../src/deptran/s_main.cc:904] 2026-03-18 11:59:32.930 | Mid throughput is 8.10
[0;32m[INFO][0m   h2: I [../src/deptran/s_main.cc:905] 2026-03-18 11:59:32.930 | Fastpath statistics attempted 0 successed 0 rate(pct) -nan efficient_successed 0 efficient_rate(pct) -nan
[0;32m[INFO][0m   h2: I [../src/deptran/s_main.cc:919] 2026-03-18 11:59:32.930 | Cpu-usage-leaders ave -1.0000 count 0
[0;32m[INFO][0m   h2: I [../src/deptran/s_main.cc:931] 2026-03-18 11:59:32.930 | Queue-depth ave 0.0000 count 1
[0;32m[INFO][0m   h3: I [../src/deptran/s_main.cc:893] 2026-03-18 11:59:33.928 | All-efficient-attempts           statistics   count       81   0pct    81.82  50pct    82.87  90pct    83.93  99pct   110.11    ave    83.51
[0;32m[INFO][0m   h3: I [../src/deptran/s_main.cc:901] 2026-03-18 11:59:33.928 | All-efficient-attempts           distribution     81.82    82.31    82.50    82.62    82.72    82.87    83.00    83.14    83.23    83.93   110.11
[0;32m[INFO][0m   h3: I [../src/deptran/s_main.cc:904] 2026-03-18 11:59:33.928 | Mid throughput is 8.10
[0;32m[INFO][0m   h3: I [../src/deptran/s_main.cc:905] 2026-03-18 11:59:33.928 | Fastpath statistics attempted 0 successed 0 rate(pct) -nan efficient_successed 0 efficient_rate(pct) -nan
[0;32m[INFO][0m   h3: I [../src/deptran/s_main.cc:919] 2026-03-18 11:59:33.928 | Cpu-usage-leaders ave -1.0000 count 0
[0;32m[INFO][0m   h3: I [../src/deptran/s_main.cc:931] 2026-03-18 11:59:33.928 | Queue-depth ave 0.0000 count 1
[0;32m[INFO][0m   h4: I [../src/deptran/s_main.cc:893] 2026-03-18 11:59:32.932 | All-efficient-attempts           statistics   count       81   0pct    81.91  50pct    83.04  90pct    84.50  99pct   106.27    ave    84.27
[0;32m[INFO][0m   h4: I [../src/deptran/s_main.cc:901] 2026-03-18 11:59:32.933 | All-efficient-attempts           distribution     81.91    82.25    82.46    82.68    82.88    83.04    83.17    83.46    83.89    84.50   106.27
[0;32m[INFO][0m   h4: I [../src/deptran/s_main.cc:904] 2026-03-18 11:59:32.933 | Mid throughput is 8.10
[0;32m[INFO][0m   h4: I [../src/deptran/s_main.cc:905] 2026-03-18 11:59:32.933 | Fastpath statistics attempted 0 successed 0 rate(pct) -nan efficient_successed 0 efficient_rate(pct) -nan
[0;32m[INFO][0m   h4: I [../src/deptran/s_main.cc:919] 2026-03-18 11:59:32.933 | Cpu-usage-leaders ave -1.0000 count 0
[0;32m[INFO][0m   h4: I [../src/deptran/s_main.cc:931] 2026-03-18 11:59:32.933 | Queue-depth ave 0.0000 count 1
[0;32m[INFO][0m   h5: I [../src/deptran/s_main.cc:893] 2026-03-18 11:59:33.930 | All-efficient-attempts           statistics   count       74   0pct    81.91  50pct    82.85  90pct    83.73  99pct   108.64    ave    83.27
[0;32m[INFO][0m   h5: I [../src/deptran/s_main.cc:901] 2026-03-18 11:59:33.930 | All-efficient-attempts           distribution     81.91    82.27    82.39    82.54    82.69    82.85    83.00    83.18    83.44    83.73   108.64
[0;32m[INFO][0m   h5: I [../src/deptran/s_main.cc:904] 2026-03-18 11:59:33.930 | Mid throughput is 7.40
[0;32m[INFO][0m   h5: I [../src/deptran/s_main.cc:905] 2026-03-18 11:59:33.930 | Fastpath statistics attempted 0 successed 0 rate(pct) -nan efficient_successed 0 efficient_rate(pct) -nan
[0;32m[INFO][0m   h5: I [../src/deptran/s_main.cc:919] 2026-03-18 11:59:33.930 | Cpu-usage-leaders ave -1.0000 count 0
[0;32m[INFO][0m   h5: I [../src/deptran/s_main.cc:931] 2026-03-18 11:59:33.930 | Queue-depth ave 0.0000 count 1
[0;32m[INFO][0m === Benchmark PASSED ===
[0;32m[INFO][0m Cleaning up...
