# Attempt: 0 of 2
# Concurrency: 300
# Docker exit code: 0
# Timestamp: 2026-03-02T18:51:09Z
---
[0;32m[INFO][0m === Benchmark Mode ===
[0;32m[INFO][0m Site config:       60c1s5r5p.yml
[0;32m[INFO][0m Mode config:       none_etcd.yml
[0;32m[INFO][0m Client config:     client_open.yml
[0;32m[INFO][0m Concurrent config: concurrent_300.yml
[0;32m[INFO][0m Latency:           20ms +/- 0ms
[0;32m[INFO][0m Duration:          30s
[0;32m[INFO][0m Starting 3-node etcd cluster...
[0;32m[INFO][0m   etcd0 (127.0.0.1:2379) PID=8
[0;32m[INFO][0m   etcd1 (127.0.0.2:2379) PID=15
[0;32m[INFO][0m   etcd2 (127.0.0.3:2379) PID=22
[0;32m[INFO][0m etcd cluster is ready (3/3 nodes healthy)
[0;32m[INFO][0m Verifying etcd read/write at http://127.0.0.1:2379 ...
[0;32m[INFO][0m etcd read/write verification passed
[0;32m[INFO][0m Setting up network latency: 20ms +/- 0ms on lo
[0;32m[INFO][0m   127.0.0.2: 20ms +/- 0ms delay
[0;32m[INFO][0m   127.0.0.3: 20ms +/- 0ms delay
[0;32m[INFO][0m   127.0.0.4: 20ms +/- 0ms delay
[0;32m[INFO][0m   127.0.0.5: 20ms +/- 0ms delay
[0;32m[INFO][0m Latency simulation active
[0;32m[INFO][0m Starting process h1
[0;32m[INFO][0m Starting process h2
[0;32m[INFO][0m Starting process h3
[0;32m[INFO][0m Starting process h4
[0;32m[INFO][0m Starting process h5
[0;32m[INFO][0m Waiting for 5 processes to complete (timeout: 90s)...
[0;32m[INFO][0m --- Benchmark Results ---
[0;32m[INFO][0m   h1: I [../src/deptran/s_main.cc:893] 2026-03-02 18:50:32.075 | All-efficient-attempts           statistics   count    14677   0pct   892.01  50pct  1566.86  90pct  1850.75  99pct  1884.06    ave  1592.56
[0;32m[INFO][0m   h1: I [../src/deptran/s_main.cc:901] 2026-03-02 18:50:32.084 | All-efficient-attempts           distribution    892.01  1426.01  1476.12  1503.67  1526.25  1566.86  1606.01  1690.87  1733.68  1850.75  1886.92
[0;32m[INFO][0m   h1: I [../src/deptran/s_main.cc:904] 2026-03-02 18:50:32.091 | Mid throughput is 1467.70
[0;32m[INFO][0m   h1: I [../src/deptran/s_main.cc:905] 2026-03-02 18:50:32.091 | Fastpath statistics attempted 0 successed 0 rate(pct) -nan efficient_successed 0 efficient_rate(pct) -nan
[0;32m[INFO][0m   h1: I [../src/deptran/s_main.cc:919] 2026-03-02 18:50:32.091 | Cpu-usage-leaders ave -1.0000 count 0
[0;32m[INFO][0m   h1: I [../src/deptran/s_main.cc:931] 2026-03-02 18:50:32.091 | Queue-depth ave 94.5600 count 1
[0;32m[INFO][0m   h2: I [../src/deptran/s_main.cc:893] 2026-03-02 18:50:32.532 | All-efficient-attempts           statistics   count    13459   0pct   934.73  50pct  1733.57  90pct  1904.19  99pct  2021.64    ave  1728.23
[0;32m[INFO][0m   h2: I [../src/deptran/s_main.cc:901] 2026-03-02 18:50:32.545 | All-efficient-attempts           distribution    934.73  1568.55  1617.11  1670.10  1704.37  1733.57  1762.70  1813.59  1861.16  1904.19  2023.69
[0;32m[INFO][0m   h2: I [../src/deptran/s_main.cc:904] 2026-03-02 18:50:32.554 | Mid throughput is 1345.90
[0;32m[INFO][0m   h2: I [../src/deptran/s_main.cc:905] 2026-03-02 18:50:32.554 | Fastpath statistics attempted 0 successed 0 rate(pct) -nan efficient_successed 0 efficient_rate(pct) -nan
[0;32m[INFO][0m   h2: I [../src/deptran/s_main.cc:919] 2026-03-02 18:50:32.554 | Cpu-usage-leaders ave -1.0000 count 0
[0;32m[INFO][0m   h2: I [../src/deptran/s_main.cc:931] 2026-03-02 18:50:32.554 | Queue-depth ave 0.0000 count 1
[0;32m[INFO][0m   h3: I [../src/deptran/s_main.cc:893] 2026-03-02 18:50:32.706 | All-efficient-attempts           statistics   count    13726   0pct   918.89  50pct  1700.15  90pct  1931.57  99pct  2012.42    ave  1713.96
[0;32m[INFO][0m   h3: I [../src/deptran/s_main.cc:901] 2026-03-02 18:50:32.715 | All-efficient-attempts           distribution    918.89  1543.43  1596.38  1646.04  1681.90  1700.15  1749.98  1808.76  1862.76  1931.57  2014.24
[0;32m[INFO][0m   h3: I [../src/deptran/s_main.cc:904] 2026-03-02 18:50:32.722 | Mid throughput is 1372.60
[0;32m[INFO][0m   h3: I [../src/deptran/s_main.cc:905] 2026-03-02 18:50:32.722 | Fastpath statistics attempted 0 successed 0 rate(pct) -nan efficient_successed 0 efficient_rate(pct) -nan
[0;32m[INFO][0m   h3: I [../src/deptran/s_main.cc:919] 2026-03-02 18:50:32.722 | Cpu-usage-leaders ave -1.0000 count 0
[0;32m[INFO][0m   h3: I [../src/deptran/s_main.cc:931] 2026-03-02 18:50:32.722 | Queue-depth ave 0.0000 count 1
[0;32m[INFO][0m   h4: I [../src/deptran/s_main.cc:893] 2026-03-02 18:50:32.710 | All-efficient-attempts           statistics   count    14000   0pct  1064.73  50pct  1716.81  90pct  1909.64  99pct  2124.69    ave  1732.19
[0;32m[INFO][0m   h4: I [../src/deptran/s_main.cc:901] 2026-03-02 18:50:32.720 | All-efficient-attempts           distribution   1064.73  1548.82  1593.49  1662.47  1676.47  1716.81  1757.82  1819.07  1862.12  1909.64  2126.82
[0;32m[INFO][0m   h4: I [../src/deptran/s_main.cc:904] 2026-03-02 18:50:32.726 | Mid throughput is 1400.00
[0;32m[INFO][0m   h4: I [../src/deptran/s_main.cc:905] 2026-03-02 18:50:32.727 | Fastpath statistics attempted 0 successed 0 rate(pct) -nan efficient_successed 0 efficient_rate(pct) -nan
[0;32m[INFO][0m   h4: I [../src/deptran/s_main.cc:919] 2026-03-02 18:50:32.727 | Cpu-usage-leaders ave -1.0000 count 0
[0;32m[INFO][0m   h4: I [../src/deptran/s_main.cc:931] 2026-03-02 18:50:32.727 | Queue-depth ave 0.0000 count 1
[0;32m[INFO][0m   h5: I [../src/deptran/s_main.cc:893] 2026-03-02 18:50:32.522 | All-efficient-attempts           statistics   count    13910   0pct   620.62  50pct  1711.25  90pct  1972.76  99pct  2124.99    ave  1702.37
[0;32m[INFO][0m   h5: I [../src/deptran/s_main.cc:901] 2026-03-02 18:50:32.534 | All-efficient-attempts           distribution    620.62  1486.63  1587.05  1617.74  1675.03  1711.25  1749.55  1797.85  1861.70  1972.76  2125.97
[0;32m[INFO][0m   h5: I [../src/deptran/s_main.cc:904] 2026-03-02 18:50:32.543 | Mid throughput is 1391.00
[0;32m[INFO][0m   h5: I [../src/deptran/s_main.cc:905] 2026-03-02 18:50:32.543 | Fastpath statistics attempted 0 successed 0 rate(pct) -nan efficient_successed 0 efficient_rate(pct) -nan
[0;32m[INFO][0m   h5: I [../src/deptran/s_main.cc:919] 2026-03-02 18:50:32.543 | Cpu-usage-leaders ave -1.0000 count 0
[0;32m[INFO][0m   h5: I [../src/deptran/s_main.cc:931] 2026-03-02 18:50:32.543 | Queue-depth ave 0.0000 count 1
[0;32m[INFO][0m === Benchmark PASSED ===
[0;32m[INFO][0m Cleaning up...
