# Attempt: 0 of 2
# Concurrency: 10
# Docker exit code: 0
# Timestamp: 2026-03-02T18:37:43Z
---
[0;32m[INFO][0m === Benchmark Mode ===
[0;32m[INFO][0m Site config:       60c1s5r5p.yml
[0;32m[INFO][0m Mode config:       none_etcd.yml
[0;32m[INFO][0m Client config:     client_open.yml
[0;32m[INFO][0m Concurrent config: concurrent_10.yml
[0;32m[INFO][0m Latency:           20ms +/- 0ms
[0;32m[INFO][0m Duration:          30s
[0;32m[INFO][0m Starting 3-node etcd cluster...
[0;32m[INFO][0m   etcd0 (127.0.0.1:2379) PID=9
[0;32m[INFO][0m   etcd1 (127.0.0.2:2379) PID=16
[0;32m[INFO][0m   etcd2 (127.0.0.3:2379) PID=23
[0;32m[INFO][0m etcd cluster is ready (3/3 nodes healthy)
[0;32m[INFO][0m Verifying etcd read/write at http://127.0.0.1:2379 ...
[0;32m[INFO][0m etcd read/write verification passed
[0;32m[INFO][0m Setting up network latency: 20ms +/- 0ms on lo
[0;32m[INFO][0m   127.0.0.2: 20ms +/- 0ms delay
[0;32m[INFO][0m   127.0.0.3: 20ms +/- 0ms delay
[0;32m[INFO][0m   127.0.0.4: 20ms +/- 0ms delay
[0;32m[INFO][0m   127.0.0.5: 20ms +/- 0ms delay
[0;32m[INFO][0m Latency simulation active
[0;32m[INFO][0m Starting process h1
[0;32m[INFO][0m Starting process h2
[0;32m[INFO][0m Starting process h3
[0;32m[INFO][0m Starting process h4
[0;32m[INFO][0m Starting process h5
[0;32m[INFO][0m Waiting for 5 processes to complete (timeout: 90s)...
[0;32m[INFO][0m --- Benchmark Results ---
[0;32m[INFO][0m   h1: I [../src/deptran/s_main.cc:893] 2026-03-02 18:37:19.370 | All-efficient-attempts           statistics   count     1151   0pct    30.24  50pct    49.56  90pct    67.34  99pct   106.32    ave    52.47
[0;32m[INFO][0m   h1: I [../src/deptran/s_main.cc:901] 2026-03-02 18:37:19.371 | All-efficient-attempts           distribution     30.24    39.62    42.91    45.00    47.22    49.56    52.52    55.34    59.71    67.34   136.40
[0;32m[INFO][0m   h1: I [../src/deptran/s_main.cc:904] 2026-03-02 18:37:19.372 | Mid throughput is 115.10
[0;32m[INFO][0m   h1: I [../src/deptran/s_main.cc:905] 2026-03-02 18:37:19.372 | Fastpath statistics attempted 0 successed 0 rate(pct) -nan efficient_successed 0 efficient_rate(pct) -nan
[0;32m[INFO][0m   h1: I [../src/deptran/s_main.cc:919] 2026-03-02 18:37:19.372 | Cpu-usage-leaders ave -1.0000 count 0
[0;32m[INFO][0m   h1: I [../src/deptran/s_main.cc:931] 2026-03-02 18:37:19.372 | Queue-depth ave 6.4200 count 1
[0;32m[INFO][0m   h2: I [../src/deptran/s_main.cc:893] 2026-03-02 18:37:19.850 | All-efficient-attempts           statistics   count     1144   0pct    72.31  50pct    90.57  90pct   110.67  99pct   148.67    ave    94.01
[0;32m[INFO][0m   h2: I [../src/deptran/s_main.cc:901] 2026-03-02 18:37:19.851 | All-efficient-attempts           distribution     72.31    80.19    83.20    86.01    88.15    90.57    93.37    97.12   102.77   110.67   180.12
[0;32m[INFO][0m   h2: I [../src/deptran/s_main.cc:904] 2026-03-02 18:37:19.851 | Mid throughput is 114.40
[0;32m[INFO][0m   h2: I [../src/deptran/s_main.cc:905] 2026-03-02 18:37:19.851 | Fastpath statistics attempted 0 successed 0 rate(pct) -nan efficient_successed 0 efficient_rate(pct) -nan
[0;32m[INFO][0m   h2: I [../src/deptran/s_main.cc:919] 2026-03-02 18:37:19.851 | Cpu-usage-leaders ave -1.0000 count 0
[0;32m[INFO][0m   h2: I [../src/deptran/s_main.cc:931] 2026-03-02 18:37:19.851 | Queue-depth ave 0.0000 count 1
[0;32m[INFO][0m   h3: I [../src/deptran/s_main.cc:893] 2026-03-02 18:37:20.848 | All-efficient-attempts           statistics   count     1127   0pct    69.80  50pct    90.15  90pct   110.37  99pct   149.45    ave    93.58
[0;32m[INFO][0m   h3: I [../src/deptran/s_main.cc:901] 2026-03-02 18:37:20.849 | All-efficient-attempts           distribution     69.80    80.05    82.66    85.03    87.70    90.15    93.18    96.84   102.11   110.37   184.77
[0;32m[INFO][0m   h3: I [../src/deptran/s_main.cc:904] 2026-03-02 18:37:20.849 | Mid throughput is 112.70
[0;32m[INFO][0m   h3: I [../src/deptran/s_main.cc:905] 2026-03-02 18:37:20.849 | Fastpath statistics attempted 0 successed 0 rate(pct) -nan efficient_successed 0 efficient_rate(pct) -nan
[0;32m[INFO][0m   h3: I [../src/deptran/s_main.cc:919] 2026-03-02 18:37:20.849 | Cpu-usage-leaders ave -1.0000 count 0
[0;32m[INFO][0m   h3: I [../src/deptran/s_main.cc:931] 2026-03-02 18:37:20.849 | Queue-depth ave 0.0000 count 1
[0;32m[INFO][0m   h4: I [../src/deptran/s_main.cc:893] 2026-03-02 18:37:20.848 | All-efficient-attempts           statistics   count     1131   0pct    69.75  50pct    90.04  90pct   109.83  99pct   154.42    ave    93.53
[0;32m[INFO][0m   h4: I [../src/deptran/s_main.cc:901] 2026-03-02 18:37:20.849 | All-efficient-attempts           distribution     69.75    79.46    82.57    85.12    87.34    90.04    92.74    96.39   102.06   109.83   182.73
[0;32m[INFO][0m   h4: I [../src/deptran/s_main.cc:904] 2026-03-02 18:37:20.849 | Mid throughput is 113.10
[0;32m[INFO][0m   h4: I [../src/deptran/s_main.cc:905] 2026-03-02 18:37:20.849 | Fastpath statistics attempted 0 successed 0 rate(pct) -nan efficient_successed 0 efficient_rate(pct) -nan
[0;32m[INFO][0m   h4: I [../src/deptran/s_main.cc:919] 2026-03-02 18:37:20.849 | Cpu-usage-leaders ave -1.0000 count 0
[0;32m[INFO][0m   h4: I [../src/deptran/s_main.cc:931] 2026-03-02 18:37:20.849 | Queue-depth ave 0.0000 count 1
[0;32m[INFO][0m   h5: I [../src/deptran/s_main.cc:893] 2026-03-02 18:37:19.848 | All-efficient-attempts           statistics   count     1127   0pct    72.37  50pct    89.60  90pct   109.63  99pct   136.11    ave    92.49
[0;32m[INFO][0m   h5: I [../src/deptran/s_main.cc:901] 2026-03-02 18:37:19.849 | All-efficient-attempts           distribution     72.37    79.31    82.26    84.84    87.16    89.60    91.80    95.28   100.10   109.63   183.03
[0;32m[INFO][0m   h5: I [../src/deptran/s_main.cc:904] 2026-03-02 18:37:19.849 | Mid throughput is 112.70
[0;32m[INFO][0m   h5: I [../src/deptran/s_main.cc:905] 2026-03-02 18:37:19.849 | Fastpath statistics attempted 0 successed 0 rate(pct) -nan efficient_successed 0 efficient_rate(pct) -nan
[0;32m[INFO][0m   h5: I [../src/deptran/s_main.cc:919] 2026-03-02 18:37:19.849 | Cpu-usage-leaders ave -1.0000 count 0
[0;32m[INFO][0m   h5: I [../src/deptran/s_main.cc:931] 2026-03-02 18:37:19.849 | Queue-depth ave 0.0000 count 1
[0;32m[INFO][0m === Benchmark PASSED ===
[0;32m[INFO][0m Cleaning up...
