# Attempt: 0 of 2
# Concurrency: 25
# Docker exit code: 0
# Timestamp: 2026-03-11T00:18:19Z
---
[0;32m[INFO][0m === Benchmark Mode ===
[0;32m[INFO][0m Site config:       60c1s5r5p.yml
[0;32m[INFO][0m Mode config:       rule_zookeeper.yml
[0;32m[INFO][0m Client config:     client_open.yml
[0;32m[INFO][0m Concurrent config: concurrent_25.yml
[0;32m[INFO][0m Latency:           20ms +/- 0ms
[0;32m[INFO][0m Duration:          30s
[0;32m[INFO][0m Starting 3-node ZooKeeper ensemble...
[0;32m[INFO][0m   Node myid=3: ip=127.0.0.1, port=2181, pid=26
[0;32m[INFO][0m   Node myid=2: ip=127.0.0.2, port=2182, pid=89
[0;32m[INFO][0m   Node myid=1: ip=127.0.0.3, port=2183, pid=157
[0;32m[INFO][0m Waiting for ZooKeeper ensemble to stabilize...
[0;32m[INFO][0m ZooKeeper ensemble ready (leader at 127.0.0.1)
[0;32m[INFO][0m Setting up latency: 20ms +/- 0ms
[0;32m[INFO][0m   127.0.0.2: 20ms +/- 0ms delay
[0;32m[INFO][0m   127.0.0.3: 20ms +/- 0ms delay
[0;32m[INFO][0m   127.0.0.4: 20ms +/- 0ms delay
[0;32m[INFO][0m   127.0.0.5: 20ms +/- 0ms delay
[0;32m[INFO][0m   ZK peer port 2888: 20ms delay (ZAB replication)
[0;32m[INFO][0m Latency simulation active on loopback
[0;32m[INFO][0m Starting process h1
[0;32m[INFO][0m Starting process h2
[0;32m[INFO][0m Starting process h3
[0;32m[INFO][0m Starting process h4
[0;32m[INFO][0m Starting process h5
[0;32m[INFO][0m Waiting for 5 processes to complete (timeout: 90s)...
[0;32m[INFO][0m --- Benchmark Results ---
[0;32m[INFO][0m   h1: I [../src/deptran/s_main.cc:893] 2026-03-11 00:18:17.420 | All-efficient-attempts           statistics   count     2942   0pct    40.21  50pct    40.47  90pct    41.32  99pct    45.79    ave    40.87
[0;32m[INFO][0m   h1: I [../src/deptran/s_main.cc:901] 2026-03-11 00:18:17.422 | All-efficient-attempts           distribution     40.21    40.29    40.33    40.37    40.42    40.47    40.54    40.64    40.80    41.32    52.63
[0;32m[INFO][0m   h1: I [../src/deptran/s_main.cc:904] 2026-03-11 00:18:17.423 | Mid throughput is 294.20
[0;32m[INFO][0m   h1: I [../src/deptran/s_main.cc:905] 2026-03-11 00:18:17.423 | Fastpath statistics attempted 2693 successed 2693 rate(pct) 100.00 efficient_successed 2693 efficient_rate(pct) 100.00
[0;32m[INFO][0m   h1: I [../src/deptran/s_main.cc:919] 2026-03-11 00:18:17.423 | Cpu-usage-leaders ave 0.0000 count 8128
[0;32m[INFO][0m   h1: I [../src/deptran/s_main.cc:931] 2026-03-11 00:18:17.423 | Queue-depth ave 66.4453 count 8128
[0;32m[INFO][0m   h2: I [../src/deptran/s_main.cc:893] 2026-03-11 00:18:17.901 | All-efficient-attempts           statistics   count     2952   0pct    40.27  50pct    40.78  90pct    42.52  99pct    85.89    ave    44.73
[0;32m[INFO][0m   h2: I [../src/deptran/s_main.cc:901] 2026-03-11 00:18:17.903 | All-efficient-attempts           distribution     40.27    40.44    40.52    40.60    40.68    40.78    40.90    41.05    41.32    42.52   162.40
[0;32m[INFO][0m   h2: I [../src/deptran/s_main.cc:904] 2026-03-11 00:18:17.904 | Mid throughput is 295.20
[0;32m[INFO][0m   h2: I [../src/deptran/s_main.cc:905] 2026-03-11 00:18:17.904 | Fastpath statistics attempted 2694 successed 2694 rate(pct) 100.00 efficient_successed 2694 efficient_rate(pct) 100.00
[0;32m[INFO][0m   h2: I [../src/deptran/s_main.cc:919] 2026-03-11 00:18:17.904 | Cpu-usage-leaders ave 0.0000 count 8176
[0;32m[INFO][0m   h2: I [../src/deptran/s_main.cc:931] 2026-03-11 00:18:17.904 | Queue-depth ave 65.7139 count 8176
[0;32m[INFO][0m   h3: I [../src/deptran/s_main.cc:893] 2026-03-11 00:18:17.899 | All-efficient-attempts           statistics   count     2930   0pct    40.28  50pct    40.78  90pct    42.26  99pct    86.14    ave    44.64
[0;32m[INFO][0m   h3: I [../src/deptran/s_main.cc:901] 2026-03-11 00:18:17.901 | All-efficient-attempts           distribution     40.28    40.44    40.53    40.61    40.69    40.78    40.90    41.06    41.29    42.26   127.69
[0;32m[INFO][0m   h3: I [../src/deptran/s_main.cc:904] 2026-03-11 00:18:17.902 | Mid throughput is 293.00
[0;32m[INFO][0m   h3: I [../src/deptran/s_main.cc:905] 2026-03-11 00:18:17.902 | Fastpath statistics attempted 2678 successed 2678 rate(pct) 100.00 efficient_successed 2678 efficient_rate(pct) 100.00
[0;32m[INFO][0m   h3: I [../src/deptran/s_main.cc:919] 2026-03-11 00:18:17.902 | Cpu-usage-leaders ave 0.0000 count 8172
[0;32m[INFO][0m   h3: I [../src/deptran/s_main.cc:931] 2026-03-11 00:18:17.902 | Queue-depth ave 65.9675 count 8172
[0;32m[INFO][0m   h4: I [../src/deptran/s_main.cc:893] 2026-03-11 00:18:17.899 | All-efficient-attempts           statistics   count     2948   0pct    40.26  50pct    40.78  90pct    41.91  99pct    85.69    ave    44.04
[0;32m[INFO][0m   h4: I [../src/deptran/s_main.cc:901] 2026-03-11 00:18:17.901 | All-efficient-attempts           distribution     40.26    40.45    40.53    40.61    40.69    40.78    40.88    41.04    41.27    41.91   142.85
[0;32m[INFO][0m   h4: I [../src/deptran/s_main.cc:904] 2026-03-11 00:18:17.902 | Mid throughput is 294.80
[0;32m[INFO][0m   h4: I [../src/deptran/s_main.cc:905] 2026-03-11 00:18:17.902 | Fastpath statistics attempted 2735 successed 2735 rate(pct) 100.00 efficient_successed 2735 efficient_rate(pct) 100.00
[0;32m[INFO][0m   h4: I [../src/deptran/s_main.cc:919] 2026-03-11 00:18:17.902 | Cpu-usage-leaders ave 0.0000 count 8238
[0;32m[INFO][0m   h4: I [../src/deptran/s_main.cc:931] 2026-03-11 00:18:17.902 | Queue-depth ave 65.8727 count 8238
[0;32m[INFO][0m   h5: I [../src/deptran/s_main.cc:893] 2026-03-11 00:18:18.903 | All-efficient-attempts           statistics   count     2922   0pct    40.26  50pct    40.78  90pct    41.92  99pct    86.02    ave    44.09
[0;32m[INFO][0m   h5: I [../src/deptran/s_main.cc:901] 2026-03-11 00:18:18.905 | All-efficient-attempts           distribution     40.26    40.45    40.54    40.61    40.68    40.78    40.89    41.05    41.29    41.92   137.55
[0;32m[INFO][0m   h5: I [../src/deptran/s_main.cc:904] 2026-03-11 00:18:18.906 | Mid throughput is 292.20
[0;32m[INFO][0m   h5: I [../src/deptran/s_main.cc:905] 2026-03-11 00:18:18.906 | Fastpath statistics attempted 2708 successed 2708 rate(pct) 100.00 efficient_successed 2708 efficient_rate(pct) 100.00
[0;32m[INFO][0m   h5: I [../src/deptran/s_main.cc:919] 2026-03-11 00:18:18.906 | Cpu-usage-leaders ave 0.0000 count 8258
[0;32m[INFO][0m   h5: I [../src/deptran/s_main.cc:931] 2026-03-11 00:18:18.906 | Queue-depth ave 63.9016 count 8258
[0;32m[INFO][0m === Benchmark PASSED ===
[0;32m[INFO][0m Cleaning up...
