# Attempt: 0 of 2
# Concurrency: 100
# Docker exit code: 0
# Timestamp: 2026-03-10T21:12:28Z
---
[0;32m[INFO][0m === Benchmark Mode ===
[0;32m[INFO][0m Site config:       60c1s5r5p.yml
[0;32m[INFO][0m Mode config:       rule_etcd.yml
[0;32m[INFO][0m Client config:     client_open.yml
[0;32m[INFO][0m Concurrent config: concurrent_100.yml
[0;32m[INFO][0m Latency:           20ms +/- 0ms
[0;32m[INFO][0m Duration:          30s
[0;32m[INFO][0m Starting 3-node etcd cluster...
[0;32m[INFO][0m   etcd0 (127.0.0.1:2379) PID=9
[0;32m[INFO][0m   etcd1 (127.0.0.2:2379) PID=16
[0;32m[INFO][0m   etcd2 (127.0.0.3:2379) PID=24
[0;32m[INFO][0m etcd cluster is ready (3/3 nodes healthy)
[0;32m[INFO][0m Verifying etcd read/write at http://127.0.0.1:2379 ...
[0;32m[INFO][0m etcd read/write verification passed
[0;32m[INFO][0m Setting up network latency: 20ms +/- 0ms on lo
[0;32m[INFO][0m   127.0.0.2: 20ms +/- 0ms delay
[0;32m[INFO][0m   127.0.0.3: 20ms +/- 0ms delay
[0;32m[INFO][0m   127.0.0.4: 20ms +/- 0ms delay
[0;32m[INFO][0m   127.0.0.5: 20ms +/- 0ms delay
[0;32m[INFO][0m Latency simulation active
[0;32m[INFO][0m Starting process h1
[0;32m[INFO][0m Starting process h2
[0;32m[INFO][0m Starting process h3
[0;32m[INFO][0m Starting process h4
[0;32m[INFO][0m Starting process h5
[0;32m[INFO][0m Waiting for 5 processes to complete (timeout: 90s)...
[0;32m[INFO][0m --- Benchmark Results ---
[0;32m[INFO][0m   h1: I [../src/deptran/s_main.cc:893] 2026-03-10 21:12:20.031 | All-efficient-attempts           statistics   count    11925   0pct    88.95  50pct   177.70  90pct   263.87  99pct   371.11    ave   188.65
[0;32m[INFO][0m   h1: I [../src/deptran/s_main.cc:901] 2026-03-10 21:12:20.039 | All-efficient-attempts           distribution     88.95   128.07   142.32   154.60   165.70   177.70   190.91   206.95   227.94   263.87   475.82
[0;32m[INFO][0m   h1: I [../src/deptran/s_main.cc:904] 2026-03-10 21:12:20.043 | Mid throughput is 1192.50
[0;32m[INFO][0m   h1: I [../src/deptran/s_main.cc:905] 2026-03-10 21:12:20.043 | Fastpath statistics attempted 0 successed 0 rate(pct) -nan efficient_successed 0 efficient_rate(pct) -nan
[0;32m[INFO][0m   h1: I [../src/deptran/s_main.cc:919] 2026-03-10 21:12:20.043 | Cpu-usage-leaders ave 0.0000 count 1320
[0;32m[INFO][0m   h1: I [../src/deptran/s_main.cc:931] 2026-03-10 21:12:20.043 | Queue-depth ave 375.7328 count 1320
[0;32m[INFO][0m   h2: I [../src/deptran/s_main.cc:893] 2026-03-10 21:12:19.706 | All-efficient-attempts           statistics   count    11890   0pct   121.98  50pct   218.83  90pct   304.19  99pct   426.21    ave   230.45
[0;32m[INFO][0m   h2: I [../src/deptran/s_main.cc:901] 2026-03-10 21:12:19.713 | All-efficient-attempts           distribution    121.98   169.13   183.65   195.63   207.08   218.83   231.94   248.71   269.17   304.19   507.83
[0;32m[INFO][0m   h2: I [../src/deptran/s_main.cc:904] 2026-03-10 21:12:19.718 | Mid throughput is 1189.00
[0;32m[INFO][0m   h2: I [../src/deptran/s_main.cc:905] 2026-03-10 21:12:19.718 | Fastpath statistics attempted 0 successed 0 rate(pct) -nan efficient_successed 0 efficient_rate(pct) -nan
[0;32m[INFO][0m   h2: I [../src/deptran/s_main.cc:919] 2026-03-10 21:12:19.718 | Cpu-usage-leaders ave 0.0000 count 1261
[0;32m[INFO][0m   h2: I [../src/deptran/s_main.cc:931] 2026-03-10 21:12:19.718 | Queue-depth ave 381.1453 count 1261
[0;32m[INFO][0m   h3: I [../src/deptran/s_main.cc:893] 2026-03-10 21:12:20.509 | All-efficient-attempts           statistics   count    11910   0pct   119.37  50pct   218.21  90pct   305.28  99pct   415.24    ave   229.51
[0;32m[INFO][0m   h3: I [../src/deptran/s_main.cc:901] 2026-03-10 21:12:20.516 | All-efficient-attempts           distribution    119.37   169.55   183.36   196.03   207.12   218.21   230.92   246.20   267.81   305.28   501.74
[0;32m[INFO][0m   h3: I [../src/deptran/s_main.cc:904] 2026-03-10 21:12:20.521 | Mid throughput is 1191.00
[0;32m[INFO][0m   h3: I [../src/deptran/s_main.cc:905] 2026-03-10 21:12:20.521 | Fastpath statistics attempted 0 successed 0 rate(pct) -nan efficient_successed 0 efficient_rate(pct) -nan
[0;32m[INFO][0m   h3: I [../src/deptran/s_main.cc:919] 2026-03-10 21:12:20.521 | Cpu-usage-leaders ave 0.0000 count 1261
[0;32m[INFO][0m   h3: I [../src/deptran/s_main.cc:931] 2026-03-10 21:12:20.521 | Queue-depth ave 373.6307 count 1261
[0;32m[INFO][0m   h4: I [../src/deptran/s_main.cc:893] 2026-03-10 21:12:19.507 | All-efficient-attempts           statistics   count    11875   0pct   117.14  50pct   219.28  90pct   305.50  99pct   416.35    ave   230.84
[0;32m[INFO][0m   h4: I [../src/deptran/s_main.cc:901] 2026-03-10 21:12:19.514 | All-efficient-attempts           distribution    117.14   169.35   183.71   196.12   207.69   219.28   232.67   248.87   270.55   305.50   520.83
[0;32m[INFO][0m   h4: I [../src/deptran/s_main.cc:904] 2026-03-10 21:12:19.519 | Mid throughput is 1187.50
[0;32m[INFO][0m   h4: I [../src/deptran/s_main.cc:905] 2026-03-10 21:12:19.519 | Fastpath statistics attempted 0 successed 0 rate(pct) -nan efficient_successed 0 efficient_rate(pct) -nan
[0;32m[INFO][0m   h4: I [../src/deptran/s_main.cc:919] 2026-03-10 21:12:19.519 | Cpu-usage-leaders ave 0.0000 count 1208
[0;32m[INFO][0m   h4: I [../src/deptran/s_main.cc:931] 2026-03-10 21:12:19.519 | Queue-depth ave 394.9522 count 1208
[0;32m[INFO][0m   h5: I [../src/deptran/s_main.cc:893] 2026-03-10 21:12:20.512 | All-efficient-attempts           statistics   count    11995   0pct   128.29  50pct   218.02  90pct   299.11  99pct   409.33    ave   228.31
[0;32m[INFO][0m   h5: I [../src/deptran/s_main.cc:901] 2026-03-10 21:12:20.519 | All-efficient-attempts           distribution    128.29   168.20   183.25   195.29   206.49   218.02   230.88   246.35   266.30   299.11   521.49
[0;32m[INFO][0m   h5: I [../src/deptran/s_main.cc:904] 2026-03-10 21:12:20.524 | Mid throughput is 1199.50
[0;32m[INFO][0m   h5: I [../src/deptran/s_main.cc:905] 2026-03-10 21:12:20.524 | Fastpath statistics attempted 0 successed 0 rate(pct) -nan efficient_successed 0 efficient_rate(pct) -nan
[0;32m[INFO][0m   h5: I [../src/deptran/s_main.cc:919] 2026-03-10 21:12:20.524 | Cpu-usage-leaders ave 0.0000 count 1246
[0;32m[INFO][0m   h5: I [../src/deptran/s_main.cc:931] 2026-03-10 21:12:20.524 | Queue-depth ave 373.5092 count 1246
[0;32m[INFO][0m === Benchmark PASSED ===
[0;32m[INFO][0m Cleaning up...
