# Attempt: 0 of 2
# Concurrency: 400
# Docker exit code: 0
# Timestamp: 2026-03-10T21:18:12Z
---
[0;32m[INFO][0m === Benchmark Mode ===
[0;32m[INFO][0m Site config:       60c1s5r5p.yml
[0;32m[INFO][0m Mode config:       rule_etcd.yml
[0;32m[INFO][0m Client config:     client_open.yml
[0;32m[INFO][0m Concurrent config: concurrent_400.yml
[0;32m[INFO][0m Latency:           20ms +/- 0ms
[0;32m[INFO][0m Duration:          30s
[0;32m[INFO][0m Starting 3-node etcd cluster...
[0;32m[INFO][0m   etcd0 (127.0.0.1:2379) PID=9
[0;32m[INFO][0m   etcd1 (127.0.0.2:2379) PID=13
[0;32m[INFO][0m   etcd2 (127.0.0.3:2379) PID=23
[0;32m[INFO][0m etcd cluster is ready (3/3 nodes healthy)
[0;32m[INFO][0m Verifying etcd read/write at http://127.0.0.1:2379 ...
[0;32m[INFO][0m etcd read/write verification passed
[0;32m[INFO][0m Setting up network latency: 20ms +/- 0ms on lo
[0;32m[INFO][0m   127.0.0.2: 20ms +/- 0ms delay
[0;32m[INFO][0m   127.0.0.3: 20ms +/- 0ms delay
[0;32m[INFO][0m   127.0.0.4: 20ms +/- 0ms delay
[0;32m[INFO][0m   127.0.0.5: 20ms +/- 0ms delay
[0;32m[INFO][0m Latency simulation active
[0;32m[INFO][0m Starting process h1
[0;32m[INFO][0m Starting process h2
[0;32m[INFO][0m Starting process h3
[0;32m[INFO][0m Starting process h4
[0;32m[INFO][0m Starting process h5
[0;32m[INFO][0m Waiting for 5 processes to complete (timeout: 90s)...
[0;32m[INFO][0m --- Benchmark Results ---
[0;32m[INFO][0m   h1: I [../src/deptran/s_main.cc:893] 2026-03-10 21:18:03.951 | All-efficient-attempts           statistics   count    11996   0pct   803.07  50pct  1969.42  90pct  2062.32  99pct  2114.66    ave  1943.73
[0;32m[INFO][0m   h1: I [../src/deptran/s_main.cc:901] 2026-03-10 21:18:03.958 | All-efficient-attempts           distribution    803.07  1891.20  1925.06  1937.74  1959.26  1969.42  1985.46  2002.43  2023.11  2062.32  2141.25
[0;32m[INFO][0m   h1: I [../src/deptran/s_main.cc:904] 2026-03-10 21:18:03.964 | Mid throughput is 1199.60
[0;32m[INFO][0m   h1: I [../src/deptran/s_main.cc:905] 2026-03-10 21:18:03.964 | Fastpath statistics attempted 0 successed 0 rate(pct) -nan efficient_successed 0 efficient_rate(pct) -nan
[0;32m[INFO][0m   h1: I [../src/deptran/s_main.cc:919] 2026-03-10 21:18:03.964 | Cpu-usage-leaders ave 0.0000 count 2421
[0;32m[INFO][0m   h1: I [../src/deptran/s_main.cc:931] 2026-03-10 21:18:03.964 | Queue-depth ave 592.2091 count 2421
[0;32m[INFO][0m   h2: I [../src/deptran/s_main.cc:893] 2026-03-10 21:18:04.764 | All-efficient-attempts           statistics   count    12000   0pct   839.22  50pct  2001.03  90pct  2100.29  99pct  2189.91    ave  2011.12
[0;32m[INFO][0m   h2: I [../src/deptran/s_main.cc:901] 2026-03-10 21:18:04.771 | All-efficient-attempts           distribution    839.22  1941.28  1981.22  1987.93  1992.99  2001.03  2015.80  2033.13  2060.58  2100.29  2191.11
[0;32m[INFO][0m   h2: I [../src/deptran/s_main.cc:904] 2026-03-10 21:18:04.777 | Mid throughput is 1200.00
[0;32m[INFO][0m   h2: I [../src/deptran/s_main.cc:905] 2026-03-10 21:18:04.777 | Fastpath statistics attempted 0 successed 0 rate(pct) -nan efficient_successed 0 efficient_rate(pct) -nan
[0;32m[INFO][0m   h2: I [../src/deptran/s_main.cc:919] 2026-03-10 21:18:04.777 | Cpu-usage-leaders ave 0.0000 count 2485
[0;32m[INFO][0m   h2: I [../src/deptran/s_main.cc:931] 2026-03-10 21:18:04.777 | Queue-depth ave 467.2252 count 2485
[0;32m[INFO][0m   h3: I [../src/deptran/s_main.cc:893] 2026-03-10 21:18:04.554 | All-efficient-attempts           statistics   count    12000   0pct  1921.98  50pct  2006.79  90pct  2090.75  99pct  2382.85    ave  2026.87
[0;32m[INFO][0m   h3: I [../src/deptran/s_main.cc:901] 2026-03-10 21:18:04.562 | All-efficient-attempts           distribution   1921.98  1967.80  1982.12  1989.19  1998.99  2006.79  2018.32  2038.00  2058.07  2090.75  2385.06
[0;32m[INFO][0m   h3: I [../src/deptran/s_main.cc:904] 2026-03-10 21:18:04.568 | Mid throughput is 1200.00
[0;32m[INFO][0m   h3: I [../src/deptran/s_main.cc:905] 2026-03-10 21:18:04.568 | Fastpath statistics attempted 0 successed 0 rate(pct) -nan efficient_successed 0 efficient_rate(pct) -nan
[0;32m[INFO][0m   h3: I [../src/deptran/s_main.cc:919] 2026-03-10 21:18:04.568 | Cpu-usage-leaders ave 0.0000 count 2497
[0;32m[INFO][0m   h3: I [../src/deptran/s_main.cc:931] 2026-03-10 21:18:04.568 | Queue-depth ave 489.0879 count 2490
[0;32m[INFO][0m   h4: I [../src/deptran/s_main.cc:893] 2026-03-10 21:18:04.755 | All-efficient-attempts           statistics   count    12000   0pct  1914.45  50pct  2001.33  90pct  2090.89  99pct  2431.24    ave  2020.58
[0;32m[INFO][0m   h4: I [../src/deptran/s_main.cc:901] 2026-03-10 21:18:04.763 | All-efficient-attempts           distribution   1914.45  1955.12  1972.96  1987.63  1994.26  2001.33  2017.68  2026.72  2051.06  2090.89  2434.72
[0;32m[INFO][0m   h4: I [../src/deptran/s_main.cc:904] 2026-03-10 21:18:04.768 | Mid throughput is 1200.00
[0;32m[INFO][0m   h4: I [../src/deptran/s_main.cc:905] 2026-03-10 21:18:04.768 | Fastpath statistics attempted 0 successed 0 rate(pct) -nan efficient_successed 0 efficient_rate(pct) -nan
[0;32m[INFO][0m   h4: I [../src/deptran/s_main.cc:919] 2026-03-10 21:18:04.768 | Cpu-usage-leaders ave 0.0000 count 2400
[0;32m[INFO][0m   h4: I [../src/deptran/s_main.cc:931] 2026-03-10 21:18:04.769 | Queue-depth ave 570.9811 count 2400
[0;32m[INFO][0m   h5: I [../src/deptran/s_main.cc:893] 2026-03-10 21:18:04.559 | All-efficient-attempts           statistics   count    11843   0pct  1920.48  50pct  2000.34  90pct  2118.36  99pct  2364.22    ave  2031.45
[0;32m[INFO][0m   h5: I [../src/deptran/s_main.cc:901] 2026-03-10 21:18:04.566 | All-efficient-attempts           distribution   1920.48  1936.47  1970.84  1982.98  1992.52  2000.34  2023.99  2049.85  2076.40  2118.36  2365.64
[0;32m[INFO][0m   h5: I [../src/deptran/s_main.cc:904] 2026-03-10 21:18:04.573 | Mid throughput is 1184.30
[0;32m[INFO][0m   h5: I [../src/deptran/s_main.cc:905] 2026-03-10 21:18:04.573 | Fastpath statistics attempted 0 successed 0 rate(pct) -nan efficient_successed 0 efficient_rate(pct) -nan
[0;32m[INFO][0m   h5: I [../src/deptran/s_main.cc:919] 2026-03-10 21:18:04.573 | Cpu-usage-leaders ave 0.0000 count 2400
[0;32m[INFO][0m   h5: I [../src/deptran/s_main.cc:931] 2026-03-10 21:18:04.573 | Queue-depth ave 648.5405 count 2400
[0;32m[INFO][0m === Benchmark PASSED ===
[0;32m[INFO][0m Cleaning up...
