# Attempt: 0 of 2
# Concurrency: 10
# Docker exit code: 0
# Timestamp: 2026-03-10T21:06:48Z
---
[0;32m[INFO][0m === Benchmark Mode ===
[0;32m[INFO][0m Site config:       60c1s5r5p.yml
[0;32m[INFO][0m Mode config:       rule_etcd.yml
[0;32m[INFO][0m Client config:     client_open.yml
[0;32m[INFO][0m Concurrent config: concurrent_10.yml
[0;32m[INFO][0m Latency:           20ms +/- 0ms
[0;32m[INFO][0m Duration:          30s
[0;32m[INFO][0m Starting 3-node etcd cluster...
[0;32m[INFO][0m   etcd0 (127.0.0.1:2379) PID=9
[0;32m[INFO][0m   etcd1 (127.0.0.2:2379) PID=16
[0;32m[INFO][0m   etcd2 (127.0.0.3:2379) PID=23
[0;32m[INFO][0m etcd cluster is ready (3/3 nodes healthy)
[0;32m[INFO][0m Verifying etcd read/write at http://127.0.0.1:2379 ...
[0;32m[INFO][0m etcd read/write verification passed
[0;32m[INFO][0m Setting up network latency: 20ms +/- 0ms on lo
[0;32m[INFO][0m   127.0.0.2: 20ms +/- 0ms delay
[0;32m[INFO][0m   127.0.0.3: 20ms +/- 0ms delay
[0;32m[INFO][0m   127.0.0.4: 20ms +/- 0ms delay
[0;32m[INFO][0m   127.0.0.5: 20ms +/- 0ms delay
[0;32m[INFO][0m Latency simulation active
[0;32m[INFO][0m Starting process h1
[0;32m[INFO][0m Starting process h2
[0;32m[INFO][0m Starting process h3
[0;32m[INFO][0m Starting process h4
[0;32m[INFO][0m Starting process h5
[0;32m[INFO][0m Waiting for 5 processes to complete (timeout: 90s)...
[0;32m[INFO][0m --- Benchmark Results ---
[0;32m[INFO][0m   h1: I [../src/deptran/s_main.cc:893] 2026-03-10 21:06:39.310 | All-efficient-attempts           statistics   count     1122   0pct    21.67  50pct    24.57  90pct    28.88  99pct    40.32    ave    25.51
[0;32m[INFO][0m   h1: I [../src/deptran/s_main.cc:901] 2026-03-10 21:06:39.311 | All-efficient-attempts           distribution     21.67    22.56    23.14    23.60    24.07    24.57    25.17    25.98    27.11    28.88    40.80
[0;32m[INFO][0m   h1: I [../src/deptran/s_main.cc:904] 2026-03-10 21:06:39.311 | Mid throughput is 112.20
[0;32m[INFO][0m   h1: I [../src/deptran/s_main.cc:905] 2026-03-10 21:06:39.311 | Fastpath statistics attempted 1122 successed 1122 rate(pct) 100.00 efficient_successed 19 efficient_rate(pct) 1.69
[0;32m[INFO][0m   h1: I [../src/deptran/s_main.cc:919] 2026-03-10 21:06:39.311 | Cpu-usage-leaders ave 0.0000 count 3470
[0;32m[INFO][0m   h1: I [../src/deptran/s_main.cc:931] 2026-03-10 21:06:39.311 | Queue-depth ave 14.6845 count 3470
[0;32m[INFO][0m   h2: I [../src/deptran/s_main.cc:893] 2026-03-10 21:06:40.787 | All-efficient-attempts           statistics   count     1134   0pct    40.30  50pct    40.55  90pct    40.91  99pct    41.48    ave    40.62
[0;32m[INFO][0m   h2: I [../src/deptran/s_main.cc:901] 2026-03-10 21:06:40.788 | All-efficient-attempts           distribution     40.30    40.39    40.43    40.47    40.51    40.55    40.61    40.68    40.77    40.91    43.53
[0;32m[INFO][0m   h2: I [../src/deptran/s_main.cc:904] 2026-03-10 21:06:40.788 | Mid throughput is 113.40
[0;32m[INFO][0m   h2: I [../src/deptran/s_main.cc:905] 2026-03-10 21:06:40.788 | Fastpath statistics attempted 1134 successed 1134 rate(pct) 100.00 efficient_successed 1134 efficient_rate(pct) 100.00
[0;32m[INFO][0m   h2: I [../src/deptran/s_main.cc:919] 2026-03-10 21:06:40.789 | Cpu-usage-leaders ave 0.0000 count 3480
[0;32m[INFO][0m   h2: I [../src/deptran/s_main.cc:931] 2026-03-10 21:06:40.789 | Queue-depth ave 14.7464 count 3480
[0;32m[INFO][0m   h3: I [../src/deptran/s_main.cc:893] 2026-03-10 21:06:40.787 | All-efficient-attempts           statistics   count     1159   0pct    40.30  50pct    40.55  90pct    40.88  99pct    41.42    ave    40.62
[0;32m[INFO][0m   h3: I [../src/deptran/s_main.cc:901] 2026-03-10 21:06:40.788 | All-efficient-attempts           distribution     40.30    40.40    40.44    40.47    40.51    40.55    40.59    40.64    40.73    40.88    54.86
[0;32m[INFO][0m   h3: I [../src/deptran/s_main.cc:904] 2026-03-10 21:06:40.789 | Mid throughput is 115.90
[0;32m[INFO][0m   h3: I [../src/deptran/s_main.cc:905] 2026-03-10 21:06:40.789 | Fastpath statistics attempted 1159 successed 1159 rate(pct) 100.00 efficient_successed 1159 efficient_rate(pct) 100.00
[0;32m[INFO][0m   h3: I [../src/deptran/s_main.cc:919] 2026-03-10 21:06:40.789 | Cpu-usage-leaders ave 0.0000 count 3504
[0;32m[INFO][0m   h3: I [../src/deptran/s_main.cc:931] 2026-03-10 21:06:40.789 | Queue-depth ave 14.8375 count 3504
[0;32m[INFO][0m   h4: I [../src/deptran/s_main.cc:893] 2026-03-10 21:06:40.789 | All-efficient-attempts           statistics   count     1150   0pct    40.29  50pct    40.55  90pct    40.91  99pct    41.59    ave    40.64
[0;32m[INFO][0m   h4: I [../src/deptran/s_main.cc:901] 2026-03-10 21:06:40.790 | All-efficient-attempts           distribution     40.29    40.40    40.44    40.47    40.51    40.55    40.60    40.66    40.74    40.91    54.48
[0;32m[INFO][0m   h4: I [../src/deptran/s_main.cc:904] 2026-03-10 21:06:40.790 | Mid throughput is 115.00
[0;32m[INFO][0m   h4: I [../src/deptran/s_main.cc:905] 2026-03-10 21:06:40.790 | Fastpath statistics attempted 1150 successed 1150 rate(pct) 100.00 efficient_successed 1150 efficient_rate(pct) 100.00
[0;32m[INFO][0m   h4: I [../src/deptran/s_main.cc:919] 2026-03-10 21:06:40.790 | Cpu-usage-leaders ave 0.0000 count 3490
[0;32m[INFO][0m   h4: I [../src/deptran/s_main.cc:931] 2026-03-10 21:06:40.790 | Queue-depth ave 14.8696 count 3490
[0;32m[INFO][0m   h5: I [../src/deptran/s_main.cc:893] 2026-03-10 21:06:40.786 | All-efficient-attempts           statistics   count     1137   0pct    40.28  50pct    40.54  90pct    40.95  99pct    41.77    ave    40.64
[0;32m[INFO][0m   h5: I [../src/deptran/s_main.cc:901] 2026-03-10 21:06:40.786 | All-efficient-attempts           distribution     40.28    40.40    40.44    40.47    40.50    40.54    40.60    40.67    40.78    40.95    46.26
[0;32m[INFO][0m   h5: I [../src/deptran/s_main.cc:904] 2026-03-10 21:06:40.787 | Mid throughput is 113.70
[0;32m[INFO][0m   h5: I [../src/deptran/s_main.cc:905] 2026-03-10 21:06:40.787 | Fastpath statistics attempted 1137 successed 1137 rate(pct) 100.00 efficient_successed 1137 efficient_rate(pct) 100.00
[0;32m[INFO][0m   h5: I [../src/deptran/s_main.cc:919] 2026-03-10 21:06:40.787 | Cpu-usage-leaders ave 0.0000 count 3467
[0;32m[INFO][0m   h5: I [../src/deptran/s_main.cc:931] 2026-03-10 21:06:40.787 | Queue-depth ave 14.7698 count 3467
[0;32m[INFO][0m === Benchmark PASSED ===
[0;32m[INFO][0m Cleaning up...
