# Attempt: 0 of 2
# Concurrency: 50
# Docker exit code: 0
# Timestamp: 2026-03-10T22:37:16Z
---
[0;32m[INFO][0m === Benchmark Mode ===
[0;32m[INFO][0m Site config:       60c1s5r5p.yml
[0;32m[INFO][0m Mode config:       rule_mongodb.yml
[0;32m[INFO][0m Client config:     client_open.yml
[0;32m[INFO][0m Concurrent config: concurrent_50.yml
[0;32m[INFO][0m Latency:           20ms +/- 0ms
[0;32m[INFO][0m Duration:          30s
[0;32m[INFO][0m Starting 3-member MongoDB replica set...
about to fork child process, waiting until server is ready for connections.
forked process: 11
child process started successfully, parent exiting
[0;32m[INFO][0m   mongod0 (127.0.0.1:27017) PID=11
about to fork child process, waiting until server is ready for connections.
forked process: 74
child process started successfully, parent exiting
[0;32m[INFO][0m   mongod1 (127.0.0.2:27017) PID=74
about to fork child process, waiting until server is ready for connections.
forked process: 137
child process started successfully, parent exiting
[0;32m[INFO][0m   mongod2 (127.0.0.3:27017) PID=137
[0;32m[INFO][0m Initiating replica set 'jetpack-rs'...
[0;32m[INFO][0m Replica set is ready (primary=127.0.0.1)
[0;32m[INFO][0m Verifying MongoDB read/write at mongodb://127.0.0.1:27017,127.0.0.2:27017,127.0.0.3:27017/?replicaSet=jetpack-rs ...
[0;32m[INFO][0m MongoDB read/write verification passed
[0;32m[INFO][0m Setting up network latency: 20ms +/- 0ms on lo
[0;32m[INFO][0m   127.0.0.2: 20ms +/- 0ms delay
[0;32m[INFO][0m   127.0.0.3: 20ms +/- 0ms delay
[0;32m[INFO][0m   127.0.0.4: 20ms +/- 0ms delay
[0;32m[INFO][0m   127.0.0.5: 20ms +/- 0ms delay
[0;32m[INFO][0m Latency simulation active
[0;32m[INFO][0m Starting process h1
[0;32m[INFO][0m Starting process h2
[0;32m[INFO][0m Starting process h3
[0;32m[INFO][0m Starting process h4
[0;32m[INFO][0m Starting process h5
[0;32m[INFO][0m Waiting for 5 processes to complete (timeout: 90s)...
[0;32m[INFO][0m --- Benchmark Results ---
[0;32m[INFO][0m   h1: I [../src/deptran/s_main.cc:893] 2026-03-10 22:35:32.300 | All-efficient-attempts           statistics   count     5023   0pct    68.36  50pct  2984.03  90pct  4810.49  99pct  6026.37    ave  3047.87
[0;32m[INFO][0m   h1: I [../src/deptran/s_main.cc:901] 2026-03-10 22:35:32.304 | All-efficient-attempts           distribution     68.36  1251.48  1791.95  2242.99  2580.41  2984.03  3373.19  3885.62  4301.44  4810.49  6503.93
[0;32m[INFO][0m   h1: I [../src/deptran/s_main.cc:904] 2026-03-10 22:35:32.306 | Mid throughput is 502.30
[0;32m[INFO][0m   h1: I [../src/deptran/s_main.cc:905] 2026-03-10 22:35:32.306 | Fastpath statistics attempted 5023 successed 561 rate(pct) 11.17 efficient_successed 148 efficient_rate(pct) 2.95
[0;32m[INFO][0m   h1: I [../src/deptran/s_main.cc:919] 2026-03-10 22:35:32.306 | Cpu-usage-leaders ave 0.0000 count 16595
[0;32m[INFO][0m   h1: I [../src/deptran/s_main.cc:931] 2026-03-10 22:35:32.306 | Queue-depth ave 1.0000 count 3871
[0;32m[INFO][0m   h2: I [../src/deptran/s_main.cc:893] 2026-03-10 22:35:28.078 | All-efficient-attempts           statistics   count     5034   0pct   101.11  50pct  2575.94  90pct  4748.79  99pct  6021.99    ave  2712.12
[0;32m[INFO][0m   h2: I [../src/deptran/s_main.cc:901] 2026-03-10 22:35:28.082 | All-efficient-attempts           distribution    101.11   824.48  1342.17  1746.42  2136.43  2575.94  3004.98  3502.12  4113.32  4748.79  6860.22
[0;32m[INFO][0m   h2: I [../src/deptran/s_main.cc:904] 2026-03-10 22:35:28.084 | Mid throughput is 503.40
[0;32m[INFO][0m   h2: I [../src/deptran/s_main.cc:905] 2026-03-10 22:35:28.084 | Fastpath statistics attempted 5034 successed 510 rate(pct) 10.13 efficient_successed 240 efficient_rate(pct) 4.77
[0;32m[INFO][0m   h2: I [../src/deptran/s_main.cc:919] 2026-03-10 22:35:28.084 | Cpu-usage-leaders ave 0.0000 count 16493
[0;32m[INFO][0m   h2: I [../src/deptran/s_main.cc:931] 2026-03-10 22:35:28.084 | Queue-depth ave 1.0000 count 4305
[0;32m[INFO][0m   h3: I [../src/deptran/s_main.cc:893] 2026-03-10 22:35:31.866 | All-efficient-attempts           statistics   count     5362   0pct    90.74  50pct  2953.61  90pct  5024.31  99pct  6349.24    ave  2966.77
[0;32m[INFO][0m   h3: I [../src/deptran/s_main.cc:901] 2026-03-10 22:35:31.870 | All-efficient-attempts           distribution     90.74   935.59  1426.10  1962.68  2469.95  2953.61  3412.14  3838.54  4379.73  5024.31  7390.37
[0;32m[INFO][0m   h3: I [../src/deptran/s_main.cc:904] 2026-03-10 22:35:31.873 | Mid throughput is 536.20
[0;32m[INFO][0m   h3: I [../src/deptran/s_main.cc:905] 2026-03-10 22:35:31.873 | Fastpath statistics attempted 5362 successed 452 rate(pct) 8.43 efficient_successed 121 efficient_rate(pct) 2.26
[0;32m[INFO][0m   h3: I [../src/deptran/s_main.cc:919] 2026-03-10 22:35:31.873 | Cpu-usage-leaders ave 0.0000 count 16554
[0;32m[INFO][0m   h3: I [../src/deptran/s_main.cc:931] 2026-03-10 22:35:31.873 | Queue-depth ave 1.0000 count 3961
[0;32m[INFO][0m   h4: I [../src/deptran/s_main.cc:893] 2026-03-10 22:35:31.860 | All-efficient-attempts           statistics   count     5280   0pct    90.02  50pct  2585.18  90pct  5050.40  99pct  6468.46    ave  2703.74
[0;32m[INFO][0m   h4: I [../src/deptran/s_main.cc:901] 2026-03-10 22:35:31.864 | All-efficient-attempts           distribution     90.02   720.88  1206.43  1584.51  2126.77  2585.18  3033.06  3448.07  4075.41  5050.40  7086.58
[0;32m[INFO][0m   h4: I [../src/deptran/s_main.cc:904] 2026-03-10 22:35:31.866 | Mid throughput is 528.00
[0;32m[INFO][0m   h4: I [../src/deptran/s_main.cc:905] 2026-03-10 22:35:31.866 | Fastpath statistics attempted 5280 successed 392 rate(pct) 7.42 efficient_successed 224 efficient_rate(pct) 4.24
[0;32m[INFO][0m   h4: I [../src/deptran/s_main.cc:919] 2026-03-10 22:35:31.866 | Cpu-usage-leaders ave 0.0000 count 16802
[0;32m[INFO][0m   h4: I [../src/deptran/s_main.cc:931] 2026-03-10 22:35:31.866 | Queue-depth ave 1.0000 count 4152
[0;32m[INFO][0m   h5: I [../src/deptran/s_main.cc:893] 2026-03-10 22:35:29.069 | All-efficient-attempts           statistics   count     5324   0pct    79.78  50pct  2587.35  90pct  4585.75  99pct  6403.40    ave  2691.82
[0;32m[INFO][0m   h5: I [../src/deptran/s_main.cc:901] 2026-03-10 22:35:29.073 | All-efficient-attempts           distribution     79.78   873.85  1338.66  1772.22  2128.33  2587.35  3036.03  3449.32  3983.55  4585.75  7412.18
[0;32m[INFO][0m   h5: I [../src/deptran/s_main.cc:904] 2026-03-10 22:35:29.075 | Mid throughput is 532.40
[0;32m[INFO][0m   h5: I [../src/deptran/s_main.cc:905] 2026-03-10 22:35:29.075 | Fastpath statistics attempted 5324 successed 183 rate(pct) 3.44 efficient_successed 101 efficient_rate(pct) 1.90
[0;32m[INFO][0m   h5: I [../src/deptran/s_main.cc:919] 2026-03-10 22:35:29.075 | Cpu-usage-leaders ave 0.0000 count 16828
[0;32m[INFO][0m   h5: I [../src/deptran/s_main.cc:931] 2026-03-10 22:35:29.075 | Queue-depth ave 1.0000 count 3643
[0;32m[INFO][0m === Benchmark PASSED ===
[0;32m[INFO][0m Cleaning up...
