# Attempt: 0 of 2
# Concurrency: 400
# Docker exit code: 0
# Timestamp: 2026-03-10T22:57:16Z
---
[0;32m[INFO][0m === Benchmark Mode ===
[0;32m[INFO][0m Site config:       60c1s5r5p.yml
[0;32m[INFO][0m Mode config:       rule_mongodb.yml
[0;32m[INFO][0m Client config:     client_open.yml
[0;32m[INFO][0m Concurrent config: concurrent_400.yml
[0;32m[INFO][0m Latency:           20ms +/- 0ms
[0;32m[INFO][0m Duration:          30s
[0;32m[INFO][0m Starting 3-member MongoDB replica set...
about to fork child process, waiting until server is ready for connections.
forked process: 11
child process started successfully, parent exiting
[0;32m[INFO][0m   mongod0 (127.0.0.1:27017) PID=11
about to fork child process, waiting until server is ready for connections.
forked process: 74
child process started successfully, parent exiting
[0;32m[INFO][0m   mongod1 (127.0.0.2:27017) PID=74
about to fork child process, waiting until server is ready for connections.
forked process: 137
child process started successfully, parent exiting
[0;32m[INFO][0m   mongod2 (127.0.0.3:27017) PID=137
[0;32m[INFO][0m Initiating replica set 'jetpack-rs'...
[0;32m[INFO][0m Replica set is ready (primary=127.0.0.1)
[0;32m[INFO][0m Verifying MongoDB read/write at mongodb://127.0.0.1:27017,127.0.0.2:27017,127.0.0.3:27017/?replicaSet=jetpack-rs ...
[0;32m[INFO][0m MongoDB read/write verification passed
[0;32m[INFO][0m Setting up network latency: 20ms +/- 0ms on lo
[0;32m[INFO][0m   127.0.0.2: 20ms +/- 0ms delay
[0;32m[INFO][0m   127.0.0.3: 20ms +/- 0ms delay
[0;32m[INFO][0m   127.0.0.4: 20ms +/- 0ms delay
[0;32m[INFO][0m   127.0.0.5: 20ms +/- 0ms delay
[0;32m[INFO][0m Latency simulation active
[0;32m[INFO][0m Starting process h1
[0;32m[INFO][0m Starting process h2
[0;32m[INFO][0m Starting process h3
[0;32m[INFO][0m Starting process h4
[0;32m[INFO][0m Starting process h5
[0;32m[INFO][0m Waiting for 5 processes to complete (timeout: 90s)...
[0;32m[INFO][0m --- Benchmark Results ---
[0;32m[INFO][0m   h1: I [../src/deptran/s_main.cc:893] 2026-03-10 22:55:32.154 | All-efficient-attempts           statistics   count     5200   0pct  3150.85  50pct  4232.04  90pct  4400.72  99pct  4469.20    ave  4139.35
[0;32m[INFO][0m   h1: I [../src/deptran/s_main.cc:901] 2026-03-10 22:55:32.159 | All-efficient-attempts           distribution   3150.85  3710.73  3986.39  4183.29  4218.57  4232.04  4248.84  4316.05  4322.72  4400.72  4471.97
[0;32m[INFO][0m   h1: I [../src/deptran/s_main.cc:904] 2026-03-10 22:55:32.162 | Mid throughput is 520.00
[0;32m[INFO][0m   h1: I [../src/deptran/s_main.cc:905] 2026-03-10 22:55:32.162 | Fastpath statistics attempted 5200 successed 0 rate(pct) 0.00 efficient_successed 0 efficient_rate(pct) 0.00
[0;32m[INFO][0m   h1: I [../src/deptran/s_main.cc:919] 2026-03-10 22:55:32.162 | Cpu-usage-leaders ave 0.0000 count 23459
[0;32m[INFO][0m   h1: I [../src/deptran/s_main.cc:931] 2026-03-10 22:55:32.162 | Queue-depth ave 1.0000 count 3520
[0;32m[INFO][0m   h2: I [../src/deptran/s_main.cc:893] 2026-03-10 22:55:32.526 | All-efficient-attempts           statistics   count     5400   0pct  3621.60  50pct  4325.42  90pct  4482.56  99pct  4545.03    ave  4343.77
[0;32m[INFO][0m   h2: I [../src/deptran/s_main.cc:901] 2026-03-10 22:55:32.530 | All-efficient-attempts           distribution   3621.60  4267.19  4274.72  4300.29  4317.20  4325.42  4386.68  4398.00  4467.45  4482.56  4547.12
[0;32m[INFO][0m   h2: I [../src/deptran/s_main.cc:904] 2026-03-10 22:55:32.533 | Mid throughput is 540.00
[0;32m[INFO][0m   h2: I [../src/deptran/s_main.cc:905] 2026-03-10 22:55:32.533 | Fastpath statistics attempted 5400 successed 0 rate(pct) 0.00 efficient_successed 0 efficient_rate(pct) 0.00
[0;32m[INFO][0m   h2: I [../src/deptran/s_main.cc:919] 2026-03-10 22:55:32.533 | Cpu-usage-leaders ave 0.0000 count 22293
[0;32m[INFO][0m   h2: I [../src/deptran/s_main.cc:931] 2026-03-10 22:55:32.533 | Queue-depth ave 1.0000 count 3109
[0;32m[INFO][0m   h3: I [../src/deptran/s_main.cc:893] 2026-03-10 22:55:32.531 | All-efficient-attempts           statistics   count     5800   0pct  3705.93  50pct  4348.74  90pct  4475.42  99pct  4546.47    ave  4345.68
[0;32m[INFO][0m   h3: I [../src/deptran/s_main.cc:901] 2026-03-10 22:55:32.536 | All-efficient-attempts           distribution   3705.93  4223.23  4270.66  4318.71  4322.71  4348.74  4387.32  4464.61  4471.19  4475.42  4548.54
[0;32m[INFO][0m   h3: I [../src/deptran/s_main.cc:904] 2026-03-10 22:55:32.539 | Mid throughput is 580.00
[0;32m[INFO][0m   h3: I [../src/deptran/s_main.cc:905] 2026-03-10 22:55:32.539 | Fastpath statistics attempted 5800 successed 0 rate(pct) 0.00 efficient_successed 0 efficient_rate(pct) 0.00
[0;32m[INFO][0m   h3: I [../src/deptran/s_main.cc:919] 2026-03-10 22:55:32.539 | Cpu-usage-leaders ave 0.0000 count 22583
[0;32m[INFO][0m   h3: I [../src/deptran/s_main.cc:931] 2026-03-10 22:55:32.539 | Queue-depth ave 1.0000 count 3217
[0;32m[INFO][0m   h4: I [../src/deptran/s_main.cc:893] 2026-03-10 22:55:32.529 | All-efficient-attempts           statistics   count     5600   0pct  3661.50  50pct  4393.77  90pct  4509.35  99pct  4547.21    ave  4360.84
[0;32m[INFO][0m   h4: I [../src/deptran/s_main.cc:901] 2026-03-10 22:55:32.534 | All-efficient-attempts           distribution   3661.50  4265.77  4298.76  4307.31  4323.54  4393.77  4398.89  4470.26  4474.80  4509.35  4548.45
[0;32m[INFO][0m   h4: I [../src/deptran/s_main.cc:904] 2026-03-10 22:55:32.537 | Mid throughput is 560.00
[0;32m[INFO][0m   h4: I [../src/deptran/s_main.cc:905] 2026-03-10 22:55:32.537 | Fastpath statistics attempted 5600 successed 0 rate(pct) 0.00 efficient_successed 0 efficient_rate(pct) 0.00
[0;32m[INFO][0m   h4: I [../src/deptran/s_main.cc:919] 2026-03-10 22:55:32.537 | Cpu-usage-leaders ave 0.0000 count 22584
[0;32m[INFO][0m   h4: I [../src/deptran/s_main.cc:931] 2026-03-10 22:55:32.537 | Queue-depth ave 1.0000 count 3597
[0;32m[INFO][0m   h5: I [../src/deptran/s_main.cc:893] 2026-03-10 22:55:32.517 | All-efficient-attempts           statistics   count     5200   0pct  4077.44  50pct  4392.93  90pct  4476.18  99pct  4547.26    ave  4367.36
[0;32m[INFO][0m   h5: I [../src/deptran/s_main.cc:901] 2026-03-10 22:55:32.521 | All-efficient-attempts           distribution   4077.44  4261.43  4298.86  4304.17  4319.84  4392.93  4400.67  4466.32  4470.74  4476.18  4548.45
[0;32m[INFO][0m   h5: I [../src/deptran/s_main.cc:904] 2026-03-10 22:55:32.524 | Mid throughput is 520.00
[0;32m[INFO][0m   h5: I [../src/deptran/s_main.cc:905] 2026-03-10 22:55:32.524 | Fastpath statistics attempted 5200 successed 0 rate(pct) 0.00 efficient_successed 0 efficient_rate(pct) 0.00
[0;32m[INFO][0m   h5: I [../src/deptran/s_main.cc:919] 2026-03-10 22:55:32.524 | Cpu-usage-leaders ave 0.0000 count 22393
[0;32m[INFO][0m   h5: I [../src/deptran/s_main.cc:931] 2026-03-10 22:55:32.524 | Queue-depth ave 1.0000 count 3316
[0;32m[INFO][0m === Benchmark PASSED ===
[0;32m[INFO][0m Cleaning up...
