# Attempt: 0 of 2
# Concurrency: 1
# Docker exit code: 0
# Timestamp: 2026-03-10T22:22:11Z
---
[0;32m[INFO][0m === Benchmark Mode ===
[0;32m[INFO][0m Site config:       60c1s5r5p.yml
[0;32m[INFO][0m Mode config:       rule_mongodb.yml
[0;32m[INFO][0m Client config:     client_open.yml
[0;32m[INFO][0m Concurrent config: concurrent_1.yml
[0;32m[INFO][0m Latency:           20ms +/- 0ms
[0;32m[INFO][0m Duration:          30s
[0;32m[INFO][0m Starting 3-member MongoDB replica set...
about to fork child process, waiting until server is ready for connections.
forked process: 11
child process started successfully, parent exiting
[0;32m[INFO][0m   mongod0 (127.0.0.1:27017) PID=11
about to fork child process, waiting until server is ready for connections.
forked process: 74
child process started successfully, parent exiting
[0;32m[INFO][0m   mongod1 (127.0.0.2:27017) PID=74
about to fork child process, waiting until server is ready for connections.
forked process: 137
child process started successfully, parent exiting
[0;32m[INFO][0m   mongod2 (127.0.0.3:27017) PID=137
[0;32m[INFO][0m Initiating replica set 'jetpack-rs'...
[0;32m[INFO][0m Replica set is ready (primary=127.0.0.1)
[0;32m[INFO][0m Verifying MongoDB read/write at mongodb://127.0.0.1:27017,127.0.0.2:27017,127.0.0.3:27017/?replicaSet=jetpack-rs ...
[0;32m[INFO][0m MongoDB read/write verification passed
[0;32m[INFO][0m Setting up network latency: 20ms +/- 0ms on lo
[0;32m[INFO][0m   127.0.0.2: 20ms +/- 0ms delay
[0;32m[INFO][0m   127.0.0.3: 20ms +/- 0ms delay
[0;32m[INFO][0m   127.0.0.4: 20ms +/- 0ms delay
[0;32m[INFO][0m   127.0.0.5: 20ms +/- 0ms delay
[0;32m[INFO][0m Latency simulation active
[0;32m[INFO][0m Starting process h1
[0;32m[INFO][0m Starting process h2
[0;32m[INFO][0m Starting process h3
[0;32m[INFO][0m Starting process h4
[0;32m[INFO][0m Starting process h5
[0;32m[INFO][0m Waiting for 5 processes to complete (timeout: 90s)...
[0;32m[INFO][0m --- Benchmark Results ---
[0;32m[INFO][0m   h1: I [../src/deptran/s_main.cc:893] 2026-03-10 22:20:27.373 | All-efficient-attempts           statistics   count       82   0pct     5.77  50pct     7.94  90pct    11.25  99pct    18.86    ave     8.39
[0;32m[INFO][0m   h1: I [../src/deptran/s_main.cc:901] 2026-03-10 22:20:27.374 | All-efficient-attempts           distribution      5.77     6.33     6.99     7.40     7.58     7.94     8.10     8.73     9.64    11.25    18.86
[0;32m[INFO][0m   h1: I [../src/deptran/s_main.cc:904] 2026-03-10 22:20:27.374 | Mid throughput is 8.20
[0;32m[INFO][0m   h1: I [../src/deptran/s_main.cc:905] 2026-03-10 22:20:27.374 | Fastpath statistics attempted 82 successed 82 rate(pct) 100.00 efficient_successed 0 efficient_rate(pct) 0.00
[0;32m[INFO][0m   h1: I [../src/deptran/s_main.cc:919] 2026-03-10 22:20:27.374 | Cpu-usage-leaders ave 0.0000 count 241
[0;32m[INFO][0m   h1: I [../src/deptran/s_main.cc:931] 2026-03-10 22:20:27.374 | Queue-depth ave 1.0000 count 241
[0;32m[INFO][0m   h2: I [../src/deptran/s_main.cc:893] 2026-03-10 22:20:27.863 | All-efficient-attempts           statistics   count       80   0pct    41.02  50pct    41.47  90pct    41.99  99pct    42.18    ave    41.51
[0;32m[INFO][0m   h2: I [../src/deptran/s_main.cc:901] 2026-03-10 22:20:27.863 | All-efficient-attempts           distribution     41.02    41.10    41.29    41.35    41.40    41.47    41.53    41.65    41.79    41.99    42.18
[0;32m[INFO][0m   h2: I [../src/deptran/s_main.cc:904] 2026-03-10 22:20:27.863 | Mid throughput is 8.00
[0;32m[INFO][0m   h2: I [../src/deptran/s_main.cc:905] 2026-03-10 22:20:27.863 | Fastpath statistics attempted 80 successed 80 rate(pct) 100.00 efficient_successed 80 efficient_rate(pct) 100.00
[0;32m[INFO][0m   h2: I [../src/deptran/s_main.cc:919] 2026-03-10 22:20:27.863 | Cpu-usage-leaders ave 0.0000 count 239
[0;32m[INFO][0m   h2: I [../src/deptran/s_main.cc:931] 2026-03-10 22:20:27.863 | Queue-depth ave 1.0000 count 239
[0;32m[INFO][0m   h3: I [../src/deptran/s_main.cc:893] 2026-03-10 22:20:27.855 | All-efficient-attempts           statistics   count       78   0pct    41.01  50pct    41.53  90pct    42.03  99pct    42.65    ave    41.60
[0;32m[INFO][0m   h3: I [../src/deptran/s_main.cc:901] 2026-03-10 22:20:27.855 | All-efficient-attempts           distribution     41.01    41.14    41.23    41.33    41.43    41.53    41.64    41.82    41.92    42.03    42.65
[0;32m[INFO][0m   h3: I [../src/deptran/s_main.cc:904] 2026-03-10 22:20:27.855 | Mid throughput is 7.80
[0;32m[INFO][0m   h3: I [../src/deptran/s_main.cc:905] 2026-03-10 22:20:27.855 | Fastpath statistics attempted 78 successed 78 rate(pct) 100.00 efficient_successed 78 efficient_rate(pct) 100.00
[0;32m[INFO][0m   h3: I [../src/deptran/s_main.cc:919] 2026-03-10 22:20:27.855 | Cpu-usage-leaders ave 0.0000 count 245
[0;32m[INFO][0m   h3: I [../src/deptran/s_main.cc:931] 2026-03-10 22:20:27.855 | Queue-depth ave 1.0000 count 245
[0;32m[INFO][0m   h4: I [../src/deptran/s_main.cc:893] 2026-03-10 22:20:27.859 | All-efficient-attempts           statistics   count       78   0pct    41.03  50pct    41.47  90pct    41.95  99pct    42.34    ave    41.52
[0;32m[INFO][0m   h4: I [../src/deptran/s_main.cc:901] 2026-03-10 22:20:27.860 | All-efficient-attempts           distribution     41.03    41.20    41.31    41.41    41.45    41.47    41.52    41.58    41.70    41.95    42.34
[0;32m[INFO][0m   h4: I [../src/deptran/s_main.cc:904] 2026-03-10 22:20:27.860 | Mid throughput is 7.80
[0;32m[INFO][0m   h4: I [../src/deptran/s_main.cc:905] 2026-03-10 22:20:27.860 | Fastpath statistics attempted 78 successed 78 rate(pct) 100.00 efficient_successed 78 efficient_rate(pct) 100.00
[0;32m[INFO][0m   h4: I [../src/deptran/s_main.cc:919] 2026-03-10 22:20:27.860 | Cpu-usage-leaders ave 0.0000 count 239
[0;32m[INFO][0m   h4: I [../src/deptran/s_main.cc:931] 2026-03-10 22:20:27.860 | Queue-depth ave 1.0000 count 239
[0;32m[INFO][0m   h5: I [../src/deptran/s_main.cc:893] 2026-03-10 22:20:28.856 | All-efficient-attempts           statistics   count       84   0pct    40.95  50pct    41.48  90pct    42.02  99pct    42.56    ave    41.52
[0;32m[INFO][0m   h5: I [../src/deptran/s_main.cc:901] 2026-03-10 22:20:28.856 | All-efficient-attempts           distribution     40.95    41.13    41.22    41.35    41.40    41.48    41.56    41.65    41.78    42.02    42.56
[0;32m[INFO][0m   h5: I [../src/deptran/s_main.cc:904] 2026-03-10 22:20:28.856 | Mid throughput is 8.40
[0;32m[INFO][0m   h5: I [../src/deptran/s_main.cc:905] 2026-03-10 22:20:28.856 | Fastpath statistics attempted 84 successed 84 rate(pct) 100.00 efficient_successed 84 efficient_rate(pct) 100.00
[0;32m[INFO][0m   h5: I [../src/deptran/s_main.cc:919] 2026-03-10 22:20:28.856 | Cpu-usage-leaders ave 0.0000 count 242
[0;32m[INFO][0m   h5: I [../src/deptran/s_main.cc:931] 2026-03-10 22:20:28.856 | Queue-depth ave 1.0000 count 242
[0;32m[INFO][0m === Benchmark PASSED ===
[0;32m[INFO][0m Cleaning up...
