TLC2 Version 2026.03.05.210854 (rev: ec1a488)
Running breadth-first search Model-Checking with fp 98 and seed 648958603804822472 with 4 workers on 64 cores with 21445MB heap and 64MB offheap memory [pid: 1660496] (Linux 6.2.16-3-pve amd64, Debian 17.0.18 x86_64, MSBDiskFPSet, DiskStateQueue).
Parsing file /home/users/zihao/janus/tla/jetpack_mencius.tla
Parsing file /tmp/tlc-6945152745861833692/Naturals.tla (jar:file:/home/users/zihao/janus/tla/tla2tools.jar!/tla2sany/StandardModules/Naturals.tla)
Parsing file /tmp/tlc-6945152745861833692/FiniteSets.tla (jar:file:/home/users/zihao/janus/tla/tla2tools.jar!/tla2sany/StandardModules/FiniteSets.tla)
Parsing file /tmp/tlc-6945152745861833692/Sequences.tla (jar:file:/home/users/zihao/janus/tla/tla2tools.jar!/tla2sany/StandardModules/Sequences.tla)
Parsing file /tmp/tlc-6945152745861833692/TLC.tla (jar:file:/home/users/zihao/janus/tla/tla2tools.jar!/tla2sany/StandardModules/TLC.tla)
Parsing file /tmp/tlc-6945152745861833692/_TLCTrace.tla (jar:file:/home/users/zihao/janus/tla/tla2tools.jar!/tla2sany/StandardModules/_TLCTrace.tla)
Parsing file /home/users/zihao/janus/tla/base_mencius.tla
Parsing file /home/users/zihao/janus/tla/jetpack.tla
Parsing file /tmp/tlc-6945152745861833692/TLCExt.tla (jar:file:/home/users/zihao/janus/tla/tla2tools.jar!/tla2sany/StandardModules/TLCExt.tla)
Parsing file /tmp/tlc-6945152745861833692/Integers.tla (jar:file:/home/users/zihao/janus/tla/tla2tools.jar!/tla2sany/StandardModules/Integers.tla)
Semantic processing of module Naturals
Semantic processing of module Sequences
Semantic processing of module FiniteSets
Semantic processing of module TLC
Semantic processing of module Integers
Semantic processing of module TLCExt
Semantic processing of module _TLCTrace
Semantic processing of module base_mencius
Semantic processing of module jetpack
Semantic processing of module jetpack_mencius
Linting of module TLCExt
Linting of module _TLCTrace
Linting of module base_mencius
Linting of module jetpack
Linting of module jetpack_mencius
Starting... (2026-03-07 10:07:13)
Computing initial states...
Finished computing initial states: 1 distinct state generated at 2026-03-07 10:07:14.
Progress(6) at 2026-03-07 10:07:17: 8,555 states generated (8,555 s/min), 1,097 distinct states found (1,097 ds/min), 845 states left on queue.
Progress(9) at 2026-03-07 10:08:17: 768,880 states generated (760,325 s/min), 75,951 distinct states found (74,854 ds/min), 52,416 states left on queue.
Progress(10) at 2026-03-07 10:09:17: 1,609,634 states generated (840,754 s/min), 140,429 distinct states found (64,478 ds/min), 90,079 states left on queue.
Progress(10) at 2026-03-07 10:10:17: 2,365,285 states generated (755,651 s/min), 225,202 distinct states found (84,773 ds/min), 150,578 states left on queue.
Progress(11) at 2026-03-07 10:11:17: 3,166,918 states generated (801,633 s/min), 302,376 distinct states found (77,174 ds/min), 201,626 states left on queue.
Progress(11) at 2026-03-07 10:12:17: 4,019,822 states generated (852,904 s/min), 383,358 distinct states found (80,982 ds/min), 253,966 states left on queue.
Progress(11) at 2026-03-07 10:13:17: 4,818,295 states generated (798,473 s/min), 497,938 distinct states found (114,580 ds/min), 343,842 states left on queue.
Progress(11) at 2026-03-07 10:14:17: 5,572,155 states generated (753,860 s/min), 602,802 distinct states found (104,864 ds/min), 425,728 states left on queue.
Progress(11) at 2026-03-07 10:15:17: 6,392,343 states generated (820,188 s/min), 715,123 distinct states found (112,321 ds/min), 513,223 states left on queue.
Progress(11) at 2026-03-07 10:16:17: 7,255,267 states generated (862,924 s/min), 818,214 distinct states found (103,091 ds/min), 588,896 states left on queue.
Progress(11) at 2026-03-07 10:17:17: 8,086,651 states generated (831,384 s/min), 901,266 distinct states found (83,052 ds/min), 645,569 states left on queue.
