# Attempt: 0 of 2
# Concurrency: 50
# Docker exit code: 0
# Timestamp: 2026-03-10T23:18:54Z
---
[0;32m[INFO][0m === Benchmark Mode ===
[0;32m[INFO][0m Site config:       60c1s5r5p.yml
[0;32m[INFO][0m Mode config:       rule_mongodb.yml
[0;32m[INFO][0m Client config:     client_open.yml
[0;32m[INFO][0m Concurrent config: concurrent_50.yml
[0;32m[INFO][0m Latency:           20ms +/- 0ms
[0;32m[INFO][0m Duration:          30s
[0;32m[INFO][0m Starting 3-member MongoDB replica set...
about to fork child process, waiting until server is ready for connections.
forked process: 11
child process started successfully, parent exiting
[0;32m[INFO][0m   mongod0 (127.0.0.1:27017) PID=11
about to fork child process, waiting until server is ready for connections.
forked process: 74
child process started successfully, parent exiting
[0;32m[INFO][0m   mongod1 (127.0.0.2:27017) PID=74
about to fork child process, waiting until server is ready for connections.
forked process: 137
child process started successfully, parent exiting
[0;32m[INFO][0m   mongod2 (127.0.0.3:27017) PID=137
[0;32m[INFO][0m Initiating replica set 'jetpack-rs'...
[0;32m[INFO][0m Replica set is ready (primary=127.0.0.1)
[0;32m[INFO][0m Verifying MongoDB read/write at mongodb://127.0.0.1:27017,127.0.0.2:27017,127.0.0.3:27017/?replicaSet=jetpack-rs ...
[0;32m[INFO][0m MongoDB read/write verification passed
[0;32m[INFO][0m Setting up network latency: 20ms +/- 0ms on lo
[0;32m[INFO][0m   127.0.0.2: 20ms +/- 0ms delay
[0;32m[INFO][0m   127.0.0.3: 20ms +/- 0ms delay
[0;32m[INFO][0m   127.0.0.4: 20ms +/- 0ms delay
[0;32m[INFO][0m   127.0.0.5: 20ms +/- 0ms delay
[0;32m[INFO][0m Latency simulation active
[0;32m[INFO][0m Starting process h1
[0;32m[INFO][0m Starting process h2
[0;32m[INFO][0m Starting process h3
[0;32m[INFO][0m Starting process h4
[0;32m[INFO][0m Starting process h5
[0;32m[INFO][0m Waiting for 5 processes to complete (timeout: 90s)...
[0;32m[INFO][0m --- Benchmark Results ---
[0;32m[INFO][0m   h1: I [../src/deptran/s_main.cc:893] 2026-03-10 23:17:10.076 | All-efficient-attempts           statistics   count     5925   0pct    25.34  50pct   480.84  90pct  1025.61  99pct  1707.28    ave   553.45
[0;32m[INFO][0m   h1: I [../src/deptran/s_main.cc:901] 2026-03-10 23:17:10.079 | All-efficient-attempts           distribution     25.34   182.42   279.62   352.81   415.03   480.84   548.78   644.81   771.84  1025.61  2225.99
[0;32m[INFO][0m   h1: I [../src/deptran/s_main.cc:904] 2026-03-10 23:17:10.082 | Mid throughput is 592.50
[0;32m[INFO][0m   h1: I [../src/deptran/s_main.cc:905] 2026-03-10 23:17:10.082 | Fastpath statistics attempted 2203 successed 1139 rate(pct) 51.70 efficient_successed 833 efficient_rate(pct) 37.81
[0;32m[INFO][0m   h1: I [../src/deptran/s_main.cc:919] 2026-03-10 23:17:10.082 | Cpu-usage-leaders ave 0.0000 count 10881
[0;32m[INFO][0m   h1: I [../src/deptran/s_main.cc:931] 2026-03-10 23:17:10.082 | Queue-depth ave 1.0000 count 5519
[0;32m[INFO][0m   h2: I [../src/deptran/s_main.cc:893] 2026-03-10 23:17:06.699 | All-efficient-attempts           statistics   count     5957   0pct    43.82  50pct   499.53  90pct   936.83  99pct  1867.23    ave   556.62
[0;32m[INFO][0m   h2: I [../src/deptran/s_main.cc:901] 2026-03-10 23:17:06.703 | All-efficient-attempts           distribution     43.82   200.78   299.71   371.49   432.99   499.53   571.70   654.47   752.79   936.83  2342.71
[0;32m[INFO][0m   h2: I [../src/deptran/s_main.cc:904] 2026-03-10 23:17:06.705 | Mid throughput is 595.70
[0;32m[INFO][0m   h2: I [../src/deptran/s_main.cc:905] 2026-03-10 23:17:06.705 | Fastpath statistics attempted 2306 successed 1465 rate(pct) 63.53 efficient_successed 891 efficient_rate(pct) 38.64
[0;32m[INFO][0m   h2: I [../src/deptran/s_main.cc:919] 2026-03-10 23:17:06.705 | Cpu-usage-leaders ave 0.0000 count 8144
[0;32m[INFO][0m   h2: I [../src/deptran/s_main.cc:931] 2026-03-10 23:17:06.705 | Queue-depth ave 1.0000 count 5084
[0;32m[INFO][0m   h3: I [../src/deptran/s_main.cc:893] 2026-03-10 23:17:10.509 | All-efficient-attempts           statistics   count     6006   0pct    42.94  50pct   528.60  90pct   977.64  99pct  1595.41    ave   577.23
[0;32m[INFO][0m   h3: I [../src/deptran/s_main.cc:901] 2026-03-10 23:17:10.513 | All-efficient-attempts           distribution     42.94   224.98   330.95   406.35   469.08   528.60   595.30   674.68   773.65   977.64  1951.30
[0;32m[INFO][0m   h3: I [../src/deptran/s_main.cc:904] 2026-03-10 23:17:10.515 | Mid throughput is 600.60
[0;32m[INFO][0m   h3: I [../src/deptran/s_main.cc:905] 2026-03-10 23:17:10.515 | Fastpath statistics attempted 1674 successed 1168 rate(pct) 69.77 efficient_successed 744 efficient_rate(pct) 44.44
[0;32m[INFO][0m   h3: I [../src/deptran/s_main.cc:919] 2026-03-10 23:17:10.515 | Cpu-usage-leaders ave 0.0000 count 8414
[0;32m[INFO][0m   h3: I [../src/deptran/s_main.cc:931] 2026-03-10 23:17:10.515 | Queue-depth ave 1.0000 count 5703
[0;32m[INFO][0m   h4: I [../src/deptran/s_main.cc:893] 2026-03-10 23:17:09.883 | All-efficient-attempts           statistics   count     5903   0pct    51.44  50pct   521.02  90pct  1012.24  99pct  1704.14    ave   584.75
[0;32m[INFO][0m   h4: I [../src/deptran/s_main.cc:901] 2026-03-10 23:17:09.887 | All-efficient-attempts           distribution     51.44   243.41   331.09   404.00   461.21   521.02   586.00   663.86   783.71  1012.24  2308.71
[0;32m[INFO][0m   h4: I [../src/deptran/s_main.cc:904] 2026-03-10 23:17:09.889 | Mid throughput is 590.30
[0;32m[INFO][0m   h4: I [../src/deptran/s_main.cc:905] 2026-03-10 23:17:09.889 | Fastpath statistics attempted 1068 successed 897 rate(pct) 83.99 efficient_successed 442 efficient_rate(pct) 41.39
[0;32m[INFO][0m   h4: I [../src/deptran/s_main.cc:919] 2026-03-10 23:17:09.889 | Cpu-usage-leaders ave 0.0000 count 5912
[0;32m[INFO][0m   h4: I [../src/deptran/s_main.cc:931] 2026-03-10 23:17:09.889 | Queue-depth ave 1.0000 count 4452
[0;32m[INFO][0m   h5: I [../src/deptran/s_main.cc:893] 2026-03-10 23:17:10.311 | All-efficient-attempts           statistics   count     5917   0pct    43.23  50pct   541.93  90pct  1005.31  99pct  1490.01    ave   586.60
[0;32m[INFO][0m   h5: I [../src/deptran/s_main.cc:901] 2026-03-10 23:17:10.314 | All-efficient-attempts           distribution     43.23   230.02   332.01   411.77   475.86   541.93   611.44   692.73   809.76  1005.31  2259.59
[0;32m[INFO][0m   h5: I [../src/deptran/s_main.cc:904] 2026-03-10 23:17:10.317 | Mid throughput is 591.70
[0;32m[INFO][0m   h5: I [../src/deptran/s_main.cc:905] 2026-03-10 23:17:10.317 | Fastpath statistics attempted 1310 successed 991 rate(pct) 75.65 efficient_successed 666 efficient_rate(pct) 50.84
[0;32m[INFO][0m   h5: I [../src/deptran/s_main.cc:919] 2026-03-10 23:17:10.317 | Cpu-usage-leaders ave 0.0000 count 8071
[0;32m[INFO][0m   h5: I [../src/deptran/s_main.cc:931] 2026-03-10 23:17:10.317 | Queue-depth ave 1.0000 count 5374
[0;32m[INFO][0m === Benchmark PASSED ===
[0;32m[INFO][0m Cleaning up...
