# Attempt: 0 of 2
# Concurrency: 25
# Docker exit code: 0
# Timestamp: 2026-03-10T23:15:35Z
---
[0;32m[INFO][0m === Benchmark Mode ===
[0;32m[INFO][0m Site config:       60c1s5r5p.yml
[0;32m[INFO][0m Mode config:       rule_mongodb.yml
[0;32m[INFO][0m Client config:     client_open.yml
[0;32m[INFO][0m Concurrent config: concurrent_25.yml
[0;32m[INFO][0m Latency:           20ms +/- 0ms
[0;32m[INFO][0m Duration:          30s
[0;32m[INFO][0m Starting 3-member MongoDB replica set...
about to fork child process, waiting until server is ready for connections.
forked process: 11
child process started successfully, parent exiting
[0;32m[INFO][0m   mongod0 (127.0.0.1:27017) PID=11
about to fork child process, waiting until server is ready for connections.
forked process: 74
child process started successfully, parent exiting
[0;32m[INFO][0m   mongod1 (127.0.0.2:27017) PID=74
about to fork child process, waiting until server is ready for connections.
forked process: 137
child process started successfully, parent exiting
[0;32m[INFO][0m   mongod2 (127.0.0.3:27017) PID=137
[0;32m[INFO][0m Initiating replica set 'jetpack-rs'...
[0;32m[INFO][0m Replica set is ready (primary=127.0.0.2)
[0;32m[INFO][0m Verifying MongoDB read/write at mongodb://127.0.0.1:27017,127.0.0.2:27017,127.0.0.3:27017/?replicaSet=jetpack-rs ...
[0;32m[INFO][0m MongoDB read/write verification passed
[0;32m[INFO][0m Setting up network latency: 20ms +/- 0ms on lo
[0;32m[INFO][0m   127.0.0.2: 20ms +/- 0ms delay
[0;32m[INFO][0m   127.0.0.3: 20ms +/- 0ms delay
[0;32m[INFO][0m   127.0.0.4: 20ms +/- 0ms delay
[0;32m[INFO][0m   127.0.0.5: 20ms +/- 0ms delay
[0;32m[INFO][0m Latency simulation active
[0;32m[INFO][0m Starting process h1
[0;32m[INFO][0m Starting process h2
[0;32m[INFO][0m Starting process h3
[0;32m[INFO][0m Starting process h4
[0;32m[INFO][0m Starting process h5
[0;32m[INFO][0m Waiting for 5 processes to complete (timeout: 90s)...
[0;32m[INFO][0m --- Benchmark Results ---
[0;32m[INFO][0m   h1: I [../src/deptran/s_main.cc:893] 2026-03-10 23:12:11.185 | All-efficient-attempts           statistics   count     2957   0pct    40.93  50pct    42.15  90pct    44.08  99pct    47.70    ave    42.52
[0;32m[INFO][0m   h1: I [../src/deptran/s_main.cc:901] 2026-03-10 23:12:11.187 | All-efficient-attempts           distribution     40.93    41.48    41.64    41.79    41.97    42.15    42.32    42.50    43.00    44.08    51.20
[0;32m[INFO][0m   h1: I [../src/deptran/s_main.cc:904] 2026-03-10 23:12:11.188 | Mid throughput is 295.70
[0;32m[INFO][0m   h1: I [../src/deptran/s_main.cc:905] 2026-03-10 23:12:11.188 | Fastpath statistics attempted 2957 successed 2957 rate(pct) 100.00 efficient_successed 2957 efficient_rate(pct) 100.00
[0;32m[INFO][0m   h1: I [../src/deptran/s_main.cc:919] 2026-03-10 23:12:11.188 | Cpu-usage-leaders ave 0.0000 count 8948
[0;32m[INFO][0m   h1: I [../src/deptran/s_main.cc:931] 2026-03-10 23:12:11.188 | Queue-depth ave 1.0000 count 8948
[0;32m[INFO][0m   h2: I [../src/deptran/s_main.cc:893] 2026-03-10 23:12:10.664 | All-efficient-attempts           statistics   count     2926   0pct    40.83  50pct    45.80  90pct    54.27  99pct    63.32    ave    47.21
[0;32m[INFO][0m   h2: I [../src/deptran/s_main.cc:901] 2026-03-10 23:12:10.666 | All-efficient-attempts           distribution     40.83    42.50    43.21    43.98    44.76    45.80    46.98    48.71    50.79    54.27    73.62
[0;32m[INFO][0m   h2: I [../src/deptran/s_main.cc:904] 2026-03-10 23:12:10.667 | Mid throughput is 292.60
[0;32m[INFO][0m   h2: I [../src/deptran/s_main.cc:905] 2026-03-10 23:12:10.667 | Fastpath statistics attempted 2926 successed 2926 rate(pct) 100.00 efficient_successed 2926 efficient_rate(pct) 100.00
[0;32m[INFO][0m   h2: I [../src/deptran/s_main.cc:919] 2026-03-10 23:12:10.667 | Cpu-usage-leaders ave 0.0000 count 8963
[0;32m[INFO][0m   h2: I [../src/deptran/s_main.cc:931] 2026-03-10 23:12:10.667 | Queue-depth ave 1.0000 count 8963
[0;32m[INFO][0m   h3: I [../src/deptran/s_main.cc:893] 2026-03-10 23:12:10.668 | All-efficient-attempts           statistics   count     2935   0pct    40.51  50pct    45.81  90pct    53.86  99pct    61.88    ave    47.18
[0;32m[INFO][0m   h3: I [../src/deptran/s_main.cc:901] 2026-03-10 23:12:10.670 | All-efficient-attempts           distribution     40.51    42.55    43.24    44.02    44.85    45.81    47.09    48.69    50.76    53.86    70.28
[0;32m[INFO][0m   h3: I [../src/deptran/s_main.cc:904] 2026-03-10 23:12:10.671 | Mid throughput is 293.50
[0;32m[INFO][0m   h3: I [../src/deptran/s_main.cc:905] 2026-03-10 23:12:10.671 | Fastpath statistics attempted 2935 successed 2935 rate(pct) 100.00 efficient_successed 2935 efficient_rate(pct) 100.00
[0;32m[INFO][0m   h3: I [../src/deptran/s_main.cc:919] 2026-03-10 23:12:10.671 | Cpu-usage-leaders ave 0.0000 count 8957
[0;32m[INFO][0m   h3: I [../src/deptran/s_main.cc:931] 2026-03-10 23:12:10.671 | Queue-depth ave 1.0000 count 8957
[0;32m[INFO][0m   h4: I [../src/deptran/s_main.cc:893] 2026-03-10 23:12:10.670 | All-efficient-attempts           statistics   count     2922   0pct    40.59  50pct    45.59  90pct    53.59  99pct    62.88    ave    47.00
[0;32m[INFO][0m   h4: I [../src/deptran/s_main.cc:901] 2026-03-10 23:12:10.673 | All-efficient-attempts           distribution     40.59    42.55    43.27    43.94    44.68    45.59    46.71    48.26    50.42    53.59    70.23
[0;32m[INFO][0m   h4: I [../src/deptran/s_main.cc:904] 2026-03-10 23:12:10.674 | Mid throughput is 292.20
[0;32m[INFO][0m   h4: I [../src/deptran/s_main.cc:905] 2026-03-10 23:12:10.674 | Fastpath statistics attempted 2922 successed 2922 rate(pct) 100.00 efficient_successed 2922 efficient_rate(pct) 100.00
[0;32m[INFO][0m   h4: I [../src/deptran/s_main.cc:919] 2026-03-10 23:12:10.674 | Cpu-usage-leaders ave 0.0000 count 8953
[0;32m[INFO][0m   h4: I [../src/deptran/s_main.cc:931] 2026-03-10 23:12:10.674 | Queue-depth ave 1.0000 count 8953
[0;32m[INFO][0m   h5: I [../src/deptran/s_main.cc:893] 2026-03-10 23:12:10.666 | All-efficient-attempts           statistics   count     2910   0pct    40.67  50pct    45.68  90pct    53.90  99pct    62.20    ave    47.16
[0;32m[INFO][0m   h5: I [../src/deptran/s_main.cc:901] 2026-03-10 23:12:10.668 | All-efficient-attempts           distribution     40.67    42.55    43.26    43.95    44.71    45.68    46.90    48.50    50.77    53.90    73.60
[0;32m[INFO][0m   h5: I [../src/deptran/s_main.cc:904] 2026-03-10 23:12:10.670 | Mid throughput is 291.00
[0;32m[INFO][0m   h5: I [../src/deptran/s_main.cc:905] 2026-03-10 23:12:10.670 | Fastpath statistics attempted 2910 successed 2910 rate(pct) 100.00 efficient_successed 2910 efficient_rate(pct) 100.00
[0;32m[INFO][0m   h5: I [../src/deptran/s_main.cc:919] 2026-03-10 23:12:10.670 | Cpu-usage-leaders ave 0.0000 count 8928
[0;32m[INFO][0m   h5: I [../src/deptran/s_main.cc:931] 2026-03-10 23:12:10.670 | Queue-depth ave 1.0000 count 8928
[0;32m[INFO][0m === Benchmark PASSED ===
[0;32m[INFO][0m Cleaning up...
