# Attempt: 0 of 2
# Concurrency: 5
# Docker exit code: 0
# Timestamp: 2026-03-10T23:07:25Z
---
[0;32m[INFO][0m === Benchmark Mode ===
[0;32m[INFO][0m Site config:       60c1s5r5p.yml
[0;32m[INFO][0m Mode config:       rule_mongodb.yml
[0;32m[INFO][0m Client config:     client_open.yml
[0;32m[INFO][0m Concurrent config: concurrent_5.yml
[0;32m[INFO][0m Latency:           20ms +/- 0ms
[0;32m[INFO][0m Duration:          30s
[0;32m[INFO][0m Starting 3-member MongoDB replica set...
about to fork child process, waiting until server is ready for connections.
forked process: 11
child process started successfully, parent exiting
[0;32m[INFO][0m   mongod0 (127.0.0.1:27017) PID=11
about to fork child process, waiting until server is ready for connections.
forked process: 74
child process started successfully, parent exiting
[0;32m[INFO][0m   mongod1 (127.0.0.2:27017) PID=74
about to fork child process, waiting until server is ready for connections.
forked process: 137
child process started successfully, parent exiting
[0;32m[INFO][0m   mongod2 (127.0.0.3:27017) PID=137
[0;32m[INFO][0m Initiating replica set 'jetpack-rs'...
[0;32m[INFO][0m Replica set is ready (primary=127.0.0.1)
[0;32m[INFO][0m Verifying MongoDB read/write at mongodb://127.0.0.1:27017,127.0.0.2:27017,127.0.0.3:27017/?replicaSet=jetpack-rs ...
[0;32m[INFO][0m MongoDB read/write verification passed
[0;32m[INFO][0m Setting up network latency: 20ms +/- 0ms on lo
[0;32m[INFO][0m   127.0.0.2: 20ms +/- 0ms delay
[0;32m[INFO][0m   127.0.0.3: 20ms +/- 0ms delay
[0;32m[INFO][0m   127.0.0.4: 20ms +/- 0ms delay
[0;32m[INFO][0m   127.0.0.5: 20ms +/- 0ms delay
[0;32m[INFO][0m Latency simulation active
[0;32m[INFO][0m Starting process h1
[0;32m[INFO][0m Starting process h2
[0;32m[INFO][0m Starting process h3
[0;32m[INFO][0m Starting process h4
[0;32m[INFO][0m Starting process h5
[0;32m[INFO][0m Waiting for 5 processes to complete (timeout: 90s)...
[0;32m[INFO][0m --- Benchmark Results ---
[0;32m[INFO][0m   h1: I [../src/deptran/s_main.cc:893] 2026-03-10 23:05:41.282 | All-efficient-attempts           statistics   count      545   0pct     4.64  50pct     7.79  90pct    11.08  99pct    29.35    ave     8.51
[0;32m[INFO][0m   h1: I [../src/deptran/s_main.cc:901] 2026-03-10 23:05:41.282 | All-efficient-attempts           distribution      4.64     6.01     6.36     6.96     7.34     7.79     8.27     9.04     9.47    11.08    38.78
[0;32m[INFO][0m   h1: I [../src/deptran/s_main.cc:904] 2026-03-10 23:05:41.282 | Mid throughput is 54.50
[0;32m[INFO][0m   h1: I [../src/deptran/s_main.cc:905] 2026-03-10 23:05:41.282 | Fastpath statistics attempted 44 successed 44 rate(pct) 100.00 efficient_successed 0 efficient_rate(pct) 0.00
[0;32m[INFO][0m   h1: I [../src/deptran/s_main.cc:919] 2026-03-10 23:05:41.282 | Cpu-usage-leaders ave 0.0000 count 273
[0;32m[INFO][0m   h1: I [../src/deptran/s_main.cc:931] 2026-03-10 23:05:41.282 | Queue-depth ave 1.0000 count 273
[0;32m[INFO][0m   h2: I [../src/deptran/s_main.cc:893] 2026-03-10 23:05:42.714 | All-efficient-attempts           statistics   count      539   0pct    40.59  50pct    41.98  90pct    42.69  99pct    43.79    ave    42.05
[0;32m[INFO][0m   h2: I [../src/deptran/s_main.cc:901] 2026-03-10 23:05:42.714 | All-efficient-attempts           distribution     40.59    41.47    41.62    41.74    41.85    41.98    42.09    42.23    42.44    42.69    47.32
[0;32m[INFO][0m   h2: I [../src/deptran/s_main.cc:904] 2026-03-10 23:05:42.714 | Mid throughput is 53.90
[0;32m[INFO][0m   h2: I [../src/deptran/s_main.cc:905] 2026-03-10 23:05:42.714 | Fastpath statistics attempted 539 successed 539 rate(pct) 100.00 efficient_successed 539 efficient_rate(pct) 100.00
[0;32m[INFO][0m   h2: I [../src/deptran/s_main.cc:919] 2026-03-10 23:05:42.714 | Cpu-usage-leaders ave 0.0000 count 1651
[0;32m[INFO][0m   h2: I [../src/deptran/s_main.cc:931] 2026-03-10 23:05:42.714 | Queue-depth ave 1.0000 count 1651
[0;32m[INFO][0m   h3: I [../src/deptran/s_main.cc:893] 2026-03-10 23:05:41.715 | All-efficient-attempts           statistics   count      552   0pct    41.06  50pct    41.96  90pct    42.78  99pct    43.92    ave    42.06
[0;32m[INFO][0m   h3: I [../src/deptran/s_main.cc:901] 2026-03-10 23:05:41.715 | All-efficient-attempts           distribution     41.06    41.42    41.60    41.71    41.84    41.96    42.09    42.25    42.44    42.78    44.85
[0;32m[INFO][0m   h3: I [../src/deptran/s_main.cc:904] 2026-03-10 23:05:41.716 | Mid throughput is 55.20
[0;32m[INFO][0m   h3: I [../src/deptran/s_main.cc:905] 2026-03-10 23:05:41.716 | Fastpath statistics attempted 552 successed 552 rate(pct) 100.00 efficient_successed 552 efficient_rate(pct) 100.00
[0;32m[INFO][0m   h3: I [../src/deptran/s_main.cc:919] 2026-03-10 23:05:41.716 | Cpu-usage-leaders ave 0.0000 count 1683
[0;32m[INFO][0m   h3: I [../src/deptran/s_main.cc:931] 2026-03-10 23:05:41.716 | Queue-depth ave 1.0000 count 1683
[0;32m[INFO][0m   h4: I [../src/deptran/s_main.cc:893] 2026-03-10 23:05:41.715 | All-efficient-attempts           statistics   count      551   0pct    41.00  50pct    41.93  90pct    42.66  99pct    44.07    ave    42.02
[0;32m[INFO][0m   h4: I [../src/deptran/s_main.cc:901] 2026-03-10 23:05:41.715 | All-efficient-attempts           distribution     41.00    41.47    41.60    41.72    41.83    41.93    42.05    42.19    42.37    42.66    45.65
[0;32m[INFO][0m   h4: I [../src/deptran/s_main.cc:904] 2026-03-10 23:05:41.716 | Mid throughput is 55.10
[0;32m[INFO][0m   h4: I [../src/deptran/s_main.cc:905] 2026-03-10 23:05:41.716 | Fastpath statistics attempted 551 successed 551 rate(pct) 100.00 efficient_successed 551 efficient_rate(pct) 100.00
[0;32m[INFO][0m   h4: I [../src/deptran/s_main.cc:919] 2026-03-10 23:05:41.716 | Cpu-usage-leaders ave 0.0000 count 1673
[0;32m[INFO][0m   h4: I [../src/deptran/s_main.cc:931] 2026-03-10 23:05:41.716 | Queue-depth ave 1.0000 count 1673
[0;32m[INFO][0m   h5: I [../src/deptran/s_main.cc:893] 2026-03-10 23:05:42.717 | All-efficient-attempts           statistics   count      536   0pct    40.97  50pct    41.93  90pct    42.70  99pct    43.78    ave    42.01
[0;32m[INFO][0m   h5: I [../src/deptran/s_main.cc:901] 2026-03-10 23:05:42.717 | All-efficient-attempts           distribution     40.97    41.38    41.56    41.70    41.81    41.93    42.04    42.20    42.41    42.70    45.87
[0;32m[INFO][0m   h5: I [../src/deptran/s_main.cc:904] 2026-03-10 23:05:42.717 | Mid throughput is 53.60
[0;32m[INFO][0m   h5: I [../src/deptran/s_main.cc:905] 2026-03-10 23:05:42.717 | Fastpath statistics attempted 536 successed 536 rate(pct) 100.00 efficient_successed 536 efficient_rate(pct) 100.00
[0;32m[INFO][0m   h5: I [../src/deptran/s_main.cc:919] 2026-03-10 23:05:42.717 | Cpu-usage-leaders ave 0.0000 count 1663
[0;32m[INFO][0m   h5: I [../src/deptran/s_main.cc:931] 2026-03-10 23:05:42.717 | Queue-depth ave 1.0000 count 1663
[0;32m[INFO][0m === Benchmark PASSED ===
[0;32m[INFO][0m Cleaning up...
