# Attempt: 1 of 2
# Concurrency: 1
# Docker exit code: 0
# Timestamp: 2026-03-10T23:04:12Z
---
[0;32m[INFO][0m === Benchmark Mode ===
[0;32m[INFO][0m Site config:       60c1s5r5p.yml
[0;32m[INFO][0m Mode config:       rule_mongodb.yml
[0;32m[INFO][0m Client config:     client_open.yml
[0;32m[INFO][0m Concurrent config: concurrent_1.yml
[0;32m[INFO][0m Latency:           20ms +/- 0ms
[0;32m[INFO][0m Duration:          30s
[0;32m[INFO][0m Starting 3-member MongoDB replica set...
about to fork child process, waiting until server is ready for connections.
forked process: 11
child process started successfully, parent exiting
[0;32m[INFO][0m   mongod0 (127.0.0.1:27017) PID=11
about to fork child process, waiting until server is ready for connections.
forked process: 74
child process started successfully, parent exiting
[0;32m[INFO][0m   mongod1 (127.0.0.2:27017) PID=74
about to fork child process, waiting until server is ready for connections.
forked process: 137
child process started successfully, parent exiting
[0;32m[INFO][0m   mongod2 (127.0.0.3:27017) PID=137
[0;32m[INFO][0m Initiating replica set 'jetpack-rs'...
[0;32m[INFO][0m Replica set is ready (primary=127.0.0.1)
[0;32m[INFO][0m Verifying MongoDB read/write at mongodb://127.0.0.1:27017,127.0.0.2:27017,127.0.0.3:27017/?replicaSet=jetpack-rs ...
[0;32m[INFO][0m MongoDB read/write verification passed
[0;32m[INFO][0m Setting up network latency: 20ms +/- 0ms on lo
[0;32m[INFO][0m   127.0.0.2: 20ms +/- 0ms delay
[0;32m[INFO][0m   127.0.0.3: 20ms +/- 0ms delay
[0;32m[INFO][0m   127.0.0.4: 20ms +/- 0ms delay
[0;32m[INFO][0m   127.0.0.5: 20ms +/- 0ms delay
[0;32m[INFO][0m Latency simulation active
[0;32m[INFO][0m Starting process h1
[0;32m[INFO][0m Starting process h2
[0;32m[INFO][0m Starting process h3
[0;32m[INFO][0m Starting process h4
[0;32m[INFO][0m Starting process h5
[0;32m[INFO][0m Waiting for 5 processes to complete (timeout: 90s)...
[0;32m[INFO][0m --- Benchmark Results ---
[0;32m[INFO][0m   h1: I [../src/deptran/s_main.cc:893] 2026-03-10 23:02:28.678 | All-efficient-attempts           statistics   count       80   0pct     5.75  50pct     7.47  90pct    10.22  99pct    12.30    ave     7.68
[0;32m[INFO][0m   h1: I [../src/deptran/s_main.cc:901] 2026-03-10 23:02:28.678 | All-efficient-attempts           distribution      5.75     6.15     6.48     6.87     7.15     7.47     7.64     7.80     8.39    10.22    12.30
[0;32m[INFO][0m   h1: I [../src/deptran/s_main.cc:904] 2026-03-10 23:02:28.678 | Mid throughput is 8.00
[0;32m[INFO][0m   h1: I [../src/deptran/s_main.cc:905] 2026-03-10 23:02:28.678 | Fastpath statistics attempted 53 successed 53 rate(pct) 100.00 efficient_successed 0 efficient_rate(pct) 0.00
[0;32m[INFO][0m   h1: I [../src/deptran/s_main.cc:919] 2026-03-10 23:02:28.678 | Cpu-usage-leaders ave 0.0000 count 154
[0;32m[INFO][0m   h1: I [../src/deptran/s_main.cc:931] 2026-03-10 23:02:28.678 | Queue-depth ave 1.0000 count 154
[0;32m[INFO][0m   h2: I [../src/deptran/s_main.cc:893] 2026-03-10 23:02:29.163 | All-efficient-attempts           statistics   count       76   0pct    40.96  50pct    41.52  90pct    42.08  99pct    42.86    ave    41.55
[0;32m[INFO][0m   h2: I [../src/deptran/s_main.cc:901] 2026-03-10 23:02:29.163 | All-efficient-attempts           distribution     40.96    41.10    41.23    41.36    41.46    41.52    41.57    41.65    41.72    42.08    42.86
[0;32m[INFO][0m   h2: I [../src/deptran/s_main.cc:904] 2026-03-10 23:02:29.163 | Mid throughput is 7.60
[0;32m[INFO][0m   h2: I [../src/deptran/s_main.cc:905] 2026-03-10 23:02:29.163 | Fastpath statistics attempted 76 successed 76 rate(pct) 100.00 efficient_successed 76 efficient_rate(pct) 100.00
[0;32m[INFO][0m   h2: I [../src/deptran/s_main.cc:919] 2026-03-10 23:02:29.163 | Cpu-usage-leaders ave 0.0000 count 244
[0;32m[INFO][0m   h2: I [../src/deptran/s_main.cc:931] 2026-03-10 23:02:29.163 | Queue-depth ave 1.0000 count 244
[0;32m[INFO][0m   h3: I [../src/deptran/s_main.cc:893] 2026-03-10 23:02:29.160 | All-efficient-attempts           statistics   count       83   0pct    40.96  50pct    41.47  90pct    41.95  99pct    42.58    ave    41.51
[0;32m[INFO][0m   h3: I [../src/deptran/s_main.cc:901] 2026-03-10 23:02:29.160 | All-efficient-attempts           distribution     40.96    41.14    41.29    41.35    41.42    41.47    41.53    41.60    41.70    41.95    42.58
[0;32m[INFO][0m   h3: I [../src/deptran/s_main.cc:904] 2026-03-10 23:02:29.160 | Mid throughput is 8.30
[0;32m[INFO][0m   h3: I [../src/deptran/s_main.cc:905] 2026-03-10 23:02:29.160 | Fastpath statistics attempted 83 successed 83 rate(pct) 100.00 efficient_successed 83 efficient_rate(pct) 100.00
[0;32m[INFO][0m   h3: I [../src/deptran/s_main.cc:919] 2026-03-10 23:02:29.160 | Cpu-usage-leaders ave 0.0000 count 251
[0;32m[INFO][0m   h3: I [../src/deptran/s_main.cc:931] 2026-03-10 23:02:29.160 | Queue-depth ave 1.0000 count 251
[0;32m[INFO][0m   h4: I [../src/deptran/s_main.cc:893] 2026-03-10 23:02:29.160 | All-efficient-attempts           statistics   count       81   0pct    41.01  50pct    41.45  90pct    42.11  99pct    42.85    ave    41.57
[0;32m[INFO][0m   h4: I [../src/deptran/s_main.cc:901] 2026-03-10 23:02:29.160 | All-efficient-attempts           distribution     41.01    41.17    41.28    41.33    41.40    41.45    41.57    41.67    41.88    42.11    42.85
[0;32m[INFO][0m   h4: I [../src/deptran/s_main.cc:904] 2026-03-10 23:02:29.161 | Mid throughput is 8.10
[0;32m[INFO][0m   h4: I [../src/deptran/s_main.cc:905] 2026-03-10 23:02:29.161 | Fastpath statistics attempted 81 successed 81 rate(pct) 100.00 efficient_successed 81 efficient_rate(pct) 100.00
[0;32m[INFO][0m   h4: I [../src/deptran/s_main.cc:919] 2026-03-10 23:02:29.161 | Cpu-usage-leaders ave 0.0000 count 239
[0;32m[INFO][0m   h4: I [../src/deptran/s_main.cc:931] 2026-03-10 23:02:29.161 | Queue-depth ave 1.0000 count 239
[0;32m[INFO][0m   h5: I [../src/deptran/s_main.cc:893] 2026-03-10 23:02:29.160 | All-efficient-attempts           statistics   count       79   0pct    41.08  50pct    41.53  90pct    42.05  99pct    42.61    ave    41.60
[0;32m[INFO][0m   h5: I [../src/deptran/s_main.cc:901] 2026-03-10 23:02:29.160 | All-efficient-attempts           distribution     41.08    41.25    41.32    41.38    41.44    41.53    41.65    41.71    41.89    42.05    42.61
[0;32m[INFO][0m   h5: I [../src/deptran/s_main.cc:904] 2026-03-10 23:02:29.160 | Mid throughput is 7.90
[0;32m[INFO][0m   h5: I [../src/deptran/s_main.cc:905] 2026-03-10 23:02:29.160 | Fastpath statistics attempted 79 successed 79 rate(pct) 100.00 efficient_successed 79 efficient_rate(pct) 100.00
[0;32m[INFO][0m   h5: I [../src/deptran/s_main.cc:919] 2026-03-10 23:02:29.160 | Cpu-usage-leaders ave 0.0000 count 246
[0;32m[INFO][0m   h5: I [../src/deptran/s_main.cc:931] 2026-03-10 23:02:29.160 | Queue-depth ave 1.0000 count 246
[0;32m[INFO][0m === Benchmark PASSED ===
[0;32m[INFO][0m Cleaning up...
