[0;32m[INFO][0m === Benchmark Mode ===
[0;32m[INFO][0m Site config:       5c1s5r5p_local.yml
[0;32m[INFO][0m Mode config:       none_etcd.yml
[0;32m[INFO][0m Client config:     client_open.yml
[0;32m[INFO][0m Concurrent config: concurrent_1.yml
[0;32m[INFO][0m Latency:           20ms +/- 0ms
[0;32m[INFO][0m Duration:          5s
[0;32m[INFO][0m Starting 3-node etcd cluster...
[0;32m[INFO][0m   etcd0 (127.0.0.1:2379) PID=9
[0;32m[INFO][0m   etcd1 (127.0.0.2:2379) PID=12
[0;32m[INFO][0m   etcd2 (127.0.0.3:2379) PID=23
[0;32m[INFO][0m etcd cluster is ready (3/3 nodes healthy)
[0;32m[INFO][0m Verifying etcd read/write at http://127.0.0.1:2379 ...
[0;32m[INFO][0m etcd read/write verification passed
[0;32m[INFO][0m Setting up network latency: 20ms +/- 0ms on lo
[0;32m[INFO][0m   127.0.0.2: 20ms +/- 0ms delay
[0;32m[INFO][0m   127.0.0.3: 20ms +/- 0ms delay
[0;32m[INFO][0m   127.0.0.4: 20ms +/- 0ms delay
[0;32m[INFO][0m   127.0.0.5: 20ms +/- 0ms delay
[0;32m[INFO][0m Latency simulation active
[0;32m[INFO][0m Starting process h1
[0;32m[INFO][0m Starting process h2
[0;32m[INFO][0m Starting process h3
[0;32m[INFO][0m Starting process h4
[0;32m[INFO][0m Starting process h5
[0;32m[INFO][0m Waiting for 5 processes to complete (timeout: 65s)...
[0;32m[INFO][0m --- Benchmark Results ---
[0;32m[INFO][0m   h1: I [../src/deptran/s_main.cc:893] 2026-03-18 11:45:54.020 | All-efficient-attempts           statistics   count        1   0pct    30.44  50pct    30.44  90pct    30.44  99pct    30.44    ave    30.44
[0;32m[INFO][0m   h1: I [../src/deptran/s_main.cc:901] 2026-03-18 11:45:54.021 | All-efficient-attempts           distribution     30.44    30.44    30.44    30.44    30.44    30.44    30.44    30.44    30.44    30.44    30.44
[0;32m[INFO][0m   h1: I [../src/deptran/s_main.cc:904] 2026-03-18 11:45:54.021 | Mid throughput is 0.60
[0;32m[INFO][0m   h1: I [../src/deptran/s_main.cc:905] 2026-03-18 11:45:54.021 | Fastpath statistics attempted 0 successed 0 rate(pct) -nan efficient_successed 0 efficient_rate(pct) -nan
[0;32m[INFO][0m   h1: I [../src/deptran/s_main.cc:919] 2026-03-18 11:45:54.021 | Cpu-usage-leaders ave -1.0000 count 0
[0;32m[INFO][0m   h1: I [../src/deptran/s_main.cc:931] 2026-03-18 11:45:54.021 | Queue-depth ave 1.0000 count 1
[0;32m[INFO][0m   h2: I [../src/deptran/s_main.cc:893] 2026-03-18 11:45:53.060 | All-efficient-attempts           statistics   count        0   0pct    -1.00  50pct    -1.00  90pct    -1.00  99pct    -1.00    ave    -1.00
[0;32m[INFO][0m   h2: I [../src/deptran/s_main.cc:901] 2026-03-18 11:45:53.061 | All-efficient-attempts           distribution     -1.00    -1.00    -1.00    -1.00    -1.00    -1.00    -1.00    -1.00    -1.00    -1.00    -1.00
[0;32m[INFO][0m   h2: I [../src/deptran/s_main.cc:904] 2026-03-18 11:45:53.061 | Mid throughput is 0.00
[0;32m[INFO][0m   h2: I [../src/deptran/s_main.cc:905] 2026-03-18 11:45:53.061 | Fastpath statistics attempted 0 successed 0 rate(pct) -nan efficient_successed 0 efficient_rate(pct) -nan
[0;32m[INFO][0m   h2: I [../src/deptran/s_main.cc:919] 2026-03-18 11:45:53.061 | Cpu-usage-leaders ave -1.0000 count 0
[0;32m[INFO][0m   h2: I [../src/deptran/s_main.cc:931] 2026-03-18 11:45:53.061 | Queue-depth ave 0.0000 count 1
[0;32m[INFO][0m   h3: I [../src/deptran/s_main.cc:893] 2026-03-18 11:45:53.079 | All-efficient-attempts           statistics   count        1   0pct    74.06  50pct    74.06  90pct    74.06  99pct    74.06    ave    74.06
[0;32m[INFO][0m   h3: I [../src/deptran/s_main.cc:901] 2026-03-18 11:45:53.079 | All-efficient-attempts           distribution     74.06    74.06    74.06    74.06    74.06    74.06    74.06    74.06    74.06    74.06    74.06
[0;32m[INFO][0m   h3: I [../src/deptran/s_main.cc:904] 2026-03-18 11:45:53.079 | Mid throughput is 0.60
[0;32m[INFO][0m   h3: I [../src/deptran/s_main.cc:905] 2026-03-18 11:45:53.079 | Fastpath statistics attempted 0 successed 0 rate(pct) -nan efficient_successed 0 efficient_rate(pct) -nan
[0;32m[INFO][0m   h3: I [../src/deptran/s_main.cc:919] 2026-03-18 11:45:53.079 | Cpu-usage-leaders ave -1.0000 count 0
[0;32m[INFO][0m   h3: I [../src/deptran/s_main.cc:931] 2026-03-18 11:45:53.079 | Queue-depth ave 0.0000 count 1
[0;32m[INFO][0m   h4: I [../src/deptran/s_main.cc:893] 2026-03-18 11:45:53.061 | All-efficient-attempts           statistics   count        1   0pct    70.29  50pct    70.29  90pct    70.29  99pct    70.29    ave    70.29
[0;32m[INFO][0m   h4: I [../src/deptran/s_main.cc:901] 2026-03-18 11:45:53.061 | All-efficient-attempts           distribution     70.29    70.29    70.29    70.29    70.29    70.29    70.29    70.29    70.29    70.29    70.29
[0;32m[INFO][0m   h4: I [../src/deptran/s_main.cc:904] 2026-03-18 11:45:53.061 | Mid throughput is 0.60
[0;32m[INFO][0m   h4: I [../src/deptran/s_main.cc:905] 2026-03-18 11:45:53.062 | Fastpath statistics attempted 0 successed 0 rate(pct) -nan efficient_successed 0 efficient_rate(pct) -nan
[0;32m[INFO][0m   h4: I [../src/deptran/s_main.cc:919] 2026-03-18 11:45:53.062 | Cpu-usage-leaders ave -1.0000 count 0
[0;32m[INFO][0m   h4: I [../src/deptran/s_main.cc:931] 2026-03-18 11:45:53.062 | Queue-depth ave 0.0000 count 1
[0;32m[INFO][0m   h5: I [../src/deptran/s_main.cc:893] 2026-03-18 11:45:53.074 | All-efficient-attempts           statistics   count        1   0pct    70.62  50pct    70.62  90pct    70.62  99pct    70.62    ave    70.62
[0;32m[INFO][0m   h5: I [../src/deptran/s_main.cc:901] 2026-03-18 11:45:53.074 | All-efficient-attempts           distribution     70.62    70.62    70.62    70.62    70.62    70.62    70.62    70.62    70.62    70.62    70.62
[0;32m[INFO][0m   h5: I [../src/deptran/s_main.cc:904] 2026-03-18 11:45:53.074 | Mid throughput is 0.60
[0;32m[INFO][0m   h5: I [../src/deptran/s_main.cc:905] 2026-03-18 11:45:53.074 | Fastpath statistics attempted 0 successed 0 rate(pct) -nan efficient_successed 0 efficient_rate(pct) -nan
[0;32m[INFO][0m   h5: I [../src/deptran/s_main.cc:919] 2026-03-18 11:45:53.074 | Cpu-usage-leaders ave -1.0000 count 0
[0;32m[INFO][0m   h5: I [../src/deptran/s_main.cc:931] 2026-03-18 11:45:53.074 | Queue-depth ave 0.0000 count 1
[0;32m[INFO][0m === Benchmark PASSED ===
[0;32m[INFO][0m Cleaning up...
